[gaps] 36 unique cell-seed tasks (c9), 5 workers -> /home/ziheng/PaperY3/fm-hitl/results/y3_p5/gaps
  [1/36] c9 u100 b1.00 rho0.25 eps0.00 s303 | rule=3645 m0=2096 m0+sup=1898 rule+sup=2693 or=1815 | r=0.41 sign=0.69 trov=1767  (41s wall 41s)
  [2/36] c9 u100 b1.00 rho0.25 eps0.00 s302 | rule=3645 m0=2001 m0+sup=1860 rule+sup=2693 or=1815 | r=0.39 sign=0.73 trov=1800  (42s wall 42s)
  [3/36] c9 u100 b1.00 rho0.25 eps0.00 s304 | rule=3645 m0=1981 m0+sup=1829 rule+sup=2693 or=1815 | r=0.43 sign=0.77 trov=1569  (43s wall 43s)
  [4/36] c9 u100 b1.00 rho0.25 eps0.00 s305 | rule=3645 m0=2038 m0+sup=1893 rule+sup=2693 or=1815 | r=0.40 sign=0.75 trov=1577  (44s wall 44s)
  [5/36] c9 u100 b1.00 rho0.25 eps0.00 s301 | rule=3645 m0=1998 m0+sup=1831 rule+sup=2693 or=1815 | r=0.32 sign=0.57 trov=1642  (46s wall 46s)
  [6/36] c9 u100 b1.00 rho0.25 eps0.10 s301 | rule=3645 m0=2020 m0+sup=1820 rule+sup=2759 or=1815 | r=0.46 sign=0.68 trov=4215  (43s wall 85s)
  [7/36] c9 u100 b1.00 rho0.25 eps0.10 s302 | rule=3645 m0=2016 m0+sup=1849 rule+sup=2791 or=1815 | r=0.54 sign=0.87 trov=3962  (45s wall 87s)
  [8/36] c9 u100 b1.00 rho0.25 eps0.10 s304 | rule=3645 m0=1966 m0+sup=1814 rule+sup=2810 or=1815 | r=0.48 sign=0.77 trov=3856  (45s wall 89s)
  [9/36] c9 u100 b1.00 rho0.25 eps0.10 s303 | rule=3645 m0=1958 m0+sup=1844 rule+sup=2773 or=1815 | r=0.47 sign=0.75 trov=3861  (49s wall 92s)
  [10/36] c9 u100 b1.00 rho0.25 eps0.10 s305 | rule=3645 m0=1827 m0+sup=1791 rule+sup=2804 or=1815 | r=0.53 sign=0.69 trov=4106  (49s wall 95s)
  [11/36] c9 u100 b1.00 rho0.25 eps0.25 s302 | rule=3645 m0=1908 m0+sup=1833 rule+sup=2877 or=1815 | r=0.54 sign=0.73 trov=7952  (44s wall 131s)
  [12/36] c9 u100 b1.00 rho0.25 eps0.25 s301 | rule=3645 m0=1994 m0+sup=1904 rule+sup=2840 or=1815 | r=0.57 sign=0.80 trov=7492  (56s wall 141s)
  [13/36] c9 u100 b1.00 rho0.25 eps0.25 s303 | rule=3645 m0=1984 m0+sup=1835 rule+sup=2831 or=1815 | r=0.60 sign=0.80 trov=7733  (53s wall 142s)
  [14/36] c9 u100 b1.00 rho0.25 eps0.25 s305 | rule=3645 m0=1981 m0+sup=1925 rule+sup=2847 or=1815 | r=0.55 sign=0.70 trov=7698  (48s wall 143s)
  [15/36] c9 u100 b1.00 rho0.25 eps0.25 s304 | rule=3645 m0=1927 m0+sup=1874 rule+sup=2904 or=1815 | r=0.53 sign=0.81 trov=7406  (63s wall 155s)
  [16/36] c9 u90 b1.00 rho0.25 eps0.00 s301 | rule=1752 m0=1444 m0+sup=1432 rule+sup=1619 or=1432 | r=0.29 sign=0.72 trov=819  (27s wall 159s)
  [17/36] c9 u90 b1.00 rho0.25 eps0.00 s303 | rule=1752 m0=1426 m0+sup=1412 rule+sup=1619 or=1432 | r=0.28 sign=0.70 trov=736  (26s wall 168s)
  [18/36] c9 u90 b1.00 rho0.25 eps0.25 s301 | rule=1752 m0=1446 m0+sup=1437 rule+sup=1616 or=1432 | r=0.43 sign=0.65 trov=5384  (30s wall 173s)
  [19/36] c9 u90 b1.00 rho0.25 eps0.00 s302 | rule=1752 m0=1426 m0+sup=1421 rule+sup=1619 or=1432 | r=0.28 sign=0.55 trov=702  (35s wall 176s)
  [20/36] c9 u90 b1.00 rho0.25 eps0.25 s303 | rule=1752 m0=1438 m0+sup=1438 rule+sup=1663 or=1432 | r=0.51 sign=0.83 trov=5269  (28s wall 186s)
  [21/36] c9 u90 b1.00 rho0.25 eps0.25 s302 | rule=1752 m0=1444 m0+sup=1425 rule+sup=1618 or=1432 | r=0.48 sign=0.60 trov=5335  (39s wall 193s)
  [22/36] c9 u100 b1.00 rho0.05 eps0.00 s301 | rule=3645 m0=1910 m0+sup=1874 rule+sup=3400 or=1815 | r=0.51 sign=0.68 trov=659  (34s wall 203s)
  [23/36] c9 u100 b1.00 rho0.05 eps0.00 s302 | rule=3645 m0=1818 m0+sup=1811 rule+sup=3400 or=1815 | r=0.50 sign=0.65 trov=790  (34s wall 207s)
  [24/36] c9 u100 b1.00 rho0.05 eps0.00 s303 | rule=3645 m0=2004 m0+sup=1927 rule+sup=3400 or=1815 | r=0.47 sign=0.65 trov=770  (38s wall 214s)
  [25/36] c9 u100 b1.00 rho0.05 eps0.00 s304 | rule=3645 m0=1890 m0+sup=1844 rule+sup=3400 or=1815 | r=0.54 sign=0.82 trov=888  (39s wall 225s)
  [26/36] c9 u100 b1.00 rho0.10 eps0.00 s301 | rule=3645 m0=1875 m0+sup=1837 rule+sup=3116 or=1815 | r=0.42 sign=0.71 trov=1147  (36s wall 239s)
  [27/36] c9 u100 b1.00 rho0.05 eps0.00 s305 | rule=3645 m0=1925 m0+sup=1886 rule+sup=3400 or=1815 | r=0.53 sign=0.68 trov=718  (49s wall 242s)
  [28/36] c9 u100 b1.00 rho0.10 eps0.00 s302 | rule=3645 m0=1852 m0+sup=1838 rule+sup=3116 or=1815 | r=0.51 sign=0.82 trov=1103  (38s wall 245s)
  [29/36] c9 u100 b1.00 rho0.10 eps0.00 s303 | rule=3645 m0=2082 m0+sup=1957 rule+sup=3116 or=1815 | r=0.48 sign=0.66 trov=1041  (36s wall 250s)
  [30/36] c9 u100 b1.00 rho0.10 eps0.00 s304 | rule=3645 m0=1931 m0+sup=1858 rule+sup=3116 or=1815 | r=0.46 sign=0.66 trov=989  (42s wall 267s)
  [31/36] c9 u100 b1.00 rho0.10 eps0.00 s305 | rule=3645 m0=1923 m0+sup=1888 rule+sup=3116 or=1815 | r=0.45 sign=0.76 trov=1052  (36s wall 274s)
  [32/36] c9 u100 b1.00 rho0.50 eps0.00 s302 | rule=3645 m0=1940 m0+sup=1803 rule+sup=2403 or=1815 | r=0.40 sign=0.72 trov=1975  (54s wall 299s)
  [33/36] c9 u100 b1.00 rho0.50 eps0.00 s303 | rule=3645 m0=2064 m0+sup=1837 rule+sup=2403 or=1815 | r=0.32 sign=0.74 trov=2146  (50s wall 301s)
  [34/36] c9 u100 b1.00 rho0.50 eps0.00 s301 | rule=3645 m0=1871 m0+sup=1795 rule+sup=2403 or=1815 | r=0.42 sign=0.77 trov=2111  (69s wall 310s)
  [35/36] c9 u100 b1.00 rho0.50 eps0.00 s305 | rule=3645 m0=1835 m0+sup=1802 rule+sup=2403 or=1815 | r=0.36 sign=0.76 trov=2187  (48s wall 322s)
  [36/36] c9 u100 b1.00 rho0.50 eps0.00 s304 | rule=3645 m0=1920 m0+sup=1790 rule+sup=2403 or=1815 | r=0.41 sign=0.64 trov=2381  (58s wall 325s)

[gaps] reproduction: 13 eps=0 cells, max abs TWT* diff = 0.000e+00
[gaps] eps verdict: graceful (M0 all-sig vs RULE=True; worst-eps M0 TWT* change -3.2%)
[gaps] rho verdict: smallest rho M0>RULE=0.05 ; M0>RULE&RULE+SUP=0.05
[gaps] wrote eps_sweep.csv, rho_curve.csv, summary.json, notes/gaps_eps_rho.md
