[gaps] eps=0 label identity (executed==preferred): True (41 overrides, 466 examples)
[gaps] part=eps: 34 tasks (c9), 5 workers -> /home/ziheng/PaperY3/fm-hitl/results/y3_p5/gaps
  [1/34] u100 rho0.25 eps0.00 executed  s303 | rule=3645 m0=2096 m0+sup=1898 rule+sup=2693 | r=0.41 sign=0.69 trov=1767  (40s wall 40s)
  [2/34] u100 rho0.25 eps0.00 executed  s302 | rule=3645 m0=2001 m0+sup=1860 rule+sup=2693 | r=0.39 sign=0.73 trov=1800  (47s wall 47s)
  [3/34] u100 rho0.25 eps0.00 executed  s305 | rule=3645 m0=2038 m0+sup=1893 rule+sup=2693 | r=0.40 sign=0.75 trov=1577  (50s wall 50s)
  [4/34] u100 rho0.25 eps0.00 executed  s301 | rule=3645 m0=1998 m0+sup=1831 rule+sup=2693 | r=0.32 sign=0.57 trov=1642  (53s wall 53s)
  [5/34] u100 rho0.25 eps0.00 executed  s304 | rule=3645 m0=1981 m0+sup=1829 rule+sup=2693 | r=0.43 sign=0.77 trov=1569  (53s wall 53s)
  [6/34] u90 rho0.25 eps0.00 executed  s301 | rule=1752 m0=1444 m0+sup=1432 rule+sup=1619 | r=0.29 sign=0.72 trov=819  (30s wall 70s)
  [7/34] u90 rho0.25 eps0.00 executed  s303 | rule=1752 m0=1426 m0+sup=1412 rule+sup=1619 | r=0.28 sign=0.70 trov=736  (26s wall 76s)
  [8/34] u90 rho0.25 eps0.00 executed  s302 | rule=1752 m0=1426 m0+sup=1421 rule+sup=1619 | r=0.28 sign=0.55 trov=702  (33s wall 80s)
  [9/34] u100 rho0.25 eps0.10 executed  s301 | rule=3645 m0=2105 m0+sup=1969 rule+sup=2759 | r=0.42 sign=0.75 trov=4891  (54s wall 107s)
  [10/34] u100 rho0.25 eps0.10 executed  s302 | rule=3645 m0=2016 m0+sup=1870 rule+sup=2791 | r=0.38 sign=0.70 trov=4720  (58s wall 111s)
  [11/34] u100 rho0.25 eps0.10 executed  s303 | rule=3645 m0=2187 m0+sup=1931 rule+sup=2773 | r=0.38 sign=0.76 trov=4569  (50s wall 120s)
  [12/34] u100 rho0.25 eps0.10 executed  s304 | rule=3645 m0=2145 m0+sup=1960 rule+sup=2810 | r=0.38 sign=0.67 trov=4617  (50s wall 126s)
  [13/34] u100 rho0.25 eps0.10 executed  s305 | rule=3645 m0=1957 m0+sup=1890 rule+sup=2804 | r=0.35 sign=0.66 trov=4760  (62s wall 142s)
  [14/34] u100 rho0.25 eps0.25 executed  s301 | rule=3645 m0=2558 m0+sup=2332 rule+sup=2840 | r=0.26 sign=0.70 trov=8478  (48s wall 155s)
  [15/34] u100 rho0.25 eps0.25 executed  s303 | rule=3645 m0=2425 m0+sup=2097 rule+sup=2831 | r=0.31 sign=0.72 trov=9048  (45s wall 165s)
  [16/34] u100 rho0.25 eps0.25 executed  s302 | rule=3645 m0=2059 m0+sup=1943 rule+sup=2877 | r=0.34 sign=0.70 trov=9394  (61s wall 171s)
  [17/34] u100 rho0.25 eps0.25 executed  s304 | rule=3645 m0=2901 m0+sup=2405 rule+sup=2904 | r=0.27 sign=0.73 trov=8444  (53s wall 180s)
  [18/34] u90 rho0.25 eps0.25 executed  s301 | rule=1752 m0=1545 m0+sup=1446 rule+sup=1616 | r=0.18 sign=0.66 trov=5881  (35s wall 190s)
  [19/34] u100 rho0.25 eps0.25 executed  s305 | rule=3645 m0=2088 m0+sup=1936 rule+sup=2847 | r=0.39 sign=0.74 trov=8979  (51s wall 193s)
  [20/34] u90 rho0.25 eps0.25 executed  s302 | rule=1752 m0=1548 m0+sup=1509 rule+sup=1618 | r=0.16 sign=0.52 trov=5953  (31s wall 196s)
  [21/34] u90 rho0.25 eps0.25 executed  s303 | rule=1752 m0=1595 m0+sup=1503 rule+sup=1663 | r=0.18 sign=0.55 trov=5783  (32s wall 204s)
  [22/34] u100 rho0.25 eps0.10 preferred s301 | rule=3645 m0=2020 m0+sup=1820 rule+sup=2759 | r=0.46 sign=0.68 trov=4215  (40s wall 220s)
  [23/34] u100 rho0.25 eps0.10 preferred s303 | rule=3645 m0=1958 m0+sup=1844 rule+sup=2773 | r=0.47 sign=0.75 trov=3861  (46s wall 239s)
  [24/34] u100 rho0.25 eps0.10 preferred s302 | rule=3645 m0=2016 m0+sup=1849 rule+sup=2791 | r=0.54 sign=0.87 trov=3962  (59s wall 248s)
  [25/34] u100 rho0.25 eps0.10 preferred s304 | rule=3645 m0=1966 m0+sup=1814 rule+sup=2810 | r=0.48 sign=0.77 trov=3856  (58s wall 254s)
  [26/34] u100 rho0.25 eps0.10 preferred s305 | rule=3645 m0=1827 m0+sup=1791 rule+sup=2804 | r=0.53 sign=0.69 trov=4106  (51s wall 255s)
  [27/34] u100 rho0.25 eps0.25 preferred s301 | rule=3645 m0=1994 m0+sup=1904 rule+sup=2840 | r=0.57 sign=0.80 trov=7492  (58s wall 277s)
  [28/34] u100 rho0.25 eps0.25 preferred s302 | rule=3645 m0=1908 m0+sup=1833 rule+sup=2877 | r=0.54 sign=0.73 trov=7952  (50s wall 289s)
  [29/34] u100 rho0.25 eps0.25 preferred s303 | rule=3645 m0=1984 m0+sup=1835 rule+sup=2831 | r=0.60 sign=0.80 trov=7733  (51s wall 299s)
  [30/34] u100 rho0.25 eps0.25 preferred s305 | rule=3645 m0=1981 m0+sup=1925 rule+sup=2847 | r=0.55 sign=0.70 trov=7698  (46s wall 301s)
  [31/34] u100 rho0.25 eps0.25 preferred s304 | rule=3645 m0=1927 m0+sup=1874 rule+sup=2904 | r=0.53 sign=0.81 trov=7406  (49s wall 304s)
  [32/34] u90 rho0.25 eps0.25 preferred s301 | rule=1752 m0=1446 m0+sup=1437 rule+sup=1616 | r=0.43 sign=0.65 trov=5384  (28s wall 305s)
  [33/34] u90 rho0.25 eps0.25 preferred s302 | rule=1752 m0=1444 m0+sup=1425 rule+sup=1618 | r=0.48 sign=0.60 trov=5335  (34s wall 323s)
  [34/34] u90 rho0.25 eps0.25 preferred s303 | rule=1752 m0=1438 m0+sup=1438 rule+sup=1663 | r=0.51 sign=0.83 trov=5269  (27s wall 326s)

[gaps] reproduction: 8 eps=0 executed cells, max abs TWT* diff = 0.000e+00
[gaps] EPS (executed/honest) M0 vs RULE: eps0.00 +44.5%(p=0.00195), eps0.10 +42.9%(p=0.00195), eps0.25 +34.0%(p=0.00195)
[gaps] EPS (executed) recovery r: eps0.00 r=0.390, eps0.10 r=0.383, eps0.25 r=0.314
[gaps] EPS (preferred upper bound) recovery r: eps0.10 r=0.497, eps0.25 r=0.558
[gaps] EPS verdict (executed labels): degrades_but_beats_rule (all-sig vs RULE=True; worst-eps M0 TWT* change +19.0%)
[gaps] wrote eps_sweep.csv, summary.json, notes/gaps_eps_rho.md (rho preserved)
GAPS_EXIT=0 (from pane; run OK)
