[alpha] 18 cell-seed tasks, 8 workers -> /home/ziheng/PaperY3/fm-hitl/results/y3_w1/alpha.csv
  [alpha 1/18] stability    c9 b1.00 r0.25 a0.10 s301 | rule=3645 m0=1866 m0sup=1829 gain=48.80% | rev=0.247 und=0.817 cov=0.822 q=0.364 CACHED (41s, wall 0s)
  [alpha 2/18] stability    c9 b1.00 r0.25 a0.10 s302 | rule=3645 m0=1907 m0sup=1854 gain=47.67% | rev=0.246 und=0.817 cov=0.822 q=0.321 CACHED (48s, wall 0s)
  [alpha 3/18] stability    c9 b1.00 r0.25 a0.10 s303 | rule=3645 m0=1880 m0sup=1850 gain=48.41% | rev=0.245 und=0.809 cov=0.823 q=0.269 CACHED (52s, wall 0s)
  [alpha 4/18] stability    c9 b1.00 r0.25 a0.30 s301 | rule=3645 m0=2087 m0sup=1892 gain=42.73% | rev=0.158 und=0.185 cov=0.886 q=0.011  (44s, wall 44s)
  [alpha 5/18] stability    c9 b1.00 r0.25 a0.30 s302 | rule=3645 m0=1848 m0sup=1810 gain=49.30% | rev=0.244 und=0.611 cov=0.823 q=0.053  (45s, wall 45s)
  [alpha 6/18] stability    c9 b1.00 r0.25 a0.05 s303 | rule=3645 m0=1919 m0sup=1825 gain=47.34% | rev=0.246 und=0.861 cov=0.822 q=0.580  (45s, wall 45s)
  [alpha 7/18] stability    c9 b1.00 r0.25 a0.20 s302 | rule=3645 m0=1855 m0sup=1808 gain=49.12% | rev=0.244 und=0.604 cov=0.823 q=0.065  (46s, wall 46s)
  [alpha 8/18] stability    c9 b1.00 r0.25 a0.05 s301 | rule=3645 m0=1939 m0sup=1859 gain=46.80% | rev=0.245 und=0.846 cov=0.823 q=0.520  (48s, wall 48s)
  [alpha 9/18] stability    c9 b1.00 r0.25 a0.20 s301 | rule=3645 m0=1814 m0sup=1802 gain=50.22% | rev=0.246 und=0.606 cov=0.822 q=0.054  (51s, wall 51s)
  [alpha 10/18] stability    c9 b1.00 r0.25 a0.05 s302 | rule=3645 m0=1939 m0sup=1838 gain=46.80% | rev=0.245 und=0.854 cov=0.822 q=0.540  (51s, wall 51s)
  [alpha 11/18] stability    c9 b1.00 r0.25 a0.20 s303 | rule=3645 m0=1908 m0sup=1824 gain=47.65% | rev=0.244 und=0.567 cov=0.824 q=0.042  (57s, wall 57s)
  [alpha 12/18] stability    c9 b1.00 r0.25 a0.50 s301 | rule=3645 m0=2036 m0sup=1940 gain=44.14% | rev=0.057 und=0.060 cov=0.959 q=0.002  (44s, wall 88s)
  [alpha 13/18] stability    c9 b1.00 r0.25 a0.50 s302 | rule=3645 m0=2146 m0sup=1948 gain=41.12% | rev=0.239 und=0.469 cov=0.827 q=0.018  (47s, wall 92s)
  [alpha 14/18] stability    c9 b1.00 r0.25 a0.50 s303 | rule=3645 m0=1995 m0sup=1913 gain=45.27% | rev=0.241 und=0.462 cov=0.826 q=0.017  (47s, wall 93s)
  [alpha 15/18] stability_norm c9 b1.00 r0.25 a0.10 s301 | rule=3645 m0=1794 m0sup=1796 gain=50.77% | rev=0.247 und=0.811 cov=0.822 q=0.937  (45s, wall 93s)
  [alpha 16/18] stability    c9 b1.00 r0.25 a0.30 s303 | rule=3645 m0=2236 m0sup=1903 gain=38.65% | rev=0.245 und=0.549 cov=0.823 q=0.057  (52s, wall 96s)
  [alpha 17/18] stability_norm c9 b1.00 r0.25 a0.10 s302 | rule=3645 m0=1893 m0sup=1828 gain=48.06% | rev=0.245 und=0.814 cov=0.822 q=1.007  (46s, wall 97s)
  [alpha 18/18] stability_norm c9 b1.00 r0.25 a0.10 s303 | rule=3645 m0=1834 m0sup=1805 gain=49.67% | rev=0.247 und=0.811 cov=0.821 q=0.991  (46s, wall 97s)
[dump] wrote /home/ziheng/PaperY3/fm-hitl/results/y3_w1/alpha_records.json (18 records)
[y3_w1] part=alpha complete.
