[curve] 45 cell-seed tasks, 8 workers -> /home/ziheng/PaperY3/fm-hitl/results/y3_w1/curve.csv
  [curve 1/45] targeted     c9 b1.00 r0.02 a0.10 s302 | rule=3645 m0=2029 m0sup=1972 gain=44.34% | rev=0.020 und=nan cov=0.986 q=0.707  (35s, wall 35s)
  [curve 2/45] stability    c9 b1.00 r0.02 a0.10 s301 | rule=3645 m0=2357 m0sup=2321 gain=35.34% | rev=0.020 und=0.858 cov=0.986 q=0.600  (39s, wall 39s)
  [curve 3/45] stability    c9 b1.00 r0.05 a0.10 s301 | rule=3645 m0=1998 m0sup=1958 gain=45.18% | rev=0.049 und=0.858 cov=0.964 q=0.556  (39s, wall 39s)
  [curve 4/45] stability    c9 b1.00 r0.02 a0.10 s302 | rule=3645 m0=2259 m0sup=2219 gain=38.04% | rev=0.020 und=0.872 cov=0.986 q=0.703  (39s, wall 39s)
  [curve 5/45] targeted     c9 b1.00 r0.02 a0.10 s303 | rule=3645 m0=1957 m0sup=1934 gain=46.31% | rev=0.020 und=nan cov=0.985 q=0.639  (39s, wall 39s)
  [curve 6/45] stability    c9 b1.00 r0.02 a0.10 s303 | rule=3645 m0=2010 m0sup=1999 gain=44.84% | rev=0.019 und=0.871 cov=0.986 q=0.693  (39s, wall 40s)
  [curve 7/45] targeted     c9 b1.00 r0.05 a0.10 s301 | rule=3645 m0=1885 m0sup=1833 gain=48.29% | rev=0.050 und=nan cov=0.964 q=0.618  (44s, wall 44s)
  [curve 8/45] targeted     c9 b1.00 r0.02 a0.10 s301 | rule=3645 m0=2018 m0sup=1957 gain=44.63% | rev=0.020 und=nan cov=0.985 q=0.647  (44s, wall 44s)
  [curve 9/45] targeted     c9 b1.00 r0.05 a0.10 s302 | rule=3645 m0=2087 m0sup=1928 gain=42.75% | rev=0.050 und=nan cov=0.964 q=0.613  (36s, wall 75s)
  [curve 10/45] stability    c9 b1.00 r0.05 a0.10 s302 | rule=3645 m0=2060 m0sup=1915 gain=43.47% | rev=0.049 und=0.856 cov=0.965 q=0.577  (41s, wall 76s)
  [curve 11/45] targeted     c9 b1.00 r0.05 a0.10 s303 | rule=3645 m0=2003 m0sup=1942 gain=45.05% | rev=0.050 und=nan cov=0.964 q=0.620  (42s, wall 81s)
  [curve 12/45] stability    c9 b1.00 r0.25 a0.10 s301 | rule=3645 m0=1866 m0sup=1829 gain=48.80% | rev=0.247 und=0.817 cov=0.822 q=0.364 CACHED (41s, wall 81s)
  [curve 13/45] targeted     c9 b1.00 r0.25 a0.10 s301 | rule=3645 m0=1923 m0sup=1842 gain=47.23% | rev=0.248 und=nan cov=0.821 q=0.388 CACHED (38s, wall 81s)
  [curve 14/45] stability    c9 b1.00 r0.25 a0.10 s302 | rule=3645 m0=1907 m0sup=1854 gain=47.67% | rev=0.246 und=0.817 cov=0.822 q=0.321 CACHED (48s, wall 81s)
  [curve 15/45] targeted     c9 b1.00 r0.25 a0.10 s302 | rule=3645 m0=1972 m0sup=1867 gain=45.89% | rev=0.248 und=nan cov=0.821 q=0.358 CACHED (40s, wall 81s)
  [curve 16/45] stability    c9 b1.00 r0.25 a0.10 s303 | rule=3645 m0=1880 m0sup=1850 gain=48.41% | rev=0.245 und=0.809 cov=0.823 q=0.269 CACHED (52s, wall 81s)
  [curve 17/45] targeted     c9 b1.00 r0.25 a0.10 s303 | rule=3645 m0=1970 m0sup=1832 gain=45.96% | rev=0.248 und=nan cov=0.821 q=0.424 CACHED (39s, wall 81s)
  [curve 18/45] stability    c9 b1.00 r0.50 a0.10 s301 | rule=3645 m0=1835 m0sup=1804 gain=49.65% | rev=0.494 und=0.811 cov=0.642 q=0.269 CACHED (64s, wall 81s)
  [curve 19/45] targeted     c9 b1.00 r0.50 a0.10 s301 | rule=3645 m0=2118 m0sup=1837 gain=41.90% | rev=0.494 und=nan cov=0.643 q=0.298 CACHED (49s, wall 81s)
  [curve 20/45] stability    c9 b1.00 r0.50 a0.10 s302 | rule=3645 m0=1915 m0sup=1825 gain=47.47% | rev=0.493 und=0.801 cov=0.644 q=0.217 CACHED (56s, wall 81s)
  [curve 21/45] targeted     c9 b1.00 r0.50 a0.10 s302 | rule=3645 m0=1920 m0sup=1808 gain=47.31% | rev=0.492 und=nan cov=0.644 q=0.293 CACHED (51s, wall 81s)
  [curve 22/45] stability    c9 b1.00 r0.50 a0.10 s303 | rule=3645 m0=2045 m0sup=1824 gain=43.90% | rev=0.494 und=0.805 cov=0.643 q=0.247 CACHED (59s, wall 81s)
  [curve 23/45] targeted     c9 b1.00 r0.50 a0.10 s303 | rule=3645 m0=1947 m0sup=1861 gain=46.58% | rev=0.496 und=nan cov=0.641 q=0.370 CACHED (59s, wall 81s)
  [curve 24/45] targeted     c9 b1.00 r0.10 a0.10 s302 | rule=3645 m0=2063 m0sup=1910 gain=43.40% | rev=0.099 und=nan cov=0.928 q=0.551  (38s, wall 82s)
  [curve 25/45] stability    c9 b1.00 r0.05 a0.10 s303 | rule=3645 m0=1896 m0sup=1879 gain=47.98% | rev=0.049 und=0.855 cov=0.965 q=0.524  (44s, wall 83s)
  [curve 26/45] stability    c9 b1.00 r0.10 a0.10 s302 | rule=3645 m0=1858 m0sup=1831 gain=49.03% | rev=0.097 und=0.838 cov=0.929 q=0.449  (40s, wall 84s)
  [curve 27/45] stability    c9 b1.00 r0.10 a0.10 s301 | rule=3645 m0=1947 m0sup=1895 gain=46.57% | rev=0.097 und=0.841 cov=0.930 q=0.513  (51s, wall 91s)
  [curve 28/45] targeted     c9 b1.00 r0.10 a0.10 s301 | rule=3645 m0=1957 m0sup=1864 gain=46.31% | rev=0.099 und=nan cov=0.928 q=0.590  (52s, wall 91s)
  [curve 29/45] stability    c9 b1.00 r0.10 a0.10 s303 | rule=3645 m0=1942 m0sup=1887 gain=46.73% | rev=0.097 und=0.837 cov=0.930 q=0.460  (40s, wall 115s)
  [curve 30/45] targeted     c9 b1.00 r0.10 a0.10 s303 | rule=3645 m0=1840 m0sup=1804 gain=49.52% | rev=0.099 und=nan cov=0.928 q=0.512  (39s, wall 115s)
  [curve 31/45] stability    c10 b1.00 r0.02 a0.10 s302 | rule=8284 m0=2821 m0sup=2615 gain=65.94% | rev=0.020 und=0.948 cov=0.982 q=0.513  (607s, wall 689s)
  [curve 32/45] stability    c10 b1.00 r0.05 a0.10 s302 | rule=8284 m0=2865 m0sup=2612 gain=65.42% | rev=0.050 und=0.937 cov=0.956 q=0.495  (632s, wall 723s)
  [curve 33/45] stability    c10 b1.00 r0.05 a0.10 s301 | rule=8284 m0=2975 m0sup=2690 gain=64.09% | rev=0.050 und=0.924 cov=0.956 q=0.476  (645s, wall 729s)
  [curve 34/45] stability    c10 b1.00 r0.02 a0.10 s301 | rule=8284 m0=2696 m0sup=2566 gain=67.45% | rev=0.020 und=0.951 cov=0.982 q=0.531  (648s, wall 729s)
  [curve 35/45] stability    c10 b1.00 r0.05 a0.10 s303 | rule=8284 m0=2622 m0sup=2473 gain=68.35% | rev=0.050 und=0.946 cov=0.956 q=0.513  (645s, wall 736s)
  [curve 36/45] stability    c10 b1.00 r0.02 a0.10 s303 | rule=8284 m0=2554 m0sup=2489 gain=69.16% | rev=0.020 und=0.952 cov=0.982 q=0.550  (655s, wall 738s)
  [curve 37/45] stability    c10 b1.00 r0.10 a0.10 s301 | rule=8284 m0=2849 m0sup=2566 gain=65.61% | rev=0.100 und=0.890 cov=0.912 q=0.438  (639s, wall 754s)
  [curve 38/45] stability    c10 b1.00 r0.10 a0.10 s302 | rule=8284 m0=2903 m0sup=2658 gain=64.95% | rev=0.100 und=0.868 cov=0.912 q=0.361  (641s, wall 756s)
  [curve 39/45] stability    c10 b1.00 r0.10 a0.10 s303 | rule=8284 m0=2716 m0sup=2487 gain=67.21% | rev=0.100 und=0.913 cov=0.912 q=0.463  (611s, wall 1300s)
  [curve 40/45] stability    c10 b1.00 r0.25 a0.10 s303 | rule=8284 m0=2866 m0sup=2578 gain=65.40% | rev=0.250 und=0.851 cov=0.781 q=0.238  (636s, wall 1366s)
  [curve 41/45] stability    c10 b1.00 r0.25 a0.10 s302 | rule=8284 m0=3013 m0sup=2736 gain=63.62% | rev=0.250 und=0.842 cov=0.781 q=0.167  (637s, wall 1366s)
  [curve 42/45] stability    c10 b1.00 r0.25 a0.10 s301 | rule=8284 m0=2817 m0sup=2602 gain=65.99% | rev=0.249 und=0.850 cov=0.782 q=0.235  (653s, wall 1376s)
  [curve 43/45] stability    c10 b1.00 r0.50 a0.10 s301 | rule=8284 m0=2835 m0sup=2615 gain=65.78% | rev=0.500 und=0.844 cov=0.562 q=0.177  (669s, wall 1405s)
  [curve 44/45] stability    c10 b1.00 r0.50 a0.10 s303 | rule=8284 m0=2987 m0sup=2620 gain=63.94% | rev=0.499 und=0.834 cov=0.563 q=0.129  (664s, wall 1418s)
  [curve 45/45] stability    c10 b1.00 r0.50 a0.10 s302 | rule=8284 m0=2917 m0sup=2637 gain=64.79% | rev=0.500 und=0.819 cov=0.562 q=0.097  (681s, wall 1418s)
[dump] wrote /home/ziheng/PaperY3/fm-hitl/results/y3_w1/curve_records.json (45 records)
[y3_w1] part=curve complete.
