[grid] 160 cell-seed tasks, 8 workers -> /home/ziheng/PaperY3/fm-hitl/results/y3_w1/grid.csv
  [grid 1/160] stability    c9 b0.75 r0.25 a0.10 s308 | rule=1738 m0=1539 m0sup=1509 gain=11.45% | rev=0.246 und=0.793 cov=0.843 q=0.238  (29s, wall 29s)
  [grid 2/160] stability    c9 b0.75 r0.25 a0.10 s303 | rule=1738 m0=1549 m0sup=1528 gain=10.88% | rev=0.238 und=0.798 cov=0.849 q=0.253  (31s, wall 31s)
  [grid 3/160] stability    c9 b0.75 r0.25 a0.10 s302 | rule=1738 m0=1542 m0sup=1500 gain=11.28% | rev=0.245 und=0.811 cov=0.844 q=0.274  (31s, wall 31s)
  [grid 4/160] stability    c9 b0.75 r0.25 a0.10 s306 | rule=1738 m0=1529 m0sup=1505 gain=12.04% | rev=0.247 und=0.804 cov=0.843 q=0.220  (32s, wall 32s)
  [grid 5/160] stability    c9 b0.75 r0.25 a0.10 s301 | rule=1738 m0=1521 m0sup=1501 gain=12.45% | rev=0.247 und=0.806 cov=0.843 q=0.277  (32s, wall 33s)
  [grid 6/160] stability    c9 b0.75 r0.25 a0.10 s307 | rule=1738 m0=1533 m0sup=1504 gain=11.79% | rev=0.244 und=0.814 cov=0.845 q=0.230  (35s, wall 35s)
  [grid 7/160] stability    c9 b0.75 r0.25 a0.10 s305 | rule=1738 m0=1538 m0sup=1513 gain=11.52% | rev=0.240 und=0.807 cov=0.848 q=0.222  (35s, wall 35s)
  [grid 8/160] stability    c9 b0.75 r0.25 a0.10 s304 | rule=1738 m0=1535 m0sup=1512 gain=11.65% | rev=0.238 und=0.800 cov=0.848 q=0.268  (36s, wall 36s)
  [grid 9/160] stability    c9 b0.75 r0.25 a0.10 s309 | rule=1738 m0=1534 m0sup=1500 gain=11.72% | rev=0.246 und=0.803 cov=0.844 q=0.244  (31s, wall 60s)
  [grid 10/160] targeted     c9 b0.75 r0.25 a0.10 s303 | rule=1738 m0=1538 m0sup=1501 gain=11.48% | rev=0.248 und=nan cov=0.842 q=0.264  (29s, wall 62s)
  [grid 11/160] targeted     c9 b0.75 r0.25 a0.10 s301 | rule=1738 m0=1573 m0sup=1509 gain=9.48% | rev=0.249 und=nan cov=0.842 q=0.274  (31s, wall 62s)
  [grid 12/160] targeted     c9 b0.75 r0.25 a0.10 s304 | rule=1738 m0=1521 m0sup=1497 gain=12.45% | rev=0.249 und=nan cov=0.842 q=0.276  (28s, wall 63s)
  [grid 13/160] targeted     c9 b0.75 r0.25 a0.10 s305 | rule=1738 m0=1548 m0sup=1508 gain=10.90% | rev=0.249 und=nan cov=0.842 q=0.285  (28s, wall 63s)
  [grid 14/160] stability    c9 b0.75 r0.25 a0.10 s310 | rule=1738 m0=1508 m0sup=1492 gain=13.24% | rev=0.245 und=0.798 cov=0.844 q=0.238  (34s, wall 65s)
  [grid 15/160] targeted     c9 b0.75 r0.25 a0.10 s306 | rule=1738 m0=1556 m0sup=1517 gain=10.47% | rev=0.249 und=nan cov=0.842 q=0.285  (29s, wall 65s)
  [grid 16/160] targeted     c9 b0.75 r0.25 a0.10 s302 | rule=1738 m0=1538 m0sup=1498 gain=11.50% | rev=0.247 und=nan cov=0.843 q=0.250  (48s, wall 80s)
  [grid 17/160] targeted     c9 b0.75 r0.25 a0.10 s308 | rule=1738 m0=1517 m0sup=1492 gain=12.72% | rev=0.249 und=nan cov=0.842 q=0.228  (30s, wall 92s)
  [grid 18/160] targeted     c9 b0.75 r0.25 a0.10 s309 | rule=1738 m0=1524 m0sup=1495 gain=12.30% | rev=0.248 und=nan cov=0.842 q=0.351  (30s, wall 92s)
  [grid 19/160] targeted     c9 b0.75 r0.25 a0.10 s310 | rule=1738 m0=1541 m0sup=1487 gain=11.35% | rev=0.248 und=nan cov=0.842 q=0.271  (32s, wall 95s)
  [grid 20/160] targeted     c9 b0.75 r0.25 a0.10 s307 | rule=1738 m0=1560 m0sup=1508 gain=10.23% | rev=0.248 und=nan cov=0.843 q=0.296  (38s, wall 98s)
  [grid 21/160] stability    c9 b0.75 r0.50 a0.10 s302 | rule=1738 m0=1680 m0sup=1516 gain=3.33% | rev=0.483 und=0.778 cov=0.693 q=0.135  (43s, wall 108s)
  [grid 22/160] stability    c9 b0.75 r0.50 a0.10 s301 | rule=1738 m0=1644 m0sup=1515 gain=5.42% | rev=0.492 und=0.789 cov=0.688 q=0.154  (49s, wall 113s)
  [grid 23/160] stability    c9 b0.75 r0.50 a0.10 s303 | rule=1738 m0=1499 m0sup=1481 gain=13.73% | rev=0.481 und=0.781 cov=0.694 q=0.128  (50s, wall 115s)
  [grid 24/160] stability    c9 b0.75 r0.50 a0.10 s304 | rule=1738 m0=1554 m0sup=1492 gain=10.58% | rev=0.492 und=0.812 cov=0.687 q=0.219  (41s, wall 121s)
  [grid 25/160] stability    c9 b0.75 r0.50 a0.10 s306 | rule=1738 m0=1569 m0sup=1519 gain=9.70% | rev=0.495 und=0.794 cov=0.686 q=0.164  (40s, wall 133s)
  [grid 26/160] stability    c9 b0.75 r0.50 a0.10 s307 | rule=1738 m0=1648 m0sup=1518 gain=5.18% | rev=0.493 und=0.780 cov=0.687 q=0.151  (42s, wall 137s)
  [grid 27/160] stability    c9 b0.75 r0.50 a0.10 s305 | rule=1738 m0=1591 m0sup=1510 gain=8.48% | rev=0.490 und=0.755 cov=0.689 q=0.098  (47s, wall 139s)
  [grid 28/160] stability    c9 b0.75 r0.50 a0.10 s308 | rule=1738 m0=1567 m0sup=1497 gain=9.80% | rev=0.493 und=0.781 cov=0.687 q=0.148  (44s, wall 142s)
  [grid 29/160] targeted     c9 b0.75 r0.50 a0.10 s301 | rule=1738 m0=1621 m0sup=1524 gain=6.74% | rev=0.499 und=nan cov=0.683 q=0.184  (36s, wall 151s)
  [grid 30/160] stability    c9 b0.75 r0.50 a0.10 s309 | rule=1738 m0=1600 m0sup=1518 gain=7.91% | rev=0.495 und=0.782 cov=0.685 q=0.150  (44s, wall 152s)
  [grid 31/160] stability    c9 b0.75 r0.50 a0.10 s310 | rule=1738 m0=1638 m0sup=1528 gain=5.74% | rev=0.494 und=0.776 cov=0.686 q=0.118  (42s, wall 155s)
  [grid 32/160] targeted     c9 b0.75 r0.50 a0.10 s302 | rule=1738 m0=1607 m0sup=1514 gain=7.54% | rev=0.498 und=nan cov=0.684 q=0.195  (43s, wall 164s)
  [grid 33/160] targeted     c9 b0.75 r0.50 a0.10 s303 | rule=1738 m0=1566 m0sup=1507 gain=9.90% | rev=0.497 und=nan cov=0.685 q=0.147  (40s, wall 173s)
  [grid 34/160] targeted     c9 b0.75 r0.50 a0.10 s304 | rule=1738 m0=1573 m0sup=1511 gain=9.47% | rev=0.497 und=nan cov=0.685 q=0.224  (36s, wall 173s)
  [grid 35/160] targeted     c9 b0.75 r0.50 a0.10 s306 | rule=1738 m0=1623 m0sup=1534 gain=6.63% | rev=0.498 und=nan cov=0.684 q=0.196  (38s, wall 180s)
  [grid 36/160] targeted     c9 b0.75 r0.50 a0.10 s305 | rule=1738 m0=1564 m0sup=1507 gain=9.99% | rev=0.498 und=nan cov=0.684 q=0.228  (45s, wall 184s)
  [grid 37/160] targeted     c9 b0.75 r0.50 a0.10 s308 | rule=1738 m0=1586 m0sup=1505 gain=8.71% | rev=0.497 und=nan cov=0.685 q=0.179  (34s, wall 186s)
  [grid 38/160] targeted     c9 b0.75 r0.50 a0.10 s309 | rule=1738 m0=1552 m0sup=1519 gain=10.72% | rev=0.499 und=nan cov=0.683 q=0.138  (33s, wall 188s)
  [grid 39/160] targeted     c9 b0.75 r0.50 a0.10 s307 | rule=1738 m0=1610 m0sup=1513 gain=7.34% | rev=0.499 und=nan cov=0.683 q=0.235  (41s, wall 192s)
  [grid 40/160] targeted     c9 b0.75 r0.50 a0.10 s310 | rule=1738 m0=1606 m0sup=1521 gain=7.61% | rev=0.499 und=nan cov=0.683 q=0.140  (33s, wall 197s)
  [grid 41/160] stability    c9 b1.00 r0.25 a0.10 s301 | rule=1752 m0=1477 m0sup=1456 gain=15.68% | rev=0.248 und=0.791 cov=0.843 q=0.195  (34s, wall 207s)
  [grid 42/160] stability    c9 b1.00 r0.25 a0.10 s302 | rule=1752 m0=1453 m0sup=1440 gain=17.06% | rev=0.246 und=0.777 cov=0.844 q=0.153  (34s, wall 208s)
  [grid 43/160] stability    c9 b1.00 r0.25 a0.10 s303 | rule=1752 m0=1464 m0sup=1445 gain=16.43% | rev=0.243 und=0.784 cov=0.846 q=0.173  (34s, wall 214s)
  [grid 44/160] stability    c9 b1.00 r0.25 a0.10 s304 | rule=1752 m0=1446 m0sup=1437 gain=17.46% | rev=0.248 und=0.762 cov=0.843 q=0.186  (31s, wall 214s)
  [grid 45/160] stability    c9 b1.00 r0.25 a0.10 s306 | rule=1752 m0=1465 m0sup=1439 gain=16.36% | rev=0.248 und=0.750 cov=0.842 q=0.135  (30s, wall 219s)
  [grid 46/160] stability    c9 b1.00 r0.25 a0.10 s305 | rule=1752 m0=1446 m0sup=1430 gain=17.46% | rev=0.245 und=0.791 cov=0.844 q=0.246  (38s, wall 224s)
  [grid 47/160] stability    c9 b1.00 r0.25 a0.10 s308 | rule=1752 m0=1435 m0sup=1430 gain=18.12% | rev=0.244 und=0.801 cov=0.845 q=0.207  (31s, wall 228s)
  [grid 48/160] stability    c9 b1.00 r0.25 a0.10 s307 | rule=1752 m0=1452 m0sup=1438 gain=17.11% | rev=0.245 und=0.764 cov=0.844 q=0.152  (39s, wall 232s)
  [grid 49/160] stability    c9 b1.00 r0.25 a0.10 s309 | rule=1752 m0=1495 m0sup=1458 gain=14.68% | rev=0.244 und=0.747 cov=0.845 q=0.152  (31s, wall 238s)
  [grid 50/160] stability    c9 b1.00 r0.25 a0.10 s310 | rule=1752 m0=1438 m0sup=1434 gain=17.92% | rev=0.247 und=0.747 cov=0.843 q=0.175  (31s, wall 239s)
  [grid 51/160] targeted     c9 b1.00 r0.25 a0.10 s301 | rule=1752 m0=1432 m0sup=1425 gain=18.29% | rev=0.249 und=nan cov=0.842 q=0.356  (33s, wall 247s)
  [grid 52/160] targeted     c9 b1.00 r0.25 a0.10 s302 | rule=1752 m0=1433 m0sup=1425 gain=18.19% | rev=0.248 und=nan cov=0.843 q=0.250  (33s, wall 248s)
  [grid 53/160] targeted     c9 b1.00 r0.25 a0.10 s303 | rule=1752 m0=1436 m0sup=1422 gain=18.03% | rev=0.248 und=nan cov=0.843 q=0.258  (31s, wall 249s)
  [grid 54/160] targeted     c9 b1.00 r0.25 a0.10 s304 | rule=1752 m0=1425 m0sup=1411 gain=18.64% | rev=0.248 und=nan cov=0.842 q=0.295  (29s, wall 253s)
  [grid 55/160] targeted     c9 b1.00 r0.25 a0.10 s305 | rule=1752 m0=1456 m0sup=1431 gain=16.90% | rev=0.249 und=nan cov=0.842 q=0.247  (28s, wall 257s)
  [grid 56/160] targeted     c9 b1.00 r0.25 a0.10 s307 | rule=1752 m0=1448 m0sup=1430 gain=17.38% | rev=0.249 und=nan cov=0.842 q=0.270  (28s, wall 266s)
  [grid 57/160] targeted     c9 b1.00 r0.25 a0.10 s308 | rule=1752 m0=1452 m0sup=1429 gain=17.14% | rev=0.248 und=nan cov=0.842 q=0.274  (27s, wall 267s)
  [grid 58/160] targeted     c9 b1.00 r0.25 a0.10 s306 | rule=1752 m0=1457 m0sup=1437 gain=16.81% | rev=0.248 und=nan cov=0.842 q=0.257  (43s, wall 274s)
  [grid 59/160] targeted     c9 b1.00 r0.25 a0.10 s309 | rule=1752 m0=1438 m0sup=1424 gain=17.89% | rev=0.248 und=nan cov=0.843 q=0.281  (28s, wall 275s)
  [grid 60/160] targeted     c9 b1.00 r0.25 a0.10 s310 | rule=1752 m0=1454 m0sup=1420 gain=17.01% | rev=0.249 und=nan cov=0.842 q=0.290  (30s, wall 278s)
  [grid 61/160] stability    c9 b1.00 r0.50 a0.10 s302 | rule=1752 m0=1462 m0sup=1433 gain=16.58% | rev=0.495 und=0.764 cov=0.686 q=0.138  (35s, wall 288s)
  [grid 62/160] stability    c9 b1.00 r0.50 a0.10 s303 | rule=1752 m0=1455 m0sup=1430 gain=16.98% | rev=0.496 und=0.773 cov=0.685 q=0.158  (35s, wall 292s)
  [grid 63/160] stability    c9 b1.00 r0.50 a0.10 s301 | rule=1752 m0=1490 m0sup=1440 gain=14.93% | rev=0.495 und=0.754 cov=0.686 q=0.161  (49s, wall 298s)
  [grid 64/160] stability    c9 b1.00 r0.50 a0.10 s305 | rule=1752 m0=1447 m0sup=1430 gain=17.41% | rev=0.496 und=0.764 cov=0.685 q=0.124  (36s, wall 302s)
  [grid 65/160] stability    c9 b1.00 r0.50 a0.10 s307 | rule=1752 m0=1470 m0sup=1441 gain=16.12% | rev=0.496 und=0.742 cov=0.685 q=0.123  (37s, wall 312s)
  [grid 66/160] stability    c9 b1.00 r0.50 a0.10 s304 | rule=1752 m0=1466 m0sup=1433 gain=16.34% | rev=0.490 und=0.748 cov=0.689 q=0.112  (48s, wall 314s)
  [grid 67/160] stability    c9 b1.00 r0.50 a0.10 s308 | rule=1752 m0=1451 m0sup=1425 gain=17.17% | rev=0.496 und=0.725 cov=0.685 q=0.107  (36s, wall 314s)
  [grid 68/160] stability    c9 b1.00 r0.50 a0.10 s310 | rule=1752 m0=1437 m0sup=1428 gain=17.97% | rev=0.494 und=0.743 cov=0.686 q=0.090  (36s, wall 329s)
  [grid 69/160] stability    c9 b1.00 r0.50 a0.10 s309 | rule=1752 m0=1442 m0sup=1432 gain=17.70% | rev=0.492 und=0.740 cov=0.688 q=0.119  (41s, wall 329s)
  [grid 70/160] stability    c9 b1.00 r0.50 a0.10 s306 | rule=1752 m0=1445 m0sup=1432 gain=17.55% | rev=0.495 und=0.750 cov=0.686 q=0.150  (55s, wall 329s)
  [grid 71/160] targeted     c9 b1.00 r0.50 a0.10 s301 | rule=1752 m0=1452 m0sup=1429 gain=17.12% | rev=0.497 und=nan cov=0.685 q=0.219  (33s, wall 331s)
  [grid 72/160] targeted     c9 b1.00 r0.50 a0.10 s302 | rule=1752 m0=1437 m0sup=1427 gain=17.98% | rev=0.498 und=nan cov=0.684 q=0.169  (34s, wall 337s)
  [grid 73/160] targeted     c9 b1.00 r0.50 a0.10 s305 | rule=1752 m0=1432 m0sup=1424 gain=18.25% | rev=0.498 und=nan cov=0.684 q=0.206  (34s, wall 348s)
  [grid 74/160] targeted     c9 b1.00 r0.50 a0.10 s304 | rule=1752 m0=1462 m0sup=1426 gain=16.57% | rev=0.498 und=nan cov=0.684 q=0.168  (37s, wall 351s)
  [grid 75/160] targeted     c9 b1.00 r0.50 a0.10 s303 | rule=1752 m0=1448 m0sup=1417 gain=17.37% | rev=0.497 und=nan cov=0.685 q=0.171  (45s, wall 357s)
  [grid 76/160] targeted     c9 b1.00 r0.50 a0.10 s309 | rule=1752 m0=1442 m0sup=1429 gain=17.70% | rev=0.498 und=nan cov=0.684 q=0.235  (35s, wall 366s)
  [grid 77/160] targeted     c9 b1.00 r0.50 a0.10 s307 | rule=1752 m0=1457 m0sup=1427 gain=16.84% | rev=0.497 und=nan cov=0.685 q=0.197  (40s, wall 369s)
  [grid 78/160] targeted     c9 b1.00 r0.50 a0.10 s308 | rule=1752 m0=1464 m0sup=1427 gain=16.42% | rev=0.497 und=nan cov=0.685 q=0.193  (43s, wall 372s)
  [grid 79/160] targeted     c9 b1.00 r0.50 a0.10 s306 | rule=1752 m0=1433 m0sup=1427 gain=18.20% | rev=0.497 und=nan cov=0.685 q=0.194  (44s, wall 373s)
  [grid 80/160] targeted     c9 b1.00 r0.50 a0.10 s310 | rule=1752 m0=1449 m0sup=1429 gain=17.28% | rev=0.496 und=nan cov=0.685 q=0.229  (36s, wall 373s)
  [grid 81/160] stability    c9 b0.75 r0.25 a0.10 s301 | rule=3230 m0=1965 m0sup=1891 gain=39.16% | rev=0.245 und=0.835 cov=0.823 q=0.451  (49s, wall 397s)
  [grid 82/160] stability    c9 b0.75 r0.25 a0.10 s302 | rule=3230 m0=1991 m0sup=1884 gain=38.36% | rev=0.244 und=0.832 cov=0.823 q=0.447  (47s, wall 398s)
  [grid 83/160] stability    c9 b0.75 r0.25 a0.10 s303 | rule=3230 m0=2022 m0sup=1940 gain=37.40% | rev=0.246 und=0.816 cov=0.821 q=0.368  (56s, wall 412s)
  [grid 84/160] stability    c9 b0.75 r0.25 a0.10 s304 | rule=3230 m0=2222 m0sup=1975 gain=31.21% | rev=0.246 und=0.831 cov=0.822 q=0.400  (49s, wall 415s)
  [grid 85/160] stability    c9 b0.75 r0.25 a0.10 s308 | rule=3230 m0=1991 m0sup=1910 gain=38.37% | rev=0.248 und=0.841 cov=0.821 q=0.439  (61s, wall 434s)
  [grid 86/160] stability    c9 b0.75 r0.25 a0.10 s306 | rule=3230 m0=1937 m0sup=1841 gain=40.05% | rev=0.245 und=0.840 cov=0.823 q=0.461  (69s, wall 442s)
  [grid 87/160] stability    c9 b0.75 r0.25 a0.10 s305 | rule=3230 m0=1978 m0sup=1888 gain=38.77% | rev=0.248 und=0.825 cov=0.821 q=0.425  (76s, wall 445s)
  [grid 88/160] targeted     c9 b0.75 r0.25 a0.10 s302 | rule=3230 m0=2048 m0sup=1838 gain=36.60% | rev=0.247 und=nan cov=0.821 q=0.429  (43s, wall 458s)
  [grid 89/160] stability    c9 b0.75 r0.25 a0.10 s310 | rule=3230 m0=2123 m0sup=1972 gain=34.26% | rev=0.244 und=0.816 cov=0.823 q=0.357  (62s, wall 460s)
  [grid 90/160] targeted     c9 b0.75 r0.25 a0.10 s301 | rule=3230 m0=2178 m0sup=1878 gain=32.58% | rev=0.248 und=nan cov=0.821 q=0.425  (49s, wall 461s)
  [grid 91/160] stability    c9 b0.75 r0.25 a0.10 s307 | rule=3230 m0=2108 m0sup=1973 gain=34.74% | rev=0.246 und=0.831 cov=0.822 q=0.372  (94s, wall 466s)
  [grid 92/160] stability    c9 b0.75 r0.25 a0.10 s309 | rule=3230 m0=2088 m0sup=1916 gain=35.37% | rev=0.245 und=0.829 cov=0.823 q=0.423  (70s, wall 467s)
  [grid 93/160] targeted     c9 b0.75 r0.25 a0.10 s303 | rule=3230 m0=2365 m0sup=1883 gain=26.79% | rev=0.248 und=nan cov=0.821 q=0.426  (43s, wall 477s)
  [grid 94/160] targeted     c9 b0.75 r0.25 a0.10 s305 | rule=3230 m0=2078 m0sup=1833 gain=35.67% | rev=0.247 und=nan cov=0.821 q=0.448  (46s, wall 491s)
  [grid 95/160] targeted     c9 b0.75 r0.25 a0.10 s304 | rule=3230 m0=2099 m0sup=1854 gain=35.02% | rev=0.247 und=nan cov=0.821 q=0.413  (52s, wall 494s)
  [grid 96/160] targeted     c9 b0.75 r0.25 a0.10 s309 | rule=3230 m0=2172 m0sup=1835 gain=32.76% | rev=0.248 und=nan cov=0.820 q=0.417  (44s, wall 510s)
  [grid 97/160] targeted     c9 b0.75 r0.25 a0.10 s306 | rule=3230 m0=2007 m0sup=1831 gain=37.88% | rev=0.246 und=nan cov=0.822 q=0.382  (53s, wall 511s)
  [grid 98/160] targeted     c9 b0.75 r0.25 a0.10 s308 | rule=3230 m0=2147 m0sup=1858 gain=33.52% | rev=0.248 und=nan cov=0.821 q=0.418  (50s, wall 511s)
  [grid 99/160] targeted     c9 b0.75 r0.25 a0.10 s307 | rule=3230 m0=2318 m0sup=1852 gain=28.23% | rev=0.248 und=nan cov=0.821 q=0.442  (52s, wall 511s)
  [grid 100/160] targeted     c9 b0.75 r0.25 a0.10 s310 | rule=3230 m0=2063 m0sup=1837 gain=36.14% | rev=0.248 und=nan cov=0.820 q=0.362  (49s, wall 516s)
  [grid 101/160] stability    c9 b0.75 r0.50 a0.10 s301 | rule=3230 m0=2168 m0sup=1820 gain=32.89% | rev=0.494 und=0.811 cov=0.643 q=0.250  (58s, wall 536s)
  [grid 102/160] stability    c9 b0.75 r0.50 a0.10 s303 | rule=3230 m0=2171 m0sup=1831 gain=32.78% | rev=0.493 und=0.810 cov=0.644 q=0.254  (60s, wall 554s)
  [grid 103/160] stability    c9 b0.75 r0.50 a0.10 s302 | rule=3230 m0=2191 m0sup=1816 gain=32.16% | rev=0.493 und=0.815 cov=0.643 q=0.274  (63s, wall 555s)
  [grid 104/160] stability    c9 b0.75 r0.50 a0.10 s305 | rule=3230 m0=2280 m0sup=1877 gain=29.41% | rev=0.491 und=0.811 cov=0.645 q=0.268  (54s, wall 565s)
  [grid 105/160] stability    c9 b0.75 r0.50 a0.10 s304 | rule=3230 m0=2266 m0sup=1849 gain=29.84% | rev=0.494 und=0.804 cov=0.643 q=0.239  (57s, wall 568s)
  [grid 106/160] stability    c9 b0.75 r0.50 a0.10 s308 | rule=3230 m0=2234 m0sup=1830 gain=30.84% | rev=0.493 und=0.813 cov=0.643 q=0.243  (54s, wall 570s)
  [grid 107/160] stability    c9 b0.75 r0.50 a0.10 s306 | rule=3230 m0=2250 m0sup=1804 gain=30.35% | rev=0.492 und=0.807 cov=0.644 q=0.264  (59s, wall 570s)
  [grid 108/160] stability    c9 b0.75 r0.50 a0.10 s307 | rule=3230 m0=2145 m0sup=1824 gain=33.61% | rev=0.490 und=0.810 cov=0.645 q=0.291  (65s, wall 576s)
  [grid 109/160] stability    c9 b0.75 r0.50 a0.10 s309 | rule=3230 m0=2177 m0sup=1815 gain=32.59% | rev=0.492 und=0.812 cov=0.644 q=0.269  (58s, wall 593s)
  [grid 110/160] targeted     c9 b0.75 r0.50 a0.10 s301 | rule=3230 m0=2071 m0sup=1796 gain=35.89% | rev=0.492 und=nan cov=0.644 q=0.287  (51s, wall 606s)
  [grid 111/160] stability    c9 b0.75 r0.50 a0.10 s310 | rule=3230 m0=2071 m0sup=1816 gain=35.90% | rev=0.493 und=0.811 cov=0.643 q=0.252  (53s, wall 606s)
  [grid 112/160] targeted     c9 b0.75 r0.50 a0.10 s302 | rule=3230 m0=2124 m0sup=1819 gain=34.23% | rev=0.495 und=nan cov=0.641 q=0.303  (49s, wall 614s)
  [grid 113/160] targeted     c9 b0.75 r0.50 a0.10 s305 | rule=3230 m0=2206 m0sup=1834 gain=31.71% | rev=0.496 und=nan cov=0.641 q=0.288  (55s, wall 625s)
  [grid 114/160] stability    c9 b1.00 r0.25 a0.10 s301 | rule=3645 m0=1866 m0sup=1829 gain=48.80% | rev=0.247 und=0.817 cov=0.822 q=0.364 CACHED (41s, wall 625s)
  [grid 115/160] stability    c9 b1.00 r0.25 a0.10 s302 | rule=3645 m0=1907 m0sup=1854 gain=47.67% | rev=0.246 und=0.817 cov=0.822 q=0.321 CACHED (48s, wall 625s)
  [grid 116/160] stability    c9 b1.00 r0.25 a0.10 s303 | rule=3645 m0=1880 m0sup=1850 gain=48.41% | rev=0.245 und=0.809 cov=0.823 q=0.269 CACHED (52s, wall 625s)
  [grid 117/160] stability    c9 b1.00 r0.25 a0.10 s304 | rule=3645 m0=1863 m0sup=1824 gain=48.88% | rev=0.246 und=0.800 cov=0.822 q=0.297 CACHED (47s, wall 625s)
  [grid 118/160] stability    c9 b1.00 r0.25 a0.10 s305 | rule=3645 m0=1959 m0sup=1839 gain=46.26% | rev=0.247 und=0.809 cov=0.821 q=0.319 CACHED (52s, wall 625s)
  [grid 119/160] stability    c9 b1.00 r0.25 a0.10 s306 | rule=3645 m0=1820 m0sup=1810 gain=50.08% | rev=0.246 und=0.825 cov=0.822 q=0.353 CACHED (47s, wall 625s)
  [grid 120/160] stability    c9 b1.00 r0.25 a0.10 s307 | rule=3645 m0=1994 m0sup=1882 gain=45.30% | rev=0.245 und=0.826 cov=0.823 q=0.455 CACHED (52s, wall 625s)
  [grid 121/160] stability    c9 b1.00 r0.25 a0.10 s308 | rule=3645 m0=1881 m0sup=1830 gain=48.40% | rev=0.246 und=0.805 cov=0.822 q=0.334 CACHED (46s, wall 625s)
  [grid 122/160] stability    c9 b1.00 r0.25 a0.10 s309 | rule=3645 m0=1929 m0sup=1874 gain=47.08% | rev=0.244 und=0.808 cov=0.824 q=0.358 CACHED (52s, wall 625s)
  [grid 123/160] stability    c9 b1.00 r0.25 a0.10 s310 | rule=3645 m0=1798 m0sup=1791 gain=50.67% | rev=0.246 und=0.814 cov=0.822 q=0.325 CACHED (64s, wall 625s)
  [grid 124/160] targeted     c9 b1.00 r0.25 a0.10 s301 | rule=3645 m0=1923 m0sup=1842 gain=47.23% | rev=0.248 und=nan cov=0.821 q=0.388 CACHED (38s, wall 625s)
  [grid 125/160] targeted     c9 b1.00 r0.25 a0.10 s302 | rule=3645 m0=1972 m0sup=1867 gain=45.89% | rev=0.248 und=nan cov=0.821 q=0.358 CACHED (40s, wall 625s)
  [grid 126/160] targeted     c9 b1.00 r0.25 a0.10 s303 | rule=3645 m0=1970 m0sup=1832 gain=45.96% | rev=0.248 und=nan cov=0.821 q=0.424 CACHED (39s, wall 625s)
  [grid 127/160] targeted     c9 b1.00 r0.25 a0.10 s304 | rule=3645 m0=1964 m0sup=1834 gain=46.10% | rev=0.248 und=nan cov=0.821 q=0.381 CACHED (39s, wall 625s)
  [grid 128/160] targeted     c9 b1.00 r0.25 a0.10 s305 | rule=3645 m0=1905 m0sup=1829 gain=47.74% | rev=0.248 und=nan cov=0.821 q=0.365 CACHED (41s, wall 625s)
  [grid 129/160] targeted     c9 b1.00 r0.25 a0.10 s306 | rule=3645 m0=1994 m0sup=1834 gain=45.30% | rev=0.247 und=nan cov=0.821 q=0.408 CACHED (43s, wall 625s)
  [grid 130/160] targeted     c9 b1.00 r0.25 a0.10 s307 | rule=3645 m0=2115 m0sup=1956 gain=41.97% | rev=0.248 und=nan cov=0.820 q=0.328 CACHED (44s, wall 625s)
  [grid 131/160] targeted     c9 b1.00 r0.25 a0.10 s308 | rule=3645 m0=1941 m0sup=1820 gain=46.75% | rev=0.246 und=nan cov=0.822 q=0.381 CACHED (46s, wall 625s)
  [grid 132/160] targeted     c9 b1.00 r0.25 a0.10 s309 | rule=3645 m0=1828 m0sup=1804 gain=49.85% | rev=0.247 und=nan cov=0.821 q=0.421 CACHED (41s, wall 625s)
  [grid 133/160] targeted     c9 b1.00 r0.25 a0.10 s310 | rule=3645 m0=2130 m0sup=1906 gain=41.55% | rev=0.247 und=nan cov=0.821 q=0.369 CACHED (48s, wall 625s)
  [grid 134/160] targeted     c9 b0.75 r0.50 a0.10 s304 | rule=3230 m0=2216 m0sup=1816 gain=31.38% | rev=0.493 und=nan cov=0.643 q=0.233  (59s, wall 629s)
  [grid 135/160] targeted     c9 b0.75 r0.50 a0.10 s306 | rule=3230 m0=2128 m0sup=1809 gain=34.13% | rev=0.494 und=nan cov=0.642 q=0.258  (57s, wall 633s)
  [grid 136/160] targeted     c9 b0.75 r0.50 a0.10 s303 | rule=3230 m0=2236 m0sup=1815 gain=30.77% | rev=0.496 und=nan cov=0.641 q=0.246  (69s, wall 636s)
  [grid 137/160] targeted     c9 b0.75 r0.50 a0.10 s307 | rule=3230 m0=2316 m0sup=1837 gain=28.29% | rev=0.496 und=nan cov=0.642 q=0.212  (56s, wall 649s)
  [grid 138/160] targeted     c9 b0.75 r0.50 a0.10 s308 | rule=3230 m0=2232 m0sup=1819 gain=30.90% | rev=0.495 und=nan cov=0.642 q=0.278  (50s, wall 655s)
  [grid 139/160] targeted     c9 b0.75 r0.50 a0.10 s309 | rule=3230 m0=2214 m0sup=1798 gain=31.45% | rev=0.494 und=nan cov=0.642 q=0.269  (53s, wall 659s)
  [grid 140/160] targeted     c9 b0.75 r0.50 a0.10 s310 | rule=3230 m0=2274 m0sup=1827 gain=29.62% | rev=0.495 und=nan cov=0.641 q=0.273  (50s, wall 663s)
  [grid 141/160] stability    c9 b1.00 r0.50 a0.10 s302 | rule=3645 m0=1915 m0sup=1825 gain=47.47% | rev=0.493 und=0.801 cov=0.644 q=0.217  (56s, wall 685s)
  [grid 142/160] stability    c9 b1.00 r0.50 a0.10 s301 | rule=3645 m0=1835 m0sup=1804 gain=49.65% | rev=0.494 und=0.811 cov=0.642 q=0.269  (64s, wall 689s)
  [grid 143/160] stability    c9 b1.00 r0.50 a0.10 s304 | rule=3645 m0=2018 m0sup=1807 gain=44.63% | rev=0.495 und=0.797 cov=0.642 q=0.187  (55s, wall 692s)
  [grid 144/160] stability    c9 b1.00 r0.50 a0.10 s303 | rule=3645 m0=2045 m0sup=1824 gain=43.90% | rev=0.494 und=0.805 cov=0.643 q=0.247  (59s, wall 692s)
  [grid 145/160] stability    c9 b1.00 r0.50 a0.10 s305 | rule=3645 m0=1857 m0sup=1800 gain=49.05% | rev=0.493 und=0.806 cov=0.643 q=0.232  (55s, wall 704s)
  [grid 146/160] stability    c9 b1.00 r0.50 a0.10 s306 | rule=3645 m0=2128 m0sup=1853 gain=41.62% | rev=0.494 und=0.799 cov=0.643 q=0.200  (53s, wall 708s)
  [grid 147/160] stability    c9 b1.00 r0.50 a0.10 s307 | rule=3645 m0=1860 m0sup=1804 gain=48.98% | rev=0.493 und=0.815 cov=0.643 q=0.309  (54s, wall 713s)
  [grid 148/160] stability    c9 b1.00 r0.50 a0.10 s308 | rule=3645 m0=2164 m0sup=1843 gain=40.64% | rev=0.492 und=0.804 cov=0.644 q=0.235  (58s, wall 722s)
  [grid 149/160] targeted     c9 b1.00 r0.50 a0.10 s301 | rule=3645 m0=2118 m0sup=1837 gain=41.90% | rev=0.494 und=nan cov=0.643 q=0.298  (49s, wall 741s)
  [grid 150/160] targeted     c9 b1.00 r0.50 a0.10 s302 | rule=3645 m0=1920 m0sup=1808 gain=47.31% | rev=0.492 und=nan cov=0.644 q=0.293  (51s, wall 743s)
  [grid 151/160] stability    c9 b1.00 r0.50 a0.10 s309 | rule=3645 m0=1924 m0sup=1825 gain=47.20% | rev=0.493 und=0.803 cov=0.643 q=0.236  (59s, wall 744s)
  [grid 152/160] stability    c9 b1.00 r0.50 a0.10 s310 | rule=3645 m0=2141 m0sup=1863 gain=41.26% | rev=0.493 und=0.807 cov=0.643 q=0.214  (62s, wall 751s)
  [grid 153/160] targeted     c9 b1.00 r0.50 a0.10 s303 | rule=3645 m0=1947 m0sup=1861 gain=46.58% | rev=0.496 und=nan cov=0.641 q=0.370  (59s, wall 763s)
  [grid 154/160] targeted     c9 b1.00 r0.50 a0.10 s304 | rule=3645 m0=2000 m0sup=1819 gain=45.14% | rev=0.495 und=nan cov=0.642 q=0.317  (56s, wall 764s)
  [grid 155/160] targeted     c9 b1.00 r0.50 a0.10 s305 | rule=3645 m0=1853 m0sup=1809 gain=49.17% | rev=0.494 und=nan cov=0.643 q=0.407  (54s, wall 767s)
  [grid 156/160] targeted     c9 b1.00 r0.50 a0.10 s306 | rule=3645 m0=1997 m0sup=1812 gain=45.21% | rev=0.493 und=nan cov=0.643 q=0.332  (48s, wall 770s)
  [grid 157/160] targeted     c9 b1.00 r0.50 a0.10 s307 | rule=3645 m0=2002 m0sup=1839 gain=45.08% | rev=0.494 und=nan cov=0.642 q=0.314  (49s, wall 789s)
  [grid 158/160] targeted     c9 b1.00 r0.50 a0.10 s309 | rule=3645 m0=1899 m0sup=1793 gain=47.91% | rev=0.490 und=nan cov=0.645 q=0.302  (47s, wall 791s)
  [grid 159/160] targeted     c9 b1.00 r0.50 a0.10 s308 | rule=3645 m0=1919 m0sup=1816 gain=47.35% | rev=0.493 und=nan cov=0.643 q=0.322  (49s, wall 792s)
  [grid 160/160] targeted     c9 b1.00 r0.50 a0.10 s310 | rule=3645 m0=1849 m0sup=1803 gain=49.26% | rev=0.494 und=nan cov=0.642 q=0.385  (45s, wall 797s)
[dump] wrote /home/ziheng/PaperY3/fm-hitl/results/y3_w1/grid_records.json (160 records)
[y3_w1] part=grid complete.
