[y3_abl] 59 unique cell-seed tasks, 6 workers
  [1/59] c9 u100 b1.00 random ch=full fam=F-NL s301 | RULE=3645 M0=1855 M0S=1802 RS=2959 OR=1815 r=0.58 orr=0.017  (35s, wall 35s)
  [2/59] c9 u100 b1.00 targeted ch=full fam=F-NL s305 | RULE=3645 M0=2038 M0S=1893 RS=2693 OR=1815 r=0.40 orr=0.022  (43s, wall 43s)
  [3/59] c9 u100 b1.00 targeted ch=full fam=F-NL s304 | RULE=3645 M0=1981 M0S=1829 RS=2693 OR=1815 r=0.43 orr=0.022  (43s, wall 43s)
  [4/59] c9 u100 b1.00 targeted ch=full fam=F-NL s303 | RULE=3645 M0=2096 M0S=1898 RS=2693 OR=1815 r=0.41 orr=0.028  (44s, wall 44s)
  [5/59] c9 u100 b1.00 targeted ch=full fam=F-NL s302 | RULE=3645 M0=2001 M0S=1860 RS=2693 OR=1815 r=0.39 orr=0.018  (44s, wall 45s)
  [6/59] c9 u100 b1.00 targeted ch=full fam=F-NL s301 | RULE=3645 M0=1998 M0S=1831 RS=2693 OR=1815 r=0.32 orr=0.021  (45s, wall 45s)
  [7/59] c9 u100 b1.00 random ch=full fam=F-NL s302 | RULE=3645 M0=1889 M0S=1813 RS=3002 OR=1815 r=0.62 orr=0.008  (33s, wall 69s)
  [8/59] c9 u90 b1.00 targeted ch=full fam=F-NL s302 | RULE=1752 M0=1426 M0S=1421 RS=1619 OR=1432 r=0.28 orr=0.014  (27s, wall 72s)
  [9/59] c9 u90 b1.00 targeted ch=full fam=F-NL s301 | RULE=1752 M0=1444 M0S=1432 RS=1619 OR=1432 r=0.29 orr=0.014  (28s, wall 72s)
  [10/59] c9 u100 b1.00 random ch=full fam=F-NL s304 | RULE=3645 M0=1923 M0S=1814 RS=2991 OR=1815 r=0.56 orr=0.013  (37s, wall 80s)
  [11/59] c9 u100 b1.00 random ch=full fam=F-NL s303 | RULE=3645 M0=1937 M0S=1863 RS=2994 OR=1815 r=0.58 orr=0.011  (41s, wall 84s)
  [12/59] c9 u100 b1.00 random ch=full fam=F-NL s305 | RULE=3645 M0=2083 M0S=1913 RS=3014 OR=1815 r=0.56 orr=0.009  (51s, wall 95s)
  [13/59] c9 u90 b1.00 targeted ch=full fam=F-NL s303 | RULE=1752 M0=1426 M0S=1412 RS=1619 OR=1432 r=0.28 orr=0.010  (28s, wall 97s)
  [14/59] c9 u90 b1.00 targeted ch=full fam=F-NL s304 | RULE=1752 M0=1434 M0S=1423 RS=1619 OR=1432 r=0.29 orr=0.014  (29s, wall 101s)
  [15/59] c9 u90 b1.00 random ch=full fam=F-NL s301 | RULE=1752 M0=1469 M0S=1437 RS=1672 OR=1432 r=0.40 orr=0.009  (23s, wall 103s)
  [16/59] c9 u90 b1.00 random ch=full fam=F-NL s302 | RULE=1752 M0=1444 M0S=1432 RS=1683 OR=1432 r=0.46 orr=0.011  (22s, wall 106s)
  [17/59] c9 u90 b1.00 targeted ch=full fam=F-NL s305 | RULE=1752 M0=1440 M0S=1422 RS=1619 OR=1432 r=0.23 orr=0.012  (36s, wall 108s)
  [18/59] c9 u90 b1.00 random ch=full fam=F-NL s304 | RULE=1752 M0=1464 M0S=1435 RS=1700 OR=1432 r=0.53 orr=0.006  (24s, wall 121s)
  [19/59] c9 u90 b1.00 random ch=full fam=F-NL s303 | RULE=1752 M0=1466 M0S=1424 RS=1711 OR=1432 r=0.43 orr=0.009  (32s, wall 127s)
  [20/59] c9 u90 b1.00 random ch=full fam=F-NL s305 | RULE=1752 M0=1444 M0S=1430 RS=1664 OR=1432 r=0.46 orr=0.006  (28s, wall 129s)
  [21/59] c9 u100 b1.00 targeted ch=weight fam=F-NL s301 | RULE=3645 M0=3292 M0S=2484 RS=2693 OR=1815 r=0.54 orr=0.082  (33s, wall 136s)
  [22/59] c9 u100 b1.00 targeted ch=weight fam=F-NL s303 | RULE=3645 M0=3268 M0S=2460 RS=2693 OR=1815 r=0.49 orr=0.075  (37s, wall 144s)
  [23/59] c9 u100 b1.00 targeted ch=weight fam=F-NL s302 | RULE=3645 M0=3252 M0S=2460 RS=2693 OR=1815 r=0.50 orr=0.079  (41s, wall 147s)
  [24/59] c9 u100 b1.00 targeted ch=deadline fam=F-NL s301 | RULE=3645 M0=1936 M0S=1845 RS=2693 OR=1815 r=0.40 orr=0.030  (33s, wall 162s)
  [25/59] c9 u100 b1.00 targeted ch=weight fam=F-NL s305 | RULE=3645 M0=3228 M0S=2453 RS=2693 OR=1815 r=0.49 orr=0.075  (38s, wall 165s)
  [26/59] c9 u100 b1.00 targeted ch=weight fam=F-NL s304 | RULE=3645 M0=3244 M0S=2446 RS=2693 OR=1815 r=0.51 orr=0.073  (44s, wall 166s)
  [27/59] c9 u100 b1.00 targeted ch=deadline fam=F-NL s302 | RULE=3645 M0=2027 M0S=1933 RS=2693 OR=1815 r=0.32 orr=0.028  (36s, wall 172s)
  [28/59] c9 u100 b1.00 targeted ch=deadline fam=F-NL s303 | RULE=3645 M0=2063 M0S=1909 RS=2693 OR=1815 r=0.40 orr=0.021  (42s, wall 186s)
  [29/59] c9 u90 b1.00 targeted ch=weight fam=F-NL s301 | RULE=1752 M0=1622 M0S=1567 RS=1619 OR=1432 r=0.40 orr=0.039  (22s, wall 188s)
  [30/59] c9 u100 b1.00 targeted ch=deadline fam=F-NL s304 | RULE=3645 M0=1927 M0S=1837 RS=2693 OR=1815 r=0.42 orr=0.032  (42s, wall 188s)
  [31/59] c9 u90 b1.00 targeted ch=weight fam=F-NL s302 | RULE=1752 M0=1620 M0S=1553 RS=1619 OR=1432 r=0.40 orr=0.035  (26s, wall 192s)
  [32/59] c9 u90 b1.00 targeted ch=weight fam=F-NL s303 | RULE=1752 M0=1605 M0S=1535 RS=1619 OR=1432 r=0.38 orr=0.036  (23s, wall 195s)
  [33/59] c9 u100 b1.00 targeted ch=deadline fam=F-NL s305 | RULE=3645 M0=2070 M0S=1951 RS=2693 OR=1815 r=0.39 orr=0.020  (40s, wall 201s)
  [34/59] c9 u90 b1.00 targeted ch=weight fam=F-NL s304 | RULE=1752 M0=1628 M0S=1569 RS=1619 OR=1432 r=0.33 orr=0.038  (25s, wall 212s)
  [35/59] c9 u90 b1.00 targeted ch=deadline fam=F-NL s301 | RULE=1752 M0=1460 M0S=1418 RS=1619 OR=1432 r=0.29 orr=0.012  (25s, wall 214s)
  [36/59] c9 u90 b1.00 targeted ch=deadline fam=F-NL s302 | RULE=1752 M0=1444 M0S=1434 RS=1619 OR=1432 r=0.28 orr=0.018  (23s, wall 215s)
  [37/59] c9 u90 b1.00 targeted ch=weight fam=F-NL s305 | RULE=1752 M0=1614 M0S=1558 RS=1619 OR=1432 r=0.41 orr=0.037  (29s, wall 217s)
  [38/59] c9 u90 b1.00 targeted ch=deadline fam=F-NL s303 | RULE=1752 M0=1434 M0S=1423 RS=1619 OR=1432 r=0.26 orr=0.015  (23s, wall 219s)
  [39/59] c9 u90 b1.00 targeted ch=deadline fam=F-NL s304 | RULE=1752 M0=1466 M0S=1437 RS=1619 OR=1432 r=0.22 orr=0.015  (29s, wall 231s)
  [40/59] c9 u90 b1.00 targeted ch=deadline fam=F-NL s305 | RULE=1752 M0=1428 M0S=1428 RS=1619 OR=1432 r=0.30 orr=0.010  (23s, wall 235s)
  [41/59] c9 u100 b1.00 targeted ch=full fam=F-LIN s301 | RULE=2061 M0=1473 M0S=1446 RS=1971 OR=1406 r=0.27 orr=0.008  (40s, wall 254s)
  [42/59] c9 u100 b1.00 targeted ch=full fam=F-LIN s302 | RULE=2061 M0=1384 M0S=1388 RS=1971 OR=1406 r=0.36 orr=0.011  (40s, wall 254s)
  [43/59] c9 u100 b1.00 targeted ch=full fam=F-LIN s304 | RULE=2061 M0=1420 M0S=1413 RS=1971 OR=1406 r=0.24 orr=0.004  (42s, wall 261s)
  [44/59] c9 u100 b1.00 targeted ch=full fam=F-LIN s303 | RULE=2061 M0=1375 M0S=1373 RS=1971 OR=1406 r=0.25 orr=0.023  (45s, wall 262s)
  [45/59] c9 u90 b1.00 targeted ch=full fam=F-LIN s301 | RULE=1086 M0=1065 M0S=1068 RS=1084 OR=1079 r=0.12 orr=0.005  (32s, wall 267s)
  [46/59] c9 u100 b1.00 targeted ch=full fam=F-LIN s305 | RULE=2061 M0=1411 M0S=1399 RS=1971 OR=1406 r=0.26 orr=0.004  (41s, wall 272s)
  [47/59] c9 u90 b1.00 targeted ch=full fam=F-LIN s302 | RULE=1086 M0=1055 M0S=1056 RS=1084 OR=1079 r=0.11 orr=0.005  (25s, wall 279s)
  [48/59] c9 u90 b1.00 targeted ch=full fam=F-LIN s303 | RULE=1086 M0=1063 M0S=1062 RS=1084 OR=1079 r=0.19 orr=0.003  (29s, wall 284s)
  [49/59] c9 u90 b1.00 targeted ch=full fam=F-LIN s304 | RULE=1086 M0=1063 M0S=1064 RS=1084 OR=1079 r=0.07 orr=0.003  (28s, wall 289s)
  [50/59] c9 u90 b1.00 targeted ch=full fam=F-LIN s305 | RULE=1086 M0=1062 M0S=1065 RS=1084 OR=1079 r=0.12 orr=0.004  (31s, wall 294s)
  [51/59] c9 u100 b0.50 targeted ch=full fam=F-NL s301 | RULE=2796 M0=2014 M0S=1729 RS=2064 OR=1651 r=0.36 orr=0.045  (52s, wall 319s)
  [52/59] c9 u100 b0.50 targeted ch=full fam=F-NL s303 | RULE=2796 M0=1992 M0S=1729 RS=2064 OR=1651 r=0.40 orr=0.051  (52s, wall 330s)
  [53/59] c9 u100 b0.50 targeted ch=full fam=F-NL s302 | RULE=2796 M0=2173 M0S=1747 RS=2064 OR=1651 r=0.33 orr=0.041  (64s, wall 336s)
  [54/59] c9 u100 b0.75 targeted ch=full fam=F-NL s302 | RULE=3230 M0=2141 M0S=1810 RS=2426 OR=1790 r=0.45 orr=0.034  (53s, wall 343s)
  [55/59] c9 u100 b0.75 targeted ch=full fam=F-NL s301 | RULE=3230 M0=2049 M0S=1829 RS=2426 OR=1790 r=0.41 orr=0.041  (74s, wall 358s)
  [56/59] c9 u100 b0.75 targeted ch=full fam=F-NL s303 | RULE=3230 M0=2101 M0S=1879 RS=2426 OR=1790 r=0.39 orr=0.043  (68s, wall 361s)
  [57/59] c9 u100 b1.00 targeted ch=full fam=F-NL s301 | RULE=3645 M0=1998 M0S=1831 RS=2693 OR=1815 r=0.32 orr=0.021  (55s, wall 375s)
  [58/59] c9 u100 b1.00 targeted ch=full fam=F-NL s302 | RULE=3645 M0=2001 M0S=1860 RS=2693 OR=1815 r=0.39 orr=0.018  (52s, wall 382s)
  [59/59] c9 u100 b1.00 targeted ch=full fam=F-NL s303 | RULE=3645 M0=2096 M0S=1898 RS=2693 OR=1815 r=0.41 orr=0.028  (51s, wall 388s)
[y3_abl] wrote /home/ziheng/PaperY3/fm-hitl/results/y3_p5/ablations/e5_attribution.csv (200 rows)
[y3_abl] wrote /home/ziheng/PaperY3/fm-hitl/results/y3_p5/ablations/e5_channel.csv (300 rows)
[y3_abl] wrote /home/ziheng/PaperY3/fm-hitl/results/y3_p5/ablations/e5_family.csv (200 rows)
[y3_abl] wrote /home/ziheng/PaperY3/fm-hitl/results/y3_p5/ablations/e4_recovery.csv (96 rows)
[y3_abl] wrote /home/ziheng/PaperY3/fm-hitl/notes/phase5_ablations.md
[y3_abl] complete.
