[w3] cell=c9_u100_b1  20 jobs (4 variants x 5 seeds), 4 workers
  [ 1/20] mse_published    s301   45.191% <RULE  mean_hat_s=-0.0442 applied=+0.0067  r=+0.325  tau=0.816  (74s, wall 74s)
  [ 2/20] tobit_exp        s301   46.091% <RULE  mean_hat_s=-1.6505 applied=-0.1260  r=-0.102  tau=0.744  (75s, wall 75s)
  [ 3/20] tobit            s301   44.419% <RULE  mean_hat_s=-1.6746 applied=-0.1451  r=-0.090  tau=0.790  (78s, wall 78s)
  [ 4/20] tobit_imp        s301   47.991% <RULE  mean_hat_s=-0.0448 applied=+0.0159  r=+0.248  tau=0.783  (81s, wall 81s)
  [ 5/20] mse_published    s302   45.110% <RULE  mean_hat_s=-0.0405 applied=+0.0079  r=+0.388  tau=0.826  (80s, wall 154s)
  [ 6/20] tobit_exp        s302   46.854% <RULE  mean_hat_s=-1.4740 applied=-0.1055  r=-0.075  tau=0.702  (79s, wall 160s)
  [ 7/20] tobit            s302   40.501% <RULE  mean_hat_s=-1.8910 applied=-0.1508  r=-0.155  tau=0.766  (85s, wall 160s)
  [ 8/20] tobit_imp        s302   48.042% <RULE  mean_hat_s=-0.0511 applied=+0.0197  r=+0.302  tau=0.787  (83s, wall 161s)
  [ 9/20] mse_published    s303   42.506% <RULE  mean_hat_s=-0.0727 applied=+0.0002  r=+0.409  tau=0.792  (88s, wall 243s)
  [10/20] tobit_exp        s303   49.079% <RULE  mean_hat_s=-1.9947 applied=-0.0682  r=-0.200  tau=0.733  (88s, wall 249s)
  [11/20] tobit_imp        s303   47.113% <RULE  mean_hat_s=-0.0258 applied=+0.0250  r=+0.267  tau=0.781  (93s, wall 253s)
  [12/20] tobit            s303   44.960% <RULE  mean_hat_s=-1.2991 applied=-0.1381  r=-0.048  tau=0.781  (94s, wall 254s)
  [13/20] mse_published    s304   45.640% <RULE  mean_hat_s=-0.0068 applied=+0.0304  r=+0.420  tau=0.790  (80s, wall 323s)
  [14/20] tobit            s304   31.508% <RULE  mean_hat_s=-1.9282 applied=-0.1452  r=-0.196  tau=0.718  (83s, wall 333s)
  [15/20] tobit_exp        s304   46.101% <RULE  mean_hat_s=-1.7410 applied=-0.1092  r=-0.151  tau=0.738  (80s, wall 334s)
  [16/20] tobit_imp        s304   46.535% <RULE  mean_hat_s=-0.0562 applied=+0.0112  r=+0.280  tau=0.808  (84s, wall 337s)
  [17/20] mse_published    s305   44.079% <RULE  mean_hat_s=-0.0299 applied=+0.0229  r=+0.418  tau=0.798  (75s, wall 397s)
  [18/20] tobit            s305   41.208% <RULE  mean_hat_s=-1.4584 applied=-0.1386  r=-0.116  tau=0.768  (79s, wall 411s)
  [19/20] tobit_exp        s305   48.348% <RULE  mean_hat_s=-2.5652 applied=-0.1150  r=-0.198  tau=0.715  (75s, wall 412s)
  [20/20] tobit_imp        s305   46.424% <RULE  mean_hat_s=-0.0821 applied=+0.0084  r=+0.227  tau=0.783  (78s, wall 412s)
[w3] cell=c9_u100_b1 complete.
