[grid] published map, read from /home/ziheng/PaperY3/fm-hitl/results/y3_p4/e3_map_summary.json:
       campuses=[9, 10] u=[70, 90, 100, 110, 130] beta=[0.0, 0.5, 1.0] rho=0.25 seeds=3 cells=30 channel=full_class_shift
[ctrl] 45 cell-seed tasks, 9 workers (1 thread each) -> /home/ziheng/PaperY3/fm-hitl/results/y3_w1b/ctrl.csv
  [ctrl 1/45] targeted_split c9  u130 b0.00 r0.25 s301 | rule=6106 m0=5317 rsup=2403 m0sup=2240 | rev=0.234 und=n/a q=0.914 sup={'Supervisor': 148} hasplus2=368680  (92s, wall 92s)
  [ctrl 2/45] targeted_split c9  u130 b0.00 r0.25 s302 | rule=6106 m0=4939 rsup=2403 m0sup=2222 | rev=0.231 und=n/a q=0.887 sup={'Supervisor': 148} hasplus2=368813  (94s, wall 94s)
  [ctrl 3/45] targeted_split c9  u130 b1.00 r0.25 s302 | rule=17721 m0=2543 rsup=9824 m0sup=1999 | rev=0.239 und=n/a q=0.580 sup={'Supervisor': 148} hasplus2=368479  (103s, wall 103s)
  [ctrl 4/45] targeted_split c9  u130 b0.00 r0.25 s303 | rule=6106 m0=5204 rsup=2403 m0sup=2163 | rev=0.229 und=n/a q=0.925 sup={'Supervisor': 148} hasplus2=368731  (107s, wall 107s)
  [ctrl 5/45] targeted_split c9  u130 b0.50 r0.25 s301 | rule=11107 m0=4763 rsup=5156 m0sup=2183 | rev=0.238 und=n/a q=0.750 sup={'Supervisor': 148} hasplus2=368494  (108s, wall 108s)
  [ctrl 6/45] targeted_split c9  u130 b0.50 r0.25 s303 | rule=11107 m0=4076 rsup=5156 m0sup=2153 | rev=0.242 und=n/a q=0.732 sup={'Supervisor': 148} hasplus2=368560  (109s, wall 109s)
  [ctrl 7/45] targeted_split c9  u130 b1.00 r0.25 s303 | rule=17721 m0=2223 rsup=9824 m0sup=1924 | rev=0.241 und=n/a q=0.634 sup={'Supervisor': 148} hasplus2=368497  (113s, wall 113s)
  [ctrl 8/45] targeted_split c9  u130 b0.50 r0.25 s302 | rule=11107 m0=4194 rsup=5156 m0sup=2282 | rev=0.242 und=n/a q=0.731 sup={'Supervisor': 148} hasplus2=368540  (117s, wall 117s)
  [ctrl 9/45] targeted_split c9  u110 b0.00 r0.25 s301 | rule=2735 m0=2609 rsup=1836 m0sup=1777 | rev=0.238 und=n/a q=0.925 sup={'Supervisor': 148} hasplus2=280184  (56s, wall 148s)
  [ctrl 10/45] targeted_split c9  u110 b0.00 r0.25 s302 | rule=2735 m0=2636 rsup=1836 m0sup=1863 | rev=0.238 und=n/a q=0.859 sup={'Supervisor': 148} hasplus2=280276  (55s, wall 149s)
  [ctrl 11/45] targeted_split c9  u130 b1.00 r0.25 s301 | rule=17721 m0=2304 rsup=9824 m0sup=1979 | rev=0.239 und=n/a q=0.573 sup={'Supervisor': 148} hasplus2=368531  (150s, wall 150s)
  [ctrl 12/45] targeted_split c9  u110 b0.50 r0.25 s301 | rule=4374 m0=2512 rsup=2915 m0sup=1926 | rev=0.241 und=n/a q=0.723 sup={'Supervisor': 148} hasplus2=280184  (57s, wall 164s)
  [ctrl 13/45] targeted_split c9  u110 b0.50 r0.25 s303 | rule=4374 m0=2663 rsup=2915 m0sup=2000 | rev=0.242 und=n/a q=0.690 sup={'Supervisor': 148} hasplus2=280135  (59s, wall 168s)
  [ctrl 14/45] targeted_split c9  u110 b0.00 r0.25 s303 | rule=2735 m0=2516 rsup=1836 m0sup=1815 | rev=0.238 und=n/a q=0.917 sup={'Supervisor': 148} hasplus2=280281  (67s, wall 169s)
  [ctrl 15/45] targeted_split c9  u110 b0.50 r0.25 s302 | rule=4374 m0=2556 rsup=2915 m0sup=1947 | rev=0.242 und=n/a q=0.661 sup={'Supervisor': 148} hasplus2=280152  (66s, wall 174s)
  [ctrl 16/45] targeted_split c9  u110 b1.00 r0.25 s301 | rule=6252 m0=2125 rsup=4666 m0sup=1838 | rev=0.240 und=n/a q=0.514 sup={'Supervisor': 148} hasplus2=279957  (62s, wall 176s)
  [ctrl 17/45] targeted_split c9  u110 b1.00 r0.25 s302 | rule=6252 m0=1947 rsup=4666 m0sup=1837 | rev=0.241 und=n/a q=0.550 sup={'Supervisor': 148} hasplus2=280015  (59s, wall 176s)
  [ctrl 18/45] targeted_split c9  u100 b0.00 r0.25 s301 | rule=1767 m0=1745 rsup=1425 m0sup=1433 | rev=0.244 und=n/a q=0.540 sup={'Supervisor': 148} hasplus2=247049  (38s, wall 188s)
  [ctrl 19/45] targeted_split c9  u100 b0.00 r0.25 s302 | rule=1767 m0=1758 rsup=1425 m0sup=1410 | rev=0.244 und=n/a q=0.513 sup={'Supervisor': 148} hasplus2=247262  (38s, wall 188s)
  [ctrl 20/45] targeted_split c9  u100 b0.00 r0.25 s303 | rule=1767 m0=1822 rsup=1425 m0sup=1395 | rev=0.245 und=n/a q=0.353 sup={'Supervisor': 148} hasplus2=247205  (42s, wall 206s)
  [ctrl 21/45] targeted_split c9  u100 b0.50 r0.25 s302 | rule=2796 m0=1992 rsup=2064 m0sup=1766 | rev=0.247 und=n/a q=0.358 sup={'Supervisor': 148} hasplus2=247238  (39s, wall 209s)
  [ctrl 22/45] targeted_split c9  u90  b0.00 r0.25 s301 | rule=1203 m0=1204 rsup=1117 m0sup=1113 | rev=0.248 und=n/a q=0.016 sup={'Supervisor': 148} hasplus2=198311  (25s, wall 214s)
  [ctrl 23/45] targeted_split c9  u100 b1.00 r0.25 s301 | rule=3645 m0=1923 rsup=2693 m0sup=1842 | rev=0.248 und=n/a q=0.388 sup={'Supervisor': 148} hasplus2=247318  (40s, wall 216s)
  [ctrl 24/45] targeted_split c9  u100 b0.50 r0.25 s301 | rule=2796 m0=1971 rsup=2064 m0sup=1688 | rev=0.247 und=n/a q=0.410 sup={'Supervisor': 148} hasplus2=247301  (49s, wall 217s)
  [ctrl 25/45] targeted_split c9  u100 b1.00 r0.25 s302 | rule=3645 m0=1972 rsup=2693 m0sup=1867 | rev=0.248 und=n/a q=0.358 sup={'Supervisor': 148} hasplus2=247278  (41s, wall 217s)
  [ctrl 26/45] targeted_split c9  u100 b0.50 r0.25 s303 | rule=2796 m0=2015 rsup=2064 m0sup=1779 | rev=0.247 und=n/a q=0.418 sup={'Supervisor': 148} hasplus2=247311  (51s, wall 225s)
  [ctrl 27/45] targeted_split c9  u110 b1.00 r0.25 s303 | rule=6252 m0=1873 rsup=4666 m0sup=1822 | rev=0.241 und=n/a q=0.507 sup={'Supervisor': 148} hasplus2=279943  (82s, wall 230s)
  [ctrl 28/45] targeted_split c9  u100 b1.00 r0.25 s303 | rule=3645 m0=1970 rsup=2693 m0sup=1832 | rev=0.248 und=n/a q=0.424 sup={'Supervisor': 148} hasplus2=247424  (44s, wall 232s)
  [ctrl 29/45] targeted_split c9  u90  b0.00 r0.25 s302 | rule=1203 m0=1209 rsup=1117 m0sup=1107 | rev=0.247 und=n/a q=0.111 sup={'Supervisor': 148} hasplus2=198507  (26s, wall 232s)
  [ctrl 30/45] targeted_split c9  u90  b0.00 r0.25 s303 | rule=1203 m0=1196 rsup=1117 m0sup=1110 | rev=0.248 und=n/a q=0.119 sup={'Supervisor': 148} hasplus2=198476  (26s, wall 235s)
  [ctrl 31/45] targeted_split c9  u70  b0.00 r0.25 s301 | rule=863 m0=863 rsup=854 m0sup=855 | rev=0.246 und=n/a q=0.042 sup={'Supervisor': 148} hasplus2=59221  (7s, wall 238s)
  [ctrl 32/45] targeted_split c9  u70  b0.00 r0.25 s302 | rule=863 m0=863 rsup=854 m0sup=851 | rev=0.246 und=n/a q=0.041 sup={'Supervisor': 148} hasplus2=58857  (7s, wall 239s)
  [ctrl 33/45] targeted_split c9  u90  b0.50 r0.25 s301 | rule=1658 m0=1525 rsup=1572 m0sup=1435 | rev=0.249 und=n/a q=0.276 sup={'Supervisor': 148} hasplus2=198865  (26s, wall 240s)
  [ctrl 34/45] targeted_split c9  u70  b0.00 r0.25 s303 | rule=863 m0=865 rsup=854 m0sup=855 | rev=0.248 und=n/a q=0.000 sup={'Supervisor': 148} hasplus2=58726  (7s, wall 241s)
  [ctrl 35/45] targeted_split c9  u90  b0.50 r0.25 s302 | rule=1658 m0=1485 rsup=1572 m0sup=1439 | rev=0.248 und=n/a q=0.234 sup={'Supervisor': 148} hasplus2=198574  (26s, wall 241s)
  [ctrl 36/45] targeted_split c9  u90  b0.50 r0.25 s303 | rule=1658 m0=1555 rsup=1572 m0sup=1438 | rev=0.248 und=n/a q=0.304 sup={'Supervisor': 148} hasplus2=198638  (26s, wall 243s)
  [ctrl 37/45] targeted_split c9  u70  b0.50 r0.25 s301 | rule=981 m0=976 rsup=982 m0sup=975 | rev=0.251 und=n/a q=0.118 sup={'Supervisor': 148} hasplus2=59241  (7s, wall 245s)
  [ctrl 38/45] targeted_split c9  u70  b0.50 r0.25 s303 | rule=981 m0=981 rsup=982 m0sup=980 | rev=0.251 und=n/a q=0.114 sup={'Supervisor': 148} hasplus2=58948  (7s, wall 247s)
  [ctrl 39/45] targeted_split c9  u90  b1.00 r0.25 s301 | rule=1752 m0=1432 rsup=1619 m0sup=1425 | rev=0.249 und=n/a q=0.356 sup={'Supervisor': 148} hasplus2=198568  (31s, wall 248s)
  [ctrl 40/45] targeted_split c9  u70  b1.00 r0.25 s302 | rule=1012 m0=991 rsup=1010 m0sup=994 | rev=0.250 und=n/a q=0.179 sup={'Supervisor': 148} hasplus2=58998  (7s, wall 248s)
  [ctrl 41/45] targeted_split c9  u70  b1.00 r0.25 s301 | rule=1012 m0=1000 rsup=1010 m0sup=997 | rev=0.250 und=n/a q=0.135 sup={'Supervisor': 148} hasplus2=59064  (7s, wall 248s)
  [ctrl 42/45] targeted_split c9  u70  b0.50 r0.25 s302 | rule=981 m0=987 rsup=982 m0sup=986 | rev=0.251 und=n/a q=0.097 sup={'Supervisor': 148} hasplus2=59072  (10s, wall 249s)
  [ctrl 43/45] targeted_split c9  u70  b1.00 r0.25 s303 | rule=1012 m0=998 rsup=1010 m0sup=999 | rev=0.251 und=n/a q=0.137 sup={'Supervisor': 148} hasplus2=58970  (7s, wall 250s)
  [ctrl 44/45] targeted_split c9  u90  b1.00 r0.25 s302 | rule=1752 m0=1433 rsup=1619 m0sup=1425 | rev=0.248 und=n/a q=0.250 sup={'Supervisor': 148} hasplus2=198567  (26s, wall 251s)
  [ctrl 45/45] targeted_split c9  u90  b1.00 r0.25 s303 | rule=1752 m0=1436 rsup=1619 m0sup=1422 | rev=0.248 und=n/a q=0.258 sup={'Supervisor': 148} hasplus2=198637  (29s, wall 259s)
[dump] wrote /home/ziheng/PaperY3/fm-hitl/results/y3_w1b/ctrl_records.json (45 records)
