[grid] published map, read from /home/ziheng/PaperY3/fm-hitl/results/y3_p4/e3_map_summary.json:
       campuses=[9, 10] u=[70, 90, 100, 110, 130] beta=[0.0, 0.5, 1.0] rho=0.25 seeds=3 cells=30 channel=full_class_shift
[map] 90 cell-seed tasks, 9 workers (1 thread each) -> /home/ziheng/PaperY3/fm-hitl/results/y3_w1b/map.csv
  [map 1/90] stability      c10 u130 b0.00 r0.25 s301 | rule=32173 m0=19417 rsup=9826 m0sup=7050 | rev=0.248 und=0.969 q=0.797 sup={'StabilityRoutingSupervisor': 148} hasplus2=0 CACHED (2058s, wall 0s)
  [map 2/90] stability      c10 u130 b0.00 r0.25 s303 | rule=32173 m0=19805 rsup=10042 m0sup=7306 | rev=0.249 und=0.972 q=0.826 sup={'StabilityRoutingSupervisor': 148} hasplus2=0 CACHED (2141s, wall 0s)
  [map 3/90] stability      c10 u130 b0.00 r0.25 s302 | rule=32173 m0=20548 rsup=9645 m0sup=7230 | rev=0.249 und=0.971 q=0.819 sup={'StabilityRoutingSupervisor': 148} hasplus2=0 CACHED (2098s, wall 0s)
  [map 4/90] stability      c10 u130 b0.50 r0.25 s302 | rule=62994 m0=16684 rsup=23242 m0sup=6106 | rev=0.249 und=0.968 q=0.755 sup={'StabilityRoutingSupervisor': 148} hasplus2=0 CACHED (2269s, wall 0s)
  [map 5/90] stability      c10 u110 b0.00 r0.25 s301 | rule=8335 m0=5808 rsup=2990 m0sup=2905 | rev=0.249 und=0.868 q=0.394 sup={'StabilityRoutingSupervisor': 148} hasplus2=0 CACHED (1012s, wall 0s)
  [map 6/90] stability      c10 u130 b0.50 r0.25 s301 | rule=62994 m0=16864 rsup=24207 m0sup=6834 | rev=0.249 und=0.967 q=0.743 sup={'StabilityRoutingSupervisor': 148} hasplus2=0 CACHED (2296s, wall 0s)
  [map 7/90] stability      c10 u110 b0.00 r0.25 s302 | rule=8335 m0=6090 rsup=2975 m0sup=3325 | rev=0.250 und=0.857 q=0.326 sup={'StabilityRoutingSupervisor': 148} hasplus2=0 CACHED (1015s, wall 0s)
  [map 8/90] stability      c10 u130 b0.50 r0.25 s303 | rule=62994 m0=21151 rsup=24205 m0sup=9603 | rev=0.249 und=0.974 q=0.805 sup={'StabilityRoutingSupervisor': 148} hasplus2=0 CACHED (2408s, wall 0s)
  [map 9/90] stability      c10 u130 b1.00 r0.25 s303 | rule=96719 m0=7626 rsup=45438 m0sup=4926 | rev=0.250 und=0.952 q=0.530 sup={'StabilityRoutingSupervisor': 148} hasplus2=0 CACHED (2758s, wall 0s)
  [map 10/90] stability      c10 u130 b1.00 r0.25 s301 | rule=96719 m0=9778 rsup=44513 m0sup=7135 | rev=0.250 und=0.956 q=0.556 sup={'StabilityRoutingSupervisor': 148} hasplus2=0 CACHED (2675s, wall 0s)
  [map 11/90] stability      c10 u130 b1.00 r0.25 s302 | rule=96719 m0=11246 rsup=48547 m0sup=9321 | rev=0.250 und=0.954 q=0.541 sup={'StabilityRoutingSupervisor': 148} hasplus2=0 CACHED (2673s, wall 0s)
  [map 12/90] stability      c10 u110 b0.00 r0.25 s303 | rule=8335 m0=6041 rsup=2786 m0sup=3106 | rev=0.249 und=0.857 q=0.316 sup={'StabilityRoutingSupervisor': 148} hasplus2=0 CACHED (1071s, wall 0s)
  [map 13/90] stability      c10 u110 b0.50 r0.25 s303 | rule=15631 m0=5001 rsup=7037 m0sup=2975 | rev=0.250 und=0.940 q=0.502 sup={'StabilityRoutingSupervisor': 148} hasplus2=0 CACHED (1105s, wall 0s)
  [map 14/90] stability      c10 u110 b0.50 r0.25 s301 | rule=15631 m0=4948 rsup=8232 m0sup=2942 | rev=0.250 und=0.930 q=0.493 sup={'StabilityRoutingSupervisor': 148} hasplus2=0 CACHED (1158s, wall 0s)
  [map 15/90] stability      c10 u110 b0.50 r0.25 s302 | rule=15631 m0=5894 rsup=7482 m0sup=3233 | rev=0.250 und=0.896 q=0.429 sup={'StabilityRoutingSupervisor': 148} hasplus2=0 CACHED (1111s, wall 0s)
  [map 16/90] stability      c10 u100 b0.50 r0.25 s303 | rule=6418 m0=6182 rsup=4418 m0sup=5049 | rev=0.246 und=0.844 q=0.178 sup={'StabilityRoutingSupervisor': 148} hasplus2=0  (593s, wall 593s)
  [map 17/90] stability      c10 u100 b0.50 r0.25 s302 | rule=6418 m0=3477 rsup=4360 m0sup=2787 | rev=0.250 und=0.839 q=0.136 sup={'StabilityRoutingSupervisor': 148} hasplus2=0  (608s, wall 608s)
  [map 18/90] stability      c10 u100 b0.00 r0.25 s301 | rule=3873 m0=3308 rsup=2280 m0sup=2242 | rev=0.250 und=0.817 q=0.085 sup={'StabilityRoutingSupervisor': 148} hasplus2=0  (614s, wall 614s)
  [map 19/90] stability      c10 u100 b0.00 r0.25 s303 | rule=3873 m0=3515 rsup=2289 m0sup=2442 | rev=0.250 und=0.829 q=0.100 sup={'StabilityRoutingSupervisor': 148} hasplus2=0  (620s, wall 620s)
  [map 20/90] stability      c10 u100 b0.00 r0.25 s302 | rule=3873 m0=3279 rsup=2266 m0sup=2292 | rev=0.250 und=0.822 q=0.090 sup={'StabilityRoutingSupervisor': 148} hasplus2=0  (622s, wall 622s)
  [map 21/90] stability      c10 u100 b0.50 r0.25 s301 | rule=6418 m0=3447 rsup=4413 m0sup=2714 | rev=0.250 und=0.842 q=0.177 sup={'StabilityRoutingSupervisor': 148} hasplus2=0  (637s, wall 637s)
  [map 22/90] stability      c10 u90  b0.00 r0.25 s302 | rule=1733 m0=1700 rsup=1230 m0sup=1260 | rev=0.250 und=0.740 q=0.031 sup={'StabilityRoutingSupervisor': 148} hasplus2=0  (330s, wall 952s)
  [map 23/90] stability      c10 u90  b0.00 r0.25 s301 | rule=1733 m0=1747 rsup=1223 m0sup=1241 | rev=0.250 und=0.759 q=0.041 sup={'StabilityRoutingSupervisor': 148} hasplus2=0  (343s, wall 963s)
  [map 24/90] stability      c10 u90  b0.00 r0.25 s303 | rule=1733 m0=1705 rsup=1231 m0sup=1261 | rev=0.250 und=0.703 q=0.020 sup={'StabilityRoutingSupervisor': 148} hasplus2=0  (349s, wall 986s)
  [map 25/90] stability      c10 u110 b1.00 r0.25 s302 | rule=22839 m0=3161 rsup=12843 m0sup=2663 | rev=0.250 und=0.929 q=0.486 sup={'StabilityRoutingSupervisor': 148} hasplus2=0  (1219s, wall 1219s)
  [map 26/90] stability      c10 u110 b1.00 r0.25 s303 | rule=22839 m0=3423 rsup=12952 m0sup=2795 | rev=0.249 und=0.877 q=0.373 sup={'StabilityRoutingSupervisor': 148} hasplus2=0  (1241s, wall 1241s)
  [map 27/90] stability      c10 u90  b0.50 r0.25 s301 | rule=2382 m0=2010 rsup=1854 m0sup=1761 | rev=0.249 und=0.792 q=0.080 sup={'StabilityRoutingSupervisor': 148} hasplus2=0  (329s, wall 1281s)
  [map 28/90] stability      c10 u90  b0.50 r0.25 s302 | rule=2382 m0=1983 rsup=1839 m0sup=1742 | rev=0.249 und=0.822 q=0.122 sup={'StabilityRoutingSupervisor': 148} hasplus2=0  (327s, wall 1290s)
  [map 29/90] stability      c10 u100 b1.00 r0.25 s302 | rule=8942 m0=3082 rsup=6717 m0sup=2816 | rev=0.250 und=0.843 q=0.167 sup={'StabilityRoutingSupervisor': 148} hasplus2=0  (686s, wall 1294s)
  [map 30/90] stability      c10 u110 b1.00 r0.25 s301 | rule=22839 m0=3081 rsup=12604 m0sup=2662 | rev=0.250 und=0.945 q=0.505 sup={'StabilityRoutingSupervisor': 148} hasplus2=0  (1297s, wall 1298s)
  [map 31/90] stability      c10 u100 b1.00 r0.25 s301 | rule=8942 m0=2929 rsup=6514 m0sup=2709 | rev=0.249 und=0.850 q=0.235 sup={'StabilityRoutingSupervisor': 148} hasplus2=0  (705s, wall 1298s)
  [map 32/90] stability      c10 u100 b1.00 r0.25 s303 | rule=8942 m0=2962 rsup=6546 m0sup=2686 | rev=0.250 und=0.851 q=0.238 sup={'StabilityRoutingSupervisor': 148} hasplus2=0  (712s, wall 1326s)
  [map 33/90] stability      c10 u90  b0.50 r0.25 s303 | rule=2382 m0=2017 rsup=1852 m0sup=1764 | rev=0.250 und=0.787 q=0.071 sup={'StabilityRoutingSupervisor': 148} hasplus2=0  (352s, wall 1338s)
  [map 34/90] stability      c9  u130 b0.00 r0.25 s301 | rule=6106 m0=6068 rsup=3919 m0sup=4473 | rev=0.249 und=0.929 q=0.894 sup={'StabilityRoutingSupervisor': 148} hasplus2=0  (107s, wall 1397s)
  [map 35/90] stability      c9  u130 b0.00 r0.25 s302 | rule=6106 m0=5870 rsup=3977 m0sup=4174 | rev=0.249 und=0.947 q=0.932 sup={'StabilityRoutingSupervisor': 148} hasplus2=0  (107s, wall 1401s)
  [map 36/90] stability      c9  u130 b0.50 r0.25 s301 | rule=11107 m0=4807 rsup=5246 m0sup=3149 | rev=0.250 und=0.897 q=0.727 sup={'StabilityRoutingSupervisor': 148} hasplus2=0  (117s, wall 1415s)
  [map 37/90] stability      c9  u130 b0.50 r0.25 s302 | rule=11107 m0=4351 rsup=4373 m0sup=2818 | rev=0.250 und=0.897 q=0.719 sup={'StabilityRoutingSupervisor': 148} hasplus2=0  (113s, wall 1439s)
  [map 38/90] stability      c9  u130 b0.00 r0.25 s303 | rule=6106 m0=5665 rsup=3984 m0sup=4072 | rev=0.248 und=0.932 q=0.899 sup={'StabilityRoutingSupervisor': 148} hasplus2=0  (145s, wall 1442s)
  [map 39/90] stability      c9  u130 b0.50 r0.25 s303 | rule=11107 m0=4118 rsup=5724 m0sup=2939 | rev=0.249 und=0.892 q=0.691 sup={'StabilityRoutingSupervisor': 148} hasplus2=0  (146s, wall 1484s)
  [map 40/90] stability      c9  u110 b0.00 r0.25 s301 | rule=2735 m0=2903 rsup=2154 m0sup=2304 | rev=0.243 und=0.852 q=0.556 sup={'StabilityRoutingSupervisor': 148} hasplus2=0  (58s, wall 1497s)
  [map 41/90] stability      c9  u110 b0.00 r0.25 s302 | rule=2735 m0=2785 rsup=2129 m0sup=2196 | rev=0.241 und=0.855 q=0.546 sup={'StabilityRoutingSupervisor': 148} hasplus2=0  (57s, wall 1499s)
  [map 42/90] stability      c9  u130 b1.00 r0.25 s302 | rule=17721 m0=2383 rsup=8672 m0sup=2165 | rev=0.246 und=0.873 q=0.559 sup={'StabilityRoutingSupervisor': 148} hasplus2=0  (134s, wall 1535s)
  [map 43/90] stability      c9  u130 b1.00 r0.25 s301 | rule=17721 m0=3285 rsup=9602 m0sup=2521 | rev=0.247 und=0.890 q=0.670 sup={'StabilityRoutingSupervisor': 148} hasplus2=0  (143s, wall 1540s)
  [map 44/90] stability      c9  u110 b0.00 r0.25 s303 | rule=2735 m0=2793 rsup=2168 m0sup=2206 | rev=0.248 und=0.848 q=0.484 sup={'StabilityRoutingSupervisor': 148} hasplus2=0  (63s, wall 1547s)
  [map 45/90] stability      c9  u130 b1.00 r0.25 s303 | rule=17721 m0=2252 rsup=8688 m0sup=1980 | rev=0.248 und=0.878 q=0.556 sup={'StabilityRoutingSupervisor': 148} hasplus2=0  (133s, wall 1548s)
  [map 46/90] stability      c9  u110 b0.50 r0.25 s301 | rule=4374 m0=2436 rsup=3164 m0sup=2097 | rev=0.249 und=0.863 q=0.584 sup={'StabilityRoutingSupervisor': 148} hasplus2=0  (61s, wall 1557s)
  [map 47/90] stability      c9  u110 b0.50 r0.25 s302 | rule=4374 m0=2548 rsup=3360 m0sup=2145 | rev=0.249 und=0.865 q=0.584 sup={'StabilityRoutingSupervisor': 148} hasplus2=0  (64s, wall 1563s)
  [map 48/90] stability      c10 u90  b1.00 r0.25 s301 | rule=3014 m0=2200 rsup=2198 m0sup=1950 | rev=0.249 und=0.740 q=0.040 sup={'StabilityRoutingSupervisor': 148} hasplus2=0  (355s, wall 1574s)
  [map 49/90] stability      c9  u100 b0.00 r0.25 s301 | rule=1767 m0=1832 rsup=1534 m0sup=1543 | rev=0.250 und=0.800 q=0.194 sup={'StabilityRoutingSupervisor': 148} hasplus2=0  (43s, wall 1600s)
  [map 50/90] stability      c10 u90  b1.00 r0.25 s302 | rule=3014 m0=2044 rsup=2231 m0sup=1933 | rev=0.249 und=0.757 q=0.053 sup={'StabilityRoutingSupervisor': 148} hasplus2=0  (363s, wall 1604s)
  [map 51/90] stability      c9  u100 b0.00 r0.25 s302 | rule=1767 m0=1781 rsup=1552 m0sup=1555 | rev=0.249 und=0.795 q=0.198 sup={'StabilityRoutingSupervisor': 148} hasplus2=0  (47s, wall 1610s)
  [map 52/90] stability      c9  u110 b0.50 r0.25 s303 | rule=4374 m0=2330 rsup=3211 m0sup=2013 | rev=0.250 und=0.863 q=0.581 sup={'StabilityRoutingSupervisor': 148} hasplus2=0  (76s, wall 1610s)
  [map 53/90] stability      c9  u110 b1.00 r0.25 s302 | rule=6252 m0=1997 rsup=5005 m0sup=1916 | rev=0.248 und=0.846 q=0.453 sup={'StabilityRoutingSupervisor': 148} hasplus2=0  (72s, wall 1620s)
  [map 54/90] stability      c9  u100 b0.00 r0.25 s303 | rule=1767 m0=1836 rsup=1542 m0sup=1546 | rev=0.248 und=0.797 q=0.180 sup={'StabilityRoutingSupervisor': 148} hasplus2=0  (48s, wall 1622s)
  [map 55/90] stability      c9  u110 b1.00 r0.25 s301 | rule=6252 m0=1932 rsup=4768 m0sup=1851 | rev=0.248 und=0.850 q=0.451 sup={'StabilityRoutingSupervisor': 148} hasplus2=0  (82s, wall 1622s)
  [map 56/90] stability      c9  u110 b1.00 r0.25 s303 | rule=6252 m0=2045 rsup=4958 m0sup=1916 | rev=0.248 und=0.857 q=0.500 sup={'StabilityRoutingSupervisor': 148} hasplus2=0  (77s, wall 1624s)
  [map 57/90] stability      c9  u100 b0.50 r0.25 s301 | rule=2796 m0=2135 rsup=2090 m0sup=1802 | rev=0.248 und=0.837 q=0.422 sup={'StabilityRoutingSupervisor': 148} hasplus2=0  (48s, wall 1648s)
  [map 58/90] stability      c10 u90  b1.00 r0.25 s303 | rule=3014 m0=2214 rsup=2205 m0sup=1965 | rev=0.249 und=0.768 q=0.057 sup={'StabilityRoutingSupervisor': 148} hasplus2=0  (373s, wall 1654s)
  [map 59/90] stability      c9  u100 b1.00 r0.25 s301 | rule=3645 m0=1866 rsup=2665 m0sup=1829 | rev=0.247 und=0.817 q=0.364 sup={'StabilityRoutingSupervisor': 148} hasplus2=0  (47s, wall 1657s)
  [map 60/90] stability      c9  u100 b0.50 r0.25 s303 | rule=2796 m0=2008 rsup=2080 m0sup=1813 | rev=0.247 und=0.832 q=0.340 sup={'StabilityRoutingSupervisor': 148} hasplus2=0  (48s, wall 1657s)
  [map 61/90] stability      c9  u100 b0.50 r0.25 s302 | rule=2796 m0=2019 rsup=2178 m0sup=1857 | rev=0.244 und=0.830 q=0.391 sup={'StabilityRoutingSupervisor': 148} hasplus2=0  (56s, wall 1660s)
  [map 62/90] stability      c10 u70  b0.00 r0.25 s302 | rule=786 m0=785 rsup=786 m0sup=785 | rev=0.013 und=0.013 q=0.001 sup={'StabilityRoutingSupervisor': 148} hasplus2=0  (40s, wall 1664s)
  [map 63/90] stability      c9  u100 b1.00 r0.25 s303 | rule=3645 m0=1880 rsup=2739 m0sup=1850 | rev=0.245 und=0.809 q=0.269 sup={'StabilityRoutingSupervisor': 148} hasplus2=0  (43s, wall 1665s)
  [map 64/90] stability      c9  u100 b1.00 r0.25 s302 | rule=3645 m0=1907 rsup=2783 m0sup=1854 | rev=0.246 und=0.817 q=0.321 sup={'StabilityRoutingSupervisor': 148} hasplus2=0  (48s, wall 1668s)
  [map 65/90] stability      c10 u70  b0.00 r0.25 s301 | rule=786 m0=789 rsup=785 m0sup=785 | rev=0.046 und=0.046 q=0.017 sup={'StabilityRoutingSupervisor': 148} hasplus2=0  (49s, wall 1671s)
  [map 66/90] stability      c10 u70  b0.50 r0.25 s301 | rule=1182 m0=1181 rsup=1180 m0sup=1180 | rev=0.040 und=0.040 q=0.009 sup={'StabilityRoutingSupervisor': 148} hasplus2=0  (38s, wall 1692s)
  [map 67/90] stability      c10 u70  b0.50 r0.25 s303 | rule=1182 m0=1178 rsup=1180 m0sup=1179 | rev=0.045 und=0.045 q=0.014 sup={'StabilityRoutingSupervisor': 148} hasplus2=0  (37s, wall 1695s)
  [map 68/90] stability      c10 u70  b0.50 r0.25 s302 | rule=1182 m0=1182 rsup=1178 m0sup=1178 | rev=0.047 und=0.047 q=0.016 sup={'StabilityRoutingSupervisor': 148} hasplus2=0  (39s, wall 1696s)
  [map 69/90] stability      c9  u90  b0.00 r0.25 s302 | rule=1203 m0=1210 rsup=1130 m0sup=1125 | rev=0.249 und=0.730 q=0.050 sup={'StabilityRoutingSupervisor': 148} hasplus2=0  (29s, wall 1700s)
  [map 70/90] stability      c10 u70  b1.00 r0.25 s302 | rule=1448 m0=1449 rsup=1447 m0sup=1447 | rev=0.247 und=0.451 q=0.008 sup={'StabilityRoutingSupervisor': 148} hasplus2=0  (37s, wall 1701s)
  [map 71/90] stability      c10 u70  b0.00 r0.25 s303 | rule=786 m0=786 rsup=785 m0sup=786 | rev=0.229 und=0.267 q=0.003 sup={'StabilityRoutingSupervisor': 148} hasplus2=0  (53s, wall 1702s)
  [map 72/90] stability      c10 u70  b1.00 r0.25 s303 | rule=1448 m0=1446 rsup=1446 m0sup=1446 | rev=0.181 und=0.192 q=0.002 sup={'StabilityRoutingSupervisor': 148} hasplus2=0  (37s, wall 1702s)
  [map 73/90] stability      c10 u70  b1.00 r0.25 s301 | rule=1448 m0=1446 rsup=1446 m0sup=1446 | rev=0.017 und=0.017 q=0.002 sup={'StabilityRoutingSupervisor': 148} hasplus2=0  (44s, wall 1704s)
  [map 74/90] stability      c9  u70  b0.00 r0.25 s301 | rule=863 m0=867 rsup=856 m0sup=860 | rev=0.174 und=0.183 q=0.006 sup={'StabilityRoutingSupervisor': 148} hasplus2=0 CACHED (7s, wall 1704s)
  [map 75/90] stability      c9  u90  b0.00 r0.25 s301 | rule=1203 m0=1181 rsup=1132 m0sup=1121 | rev=0.249 und=0.685 q=0.041 sup={'StabilityRoutingSupervisor': 148} hasplus2=0  (39s, wall 1707s)
  [map 76/90] stability      c9  u70  b0.00 r0.25 s302 | rule=863 m0=867 rsup=857 m0sup=860 | rev=0.202 und=0.242 q=0.004 sup={'StabilityRoutingSupervisor': 148} hasplus2=0  (7s, wall 1711s)
  [map 77/90] stability      c9  u70  b0.00 r0.25 s303 | rule=863 m0=863 rsup=863 m0sup=863 | rev=0.000 und=0.000 q=0.000 sup={'StabilityRoutingSupervisor': 148} hasplus2=0  (10s, wall 1717s)
  [map 78/90] stability      c9  u70  b0.50 r0.25 s301 | rule=981 m0=977 rsup=978 m0sup=977 | rev=0.000 und=0.000 q=0.000 sup={'StabilityRoutingSupervisor': 148} hasplus2=0  (9s, wall 1720s)
  [map 79/90] stability      c9  u90  b0.00 r0.25 s303 | rule=1203 m0=1207 rsup=1128 m0sup=1123 | rev=0.250 und=0.731 q=0.075 sup={'StabilityRoutingSupervisor': 148} hasplus2=0  (29s, wall 1721s)
  [map 80/90] stability      c9  u90  b0.50 r0.25 s301 | rule=1658 m0=1537 rsup=1579 m0sup=1450 | rev=0.240 und=0.812 q=0.238 sup={'StabilityRoutingSupervisor': 148} hasplus2=0  (29s, wall 1724s)
  [map 81/90] stability      c9  u70  b0.50 r0.25 s302 | rule=981 m0=981 rsup=981 m0sup=981 | rev=0.000 und=0.000 q=0.000 sup={'StabilityRoutingSupervisor': 148} hasplus2=0  (7s, wall 1724s)
  [map 82/90] stability      c9  u90  b0.50 r0.25 s302 | rule=1658 m0=1488 rsup=1573 m0sup=1431 | rev=0.243 und=0.804 q=0.210 sup={'StabilityRoutingSupervisor': 148} hasplus2=0  (29s, wall 1725s)
  [map 83/90] stability      c9  u70  b1.00 r0.25 s301 | rule=1012 m0=996 rsup=1006 m0sup=994 | rev=0.232 und=0.726 q=0.117 sup={'StabilityRoutingSupervisor': 148} hasplus2=0  (9s, wall 1730s)
  [map 84/90] stability      c9  u70  b1.00 r0.25 s302 | rule=1012 m0=1012 rsup=1012 m0sup=1012 | rev=0.000 und=0.000 q=0.000 sup={'StabilityRoutingSupervisor': 148} hasplus2=0  (7s, wall 1731s)
  [map 85/90] stability      c9  u70  b0.50 r0.25 s303 | rule=981 m0=981 rsup=981 m0sup=981 | rev=0.000 und=0.000 q=0.000 sup={'StabilityRoutingSupervisor': 148} hasplus2=0  (10s, wall 1731s)
  [map 86/90] stability      c9  u70  b1.00 r0.25 s303 | rule=1012 m0=1012 rsup=1012 m0sup=1012 | rev=0.000 und=0.000 q=0.000 sup={'StabilityRoutingSupervisor': 148} hasplus2=0  (7s, wall 1731s)
  [map 87/90] stability      c9  u90  b1.00 r0.25 s301 | rule=1752 m0=1477 rsup=1658 m0sup=1456 | rev=0.248 und=0.791 q=0.195 sup={'StabilityRoutingSupervisor': 148} hasplus2=0  (31s, wall 1732s)
  [map 88/90] stability      c9  u90  b0.50 r0.25 s303 | rule=1658 m0=1482 rsup=1570 m0sup=1441 | rev=0.235 und=0.821 q=0.329 sup={'StabilityRoutingSupervisor': 148} hasplus2=0  (33s, wall 1733s)
  [map 89/90] stability      c9  u90  b1.00 r0.25 s302 | rule=1752 m0=1453 rsup=1655 m0sup=1440 | rev=0.246 und=0.777 q=0.153 sup={'StabilityRoutingSupervisor': 148} hasplus2=0  (33s, wall 1734s)
  [map 90/90] stability      c9  u90  b1.00 r0.25 s303 | rule=1752 m0=1464 rsup=1650 m0sup=1445 | rev=0.243 und=0.784 q=0.173 sup={'StabilityRoutingSupervisor': 148} hasplus2=0  (37s, wall 1739s)
[dump] wrote /home/ziheng/PaperY3/fm-hitl/results/y3_w1b/map_records.json (90 records)
