[config] locked cell matches y3_w1_sweep; deployable stability routing; 1 numeric thread asserted
  [pool] c09_u100  30 files, held-out 0020..0029, 2253 orders/instance
  [pool] c09_u130  30 files, held-out 0020..0029, 2955 orders/instance
  [pool] c10_u100  30 files, held-out 0020..0029, 9155 orders/instance
  [pool] c10_u130  30 files, held-out 0020..0029, 12155 orders/instance
[preflight] 10 overlay worlds built and recorded, 4 instance pools checked -> results/y3_w9/preflight.json
[sweep] 8 cells x 10 worlds x 3 seeds = 240 folds; 2 already on disk, 238 to run, 10 workers
  [  1/238] A_c9_u100_b1.00_eps0.00  world 20001 seed 303 | rule=  1399.2 m0=  1171.5 gain=+16.28% | rev=0.248 und=0.805 | 38s (elapsed 38s)
  [gate] A_c9_u100_b1.00_eps0.00 world 12345 seed 303 reproduces the committed results/y3_w1 record bit for bit
  [  2/238] A_c9_u100_b1.00_eps0.00  world 12345 seed 303 | rule=  3644.8 m0=  1880.3 gain=+48.41% | rev=0.245 und=0.809 | 40s (elapsed 40s)
  [  3/238] A_c9_u100_b1.00_eps0.00  world 20002 seed 302 | rule=  4058.2 m0=  3597.1 gain=+11.36% | rev=0.250 und=0.637 | 40s (elapsed 40s)
  [gate] A_c9_u100_b1.00_eps0.00 world 12345 seed 301 reproduces the committed results/y3_w1 record bit for bit
  [  4/238] A_c9_u100_b1.00_eps0.00  world 12345 seed 301 | rule=  3644.8 m0=  1866.2 gain=+48.80% | rev=0.247 und=0.817 | 40s (elapsed 40s)
  [  5/238] A_c9_u100_b1.00_eps0.00  world 20002 seed 303 | rule=  4058.2 m0=  3636.0 gain=+10.40% | rev=0.249 und=0.782 | 40s (elapsed 40s)
  [  6/238] A_c9_u100_b1.00_eps0.00  world 20002 seed 301 | rule=  4058.2 m0=  3581.4 gain=+11.75% | rev=0.247 und=0.708 | 41s (elapsed 41s)
  [  7/238] A_c9_u100_b1.00_eps0.00  world 20003 seed 301 | rule=  2942.0 m0=  2396.2 gain=+18.55% | rev=0.250 und=0.811 | 46s (elapsed 46s)
  [  8/238] A_c9_u100_b1.00_eps0.00  world 20001 seed 302 | rule=  1399.2 m0=  1146.5 gain=+18.06% | rev=0.249 und=0.808 | 55s (elapsed 55s)
  [gate] A_c9_u100_b1.00_eps0.00 world 12345 seed 302 reproduces the committed results/y3_w1 record bit for bit
  [  9/238] A_c9_u100_b1.00_eps0.00  world 12345 seed 302 | rule=  3644.8 m0=  1907.5 gain=+47.67% | rev=0.246 und=0.817 | 57s (elapsed 57s)
  [ 10/238] A_c9_u100_b1.00_eps0.00  world 20003 seed 302 | rule=  2942.0 m0=  2311.5 gain=+21.43% | rev=0.250 und=0.826 | 60s (elapsed 60s)
  [ 11/238] A_c9_u100_b1.00_eps0.00  world 20005 seed 301 | rule=  1445.5 m0=  1411.6 gain= +2.35% | rev=0.250 und=0.719 | 40s (elapsed 81s)
  [ 12/238] A_c9_u100_b1.00_eps0.00  world 20003 seed 303 | rule=  2942.0 m0=  2311.1 gain=+21.45% | rev=0.250 und=0.815 | 43s (elapsed 81s)
  [ 13/238] A_c9_u100_b1.00_eps0.00  world 20005 seed 302 | rule=  1445.5 m0=  1407.6 gain= +2.63% | rev=0.249 und=0.734 | 40s (elapsed 82s)
  [ 14/238] A_c9_u100_b1.00_eps0.00  world 20004 seed 301 | rule=  4115.5 m0=  2973.5 gain=+27.75% | rev=0.243 und=0.806 | 43s (elapsed 82s)
  [ 15/238] A_c9_u100_b1.00_eps0.00  world 20004 seed 302 | rule=  4115.5 m0=  2945.4 gain=+28.43% | rev=0.244 und=0.802 | 43s (elapsed 83s)
  [ 16/238] A_c9_u100_b1.00_eps0.00  world 20004 seed 303 | rule=  4115.5 m0=  2885.8 gain=+29.88% | rev=0.243 und=0.804 | 43s (elapsed 83s)
  [ 17/238] A_c9_u100_b1.00_eps0.00  world 20005 seed 303 | rule=  1445.5 m0=  1418.3 gain= +1.89% | rev=0.008 und=0.008 | 41s (elapsed 87s)
  [ 18/238] A_c9_u100_b1.00_eps0.00  world 20006 seed 301 | rule=  3003.9 m0=  2121.3 gain=+29.38% | rev=0.249 und=0.780 | 61s (elapsed 116s)
  [ 19/238] A_c9_u100_b1.00_eps0.00  world 20006 seed 302 | rule=  3003.9 m0=  2082.1 gain=+30.69% | rev=0.249 und=0.774 | 60s (elapsed 117s)
  [ 20/238] A_c9_u100_b1.00_eps0.00  world 20006 seed 303 | rule=  3003.9 m0=  2177.1 gain=+27.53% | rev=0.249 und=0.788 | 60s (elapsed 120s)
  [ 21/238] A_c9_u100_b1.00_eps0.00  world 20008 seed 301 | rule=   935.7 m0=   478.5 gain=+48.86% | rev=0.249 und=0.692 | 40s (elapsed 123s)
  [ 22/238] A_c9_u100_b1.00_eps0.00  world 20007 seed 302 | rule=  4482.9 m0=  3599.4 gain=+19.71% | rev=0.249 und=0.796 | 42s (elapsed 123s)
  [ 23/238] A_c9_u100_b1.00_eps0.00  world 20007 seed 301 | rule=  4482.9 m0=  3390.4 gain=+24.37% | rev=0.249 und=0.825 | 42s (elapsed 123s)
  [ 24/238] A_c9_u100_b1.00_eps0.00  world 20008 seed 302 | rule=   935.7 m0=   473.1 gain=+49.44% | rev=0.249 und=0.682 | 40s (elapsed 123s)
  [ 25/238] A_c9_u100_b1.00_eps0.00  world 20008 seed 303 | rule=   935.7 m0=   478.6 gain=+48.85% | rev=0.249 und=0.709 | 40s (elapsed 124s)
  [ 26/238] A_c9_u100_b1.00_eps0.00  world 20007 seed 303 | rule=  4482.9 m0=  3428.2 gain=+23.53% | rev=0.248 und=0.812 | 42s (elapsed 124s)
  [ 27/238] A_c9_u100_b1.00_eps0.00  world 20009 seed 301 | rule=  1026.6 m0=  1027.7 gain= -0.11% | rev=0.250 und=0.474 | 40s (elapsed 127s)
  [ 28/238] B_c9_u100_b0.20_eps0.00  world 12345 seed 303 | rule=  2242.3 m0=  1947.9 gain=+13.13% | rev=0.245 und=0.824 | 42s (elapsed 165s)
  [ 29/238] B_c9_u100_b0.20_eps0.00  world 12345 seed 302 | rule=  2242.3 m0=  2047.7 gain= +8.68% | rev=0.243 und=0.814 | 42s (elapsed 165s)
  [ 30/238] B_c9_u100_b0.20_eps0.00  world 20001 seed 301 | rule=  1555.4 m0=  1573.2 gain= -1.15% | rev=0.249 und=0.768 | 42s (elapsed 165s)
  [ 31/238] B_c9_u100_b0.20_eps0.00  world 20001 seed 302 | rule=  1555.4 m0=  1517.4 gain= +2.44% | rev=0.249 und=0.774 | 43s (elapsed 166s)
  [ 32/238] B_c9_u100_b0.20_eps0.00  world 20001 seed 303 | rule=  1555.4 m0=  1564.8 gain= -0.60% | rev=0.248 und=0.776 | 43s (elapsed 167s)
  [ 33/238] A_c9_u100_b1.00_eps0.00  world 20009 seed 302 | rule=  1026.6 m0=  1026.6 gain= +0.00% | rev=0.000 und=0.000 | 52s (elapsed 168s)
  [ 34/238] B_c9_u100_b0.20_eps0.00  world 20002 seed 301 | rule=  2721.5 m0=  2752.5 gain= -1.14% | rev=0.241 und=0.842 | 44s (elapsed 168s)
  [ 35/238] B_c9_u100_b0.20_eps0.00  world 20002 seed 302 | rule=  2721.5 m0=  2708.7 gain= +0.47% | rev=0.245 und=0.843 | 45s (elapsed 172s)
  [ 36/238] A_c9_u100_b1.00_eps0.00  world 20009 seed 303 | rule=  1026.6 m0=  1025.8 gain= +0.08% | rev=0.006 und=0.006 | 55s (elapsed 172s)
  [ 37/238] B_c9_u100_b0.20_eps0.00  world 12345 seed 301 | rule=  2242.3 m0=  2067.5 gain= +7.80% | rev=0.246 und=0.822 | 58s (elapsed 179s)
  [ 38/238] B_c9_u100_b0.20_eps0.00  world 20003 seed 301 | rule=  2169.7 m0=  2272.7 gain= -4.75% | rev=0.243 und=0.837 | 42s (elapsed 206s)
  [ 39/238] B_c9_u100_b0.20_eps0.00  world 20003 seed 302 | rule=  2169.7 m0=  2186.2 gain= -0.76% | rev=0.250 und=0.840 | 43s (elapsed 208s)
  [ 40/238] B_c9_u100_b0.20_eps0.00  world 20004 seed 301 | rule=  2911.6 m0=  3047.1 gain= -4.66% | rev=0.241 und=0.816 | 42s (elapsed 208s)
  [ 41/238] B_c9_u100_b0.20_eps0.00  world 20003 seed 303 | rule=  2169.7 m0=  2142.7 gain= +1.24% | rev=0.247 und=0.847 | 42s (elapsed 208s)
  [ 42/238] B_c9_u100_b0.20_eps0.00  world 20002 seed 303 | rule=  2721.5 m0=  2736.6 gain= -0.56% | rev=0.247 und=0.846 | 44s (elapsed 208s)
  [ 43/238] B_c9_u100_b0.20_eps0.00  world 20004 seed 303 | rule=  2911.6 m0=  2918.4 gain= -0.24% | rev=0.242 und=0.797 | 41s (elapsed 209s)
  [ 44/238] B_c9_u100_b0.20_eps0.00  world 20005 seed 301 | rule=  1849.4 m0=  1789.7 gain= +3.23% | rev=0.250 und=0.781 | 42s (elapsed 214s)
  [ 45/238] B_c9_u100_b0.20_eps0.00  world 20004 seed 302 | rule=  2911.6 m0=  3043.7 gain= -4.54% | rev=0.245 und=0.805 | 60s (elapsed 228s)
  [ 46/238] B_c9_u100_b0.20_eps0.00  world 20005 seed 302 | rule=  1849.4 m0=  1837.6 gain= +0.64% | rev=0.243 und=0.797 | 58s (elapsed 231s)
  [ 47/238] B_c9_u100_b0.20_eps0.00  world 20005 seed 303 | rule=  1849.4 m0=  1812.0 gain= +2.02% | rev=0.249 und=0.764 | 61s (elapsed 239s)
  [ 48/238] B_c9_u100_b0.20_eps0.00  world 20006 seed 301 | rule=  2391.3 m0=  2462.0 gain= -2.96% | rev=0.243 und=0.851 | 41s (elapsed 248s)
  [ 49/238] B_c9_u100_b0.20_eps0.00  world 20006 seed 302 | rule=  2391.3 m0=  2461.8 gain= -2.95% | rev=0.242 und=0.828 | 41s (elapsed 249s)
  [ 50/238] B_c9_u100_b0.20_eps0.00  world 20006 seed 303 | rule=  2391.3 m0=  2299.5 gain= +3.84% | rev=0.248 und=0.852 | 41s (elapsed 250s)
  [ 51/238] B_c9_u100_b0.20_eps0.00  world 20007 seed 301 | rule=  3066.0 m0=  2933.0 gain= +4.34% | rev=0.248 und=0.826 | 43s (elapsed 251s)
  [ 52/238] B_c9_u100_b0.20_eps0.00  world 20007 seed 302 | rule=  3066.0 m0=  2949.5 gain= +3.80% | rev=0.249 und=0.827 | 43s (elapsed 251s)
  [ 53/238] B_c9_u100_b0.20_eps0.00  world 20007 seed 303 | rule=  3066.0 m0=  2940.4 gain= +4.10% | rev=0.247 und=0.816 | 42s (elapsed 252s)
  [ 54/238] B_c9_u100_b0.20_eps0.00  world 20008 seed 301 | rule=  1193.6 m0=  1060.2 gain=+11.17% | rev=0.249 und=0.788 | 39s (elapsed 253s)
  [ 55/238] B_c9_u100_b0.20_eps0.00  world 20008 seed 302 | rule=  1193.6 m0=  1073.6 gain=+10.05% | rev=0.249 und=0.784 | 56s (elapsed 284s)
  [ 56/238] B_c9_u100_b0.20_eps0.00  world 20008 seed 303 | rule=  1193.6 m0=  1031.4 gain=+13.59% | rev=0.248 und=0.736 | 56s (elapsed 286s)
  [ 57/238] B_c9_u100_b0.20_eps0.00  world 20009 seed 302 | rule=  1419.9 m0=  1412.2 gain= +0.54% | rev=0.246 und=0.784 | 41s (elapsed 289s)
  [ 58/238] B_c9_u100_b0.20_eps0.00  world 20009 seed 303 | rule=  1419.9 m0=  1458.2 gain= -2.70% | rev=0.250 und=0.780 | 42s (elapsed 291s)
  [gate] C_c9_u100_b0.50_eps0.00 world 12345 seed 301 reproduces the committed results/y3_w1 record bit for bit
  [ 59/238] C_c9_u100_b0.50_eps0.00  world 12345 seed 301 | rule=  2796.5 m0=  2135.0 gain=+23.65% | rev=0.248 und=0.837 | 42s (elapsed 292s)
  [gate] C_c9_u100_b0.50_eps0.00 world 12345 seed 303 reproduces the committed results/y3_w1 record bit for bit
  [ 60/238] C_c9_u100_b0.50_eps0.00  world 12345 seed 303 | rule=  2796.5 m0=  2007.5 gain=+28.21% | rev=0.247 und=0.832 | 42s (elapsed 293s)
  [gate] C_c9_u100_b0.50_eps0.00 world 12345 seed 302 reproduces the committed results/y3_w1 record bit for bit
  [ 61/238] C_c9_u100_b0.50_eps0.00  world 12345 seed 302 | rule=  2796.5 m0=  2018.9 gain=+27.81% | rev=0.244 und=0.830 | 43s (elapsed 293s)
  [ 62/238] C_c9_u100_b0.50_eps0.00  world 20001 seed 301 | rule=  1446.6 m0=  1336.5 gain= +7.61% | rev=0.248 und=0.798 | 42s (elapsed 294s)
  [ 63/238] C_c9_u100_b0.50_eps0.00  world 20001 seed 302 | rule=  1446.6 m0=  1404.0 gain= +2.95% | rev=0.249 und=0.761 | 42s (elapsed 295s)
  [ 64/238] B_c9_u100_b0.20_eps0.00  world 20009 seed 301 | rule=  1419.9 m0=  1484.0 gain= -4.51% | rev=0.249 und=0.798 | 59s (elapsed 298s)
  [ 65/238] C_c9_u100_b0.50_eps0.00  world 20003 seed 301 | rule=  2593.6 m0=  2545.8 gain= +1.84% | rev=0.249 und=0.855 | 43s (elapsed 335s)
  [ 66/238] C_c9_u100_b0.50_eps0.00  world 20002 seed 302 | rule=  3395.0 m0=  3273.2 gain= +3.59% | rev=0.234 und=0.819 | 46s (elapsed 335s)
  [ 67/238] C_c9_u100_b0.50_eps0.00  world 20002 seed 303 | rule=  3395.0 m0=  3272.0 gain= +3.62% | rev=0.232 und=0.826 | 45s (elapsed 336s)
  [ 68/238] C_c9_u100_b0.50_eps0.00  world 20003 seed 302 | rule=  2593.6 m0=  2530.0 gain= +2.45% | rev=0.244 und=0.862 | 43s (elapsed 336s)
  [ 69/238] C_c9_u100_b0.50_eps0.00  world 20003 seed 303 | rule=  2593.6 m0=  2460.6 gain= +5.13% | rev=0.250 und=0.860 | 43s (elapsed 337s)
  [ 70/238] C_c9_u100_b0.50_eps0.00  world 20004 seed 301 | rule=  3722.3 m0=  3513.3 gain= +5.61% | rev=0.238 und=0.815 | 44s (elapsed 337s)
  [ 71/238] C_c9_u100_b0.50_eps0.00  world 20004 seed 302 | rule=  3722.3 m0=  3497.6 gain= +6.04% | rev=0.247 und=0.818 | 43s (elapsed 338s)
  [ 72/238] C_c9_u100_b0.50_eps0.00  world 20001 seed 303 | rule=  1446.6 m0=  1392.3 gain= +3.75% | rev=0.250 und=0.770 | 58s (elapsed 342s)
  [ 73/238] C_c9_u100_b0.50_eps0.00  world 20002 seed 301 | rule=  3395.0 m0=  3315.2 gain= +2.35% | rev=0.241 und=0.827 | 64s (elapsed 350s)
  [ 74/238] C_c9_u100_b0.50_eps0.00  world 20004 seed 303 | rule=  3722.3 m0=  3363.8 gain= +9.63% | rev=0.248 und=0.825 | 62s (elapsed 360s)
  [ 75/238] C_c9_u100_b0.50_eps0.00  world 20005 seed 302 | rule=  1709.1 m0=  1619.5 gain= +5.24% | rev=0.247 und=0.791 | 42s (elapsed 377s)
  [ 76/238] C_c9_u100_b0.50_eps0.00  world 20006 seed 301 | rule=  2778.8 m0=  2802.1 gain= -0.84% | rev=0.248 und=0.852 | 41s (elapsed 378s)
  [ 77/238] C_c9_u100_b0.50_eps0.00  world 20005 seed 301 | rule=  1709.1 m0=  1671.0 gain= +2.23% | rev=0.246 und=0.810 | 43s (elapsed 378s)
  [ 78/238] C_c9_u100_b0.50_eps0.00  world 20005 seed 303 | rule=  1709.1 m0=  1613.9 gain= +5.57% | rev=0.246 und=0.789 | 42s (elapsed 378s)
  [ 79/238] C_c9_u100_b0.50_eps0.00  world 20006 seed 302 | rule=  2778.8 m0=  2862.1 gain= -3.00% | rev=0.244 und=0.857 | 42s (elapsed 379s)
  [ 80/238] C_c9_u100_b0.50_eps0.00  world 20006 seed 303 | rule=  2778.8 m0=  2758.4 gain= +0.73% | rev=0.249 und=0.856 | 42s (elapsed 379s)
  [ 81/238] C_c9_u100_b0.50_eps0.00  world 20007 seed 301 | rule=  3888.5 m0=  3250.6 gain=+16.40% | rev=0.248 und=0.840 | 43s (elapsed 381s)
  [ 82/238] C_c9_u100_b0.50_eps0.00  world 20007 seed 302 | rule=  3888.5 m0=  3360.3 gain=+13.58% | rev=0.250 und=0.823 | 61s (elapsed 403s)
  [ 83/238] C_c9_u100_b0.50_eps0.00  world 20007 seed 303 | rule=  3888.5 m0=  3292.2 gain=+15.33% | rev=0.248 und=0.819 | 60s (elapsed 410s)
  [ 84/238] C_c9_u100_b0.50_eps0.00  world 20008 seed 301 | rule=   970.3 m0=   698.5 gain=+28.00% | rev=0.248 und=0.775 | 56s (elapsed 416s)
  [ 85/238] C_c9_u100_b0.50_eps0.00  world 20008 seed 302 | rule=   970.3 m0=   716.5 gain=+26.15% | rev=0.248 und=0.779 | 39s (elapsed 416s)
  [ 86/238] C_c9_u100_b0.50_eps0.00  world 20008 seed 303 | rule=   970.3 m0=   790.5 gain=+18.52% | rev=0.248 und=0.719 | 40s (elapsed 417s)
  [ 87/238] C_c9_u100_b0.50_eps0.00  world 20009 seed 301 | rule=  1248.0 m0=  1269.3 gain= -1.70% | rev=0.250 und=0.786 | 42s (elapsed 419s)
  [ 88/238] C_c9_u100_b0.50_eps0.00  world 20009 seed 302 | rule=  1248.0 m0=  1187.4 gain= +4.85% | rev=0.249 und=0.772 | 41s (elapsed 419s)
  [ 89/238] C_c9_u100_b0.50_eps0.00  world 20009 seed 303 | rule=  1248.0 m0=  1232.7 gain= +1.22% | rev=0.249 und=0.731 | 42s (elapsed 420s)
  [gate] D_c9_u100_b0.00_eps0.00 world 12345 seed 301 reproduces the committed results/y3_w1 record bit for bit
  [ 90/238] D_c9_u100_b0.00_eps0.00  world 12345 seed 301 | rule=  1767.2 m0=  1832.5 gain= -3.69% | rev=0.250 und=0.800 | 41s (elapsed 420s)
  [gate] D_c9_u100_b0.00_eps0.00 world 12345 seed 302 reproduces the committed results/y3_w1 record bit for bit
  [ 91/238] D_c9_u100_b0.00_eps0.00  world 12345 seed 302 | rule=  1767.2 m0=  1781.2 gain= -0.79% | rev=0.249 und=0.795 | 42s (elapsed 423s)
  [ 92/238] D_c9_u100_b0.00_eps0.00  world 20002 seed 301 | rule=  1722.2 m0=  1726.4 gain= -0.24% | rev=0.250 und=0.670 | 41s (elapsed 458s)
  [ 93/238] D_c9_u100_b0.00_eps0.00  world 20001 seed 303 | rule=  1768.9 m0=  1760.9 gain= +0.45% | rev=0.250 und=0.790 | 42s (elapsed 459s)
  [ 94/238] D_c9_u100_b0.00_eps0.00  world 20002 seed 303 | rule=  1722.2 m0=  1784.0 gain= -3.59% | rev=0.247 und=0.764 | 41s (elapsed 460s)
  [ 95/238] D_c9_u100_b0.00_eps0.00  world 20002 seed 302 | rule=  1722.2 m0=  1738.5 gain= -0.95% | rev=0.249 und=0.778 | 42s (elapsed 461s)
  [ 96/238] D_c9_u100_b0.00_eps0.00  world 20003 seed 301 | rule=  1641.5 m0=  1640.4 gain= +0.07% | rev=0.248 und=0.778 | 41s (elapsed 462s)
  [gate] D_c9_u100_b0.00_eps0.00 world 12345 seed 303 reproduces the committed results/y3_w1 record bit for bit
  [ 97/238] D_c9_u100_b0.00_eps0.00  world 12345 seed 303 | rule=  1767.2 m0=  1836.1 gain= -3.90% | rev=0.248 und=0.797 | 60s (elapsed 463s)
  [ 98/238] D_c9_u100_b0.00_eps0.00  world 20003 seed 302 | rule=  1641.5 m0=  1730.9 gain= -5.44% | rev=0.245 und=0.795 | 43s (elapsed 463s)
  [ 99/238] D_c9_u100_b0.00_eps0.00  world 20003 seed 303 | rule=  1641.5 m0=  1673.0 gain= -1.92% | rev=0.249 und=0.780 | 42s (elapsed 465s)
  [100/238] D_c9_u100_b0.00_eps0.00  world 20001 seed 301 | rule=  1768.9 m0=  1776.7 gain= -0.44% | rev=0.249 und=0.769 | 58s (elapsed 469s)
  [101/238] D_c9_u100_b0.00_eps0.00  world 20001 seed 302 | rule=  1768.9 m0=  1775.4 gain= -0.37% | rev=0.250 und=0.785 | 58s (elapsed 474s)
  [102/238] D_c9_u100_b0.00_eps0.00  world 20004 seed 301 | rule=  1858.2 m0=  1884.0 gain= -1.39% | rev=0.250 und=0.806 | 41s (elapsed 499s)
  [103/238] D_c9_u100_b0.00_eps0.00  world 20004 seed 302 | rule=  1858.2 m0=  1879.8 gain= -1.16% | rev=0.248 und=0.794 | 41s (elapsed 500s)
  [104/238] D_c9_u100_b0.00_eps0.00  world 20004 seed 303 | rule=  1858.2 m0=  1882.1 gain= -1.29% | rev=0.246 und=0.756 | 41s (elapsed 501s)
  [105/238] D_c9_u100_b0.00_eps0.00  world 20005 seed 301 | rule=  1849.2 m0=  1879.0 gain= -1.61% | rev=0.250 und=0.776 | 42s (elapsed 503s)
  [106/238] D_c9_u100_b0.00_eps0.00  world 20005 seed 302 | rule=  1849.2 m0=  1887.9 gain= -2.09% | rev=0.247 und=0.783 | 41s (elapsed 503s)
  [107/238] D_c9_u100_b0.00_eps0.00  world 20006 seed 301 | rule=  1715.0 m0=  1688.8 gain= +1.52% | rev=0.249 und=0.812 | 41s (elapsed 504s)
  [108/238] D_c9_u100_b0.00_eps0.00  world 20006 seed 302 | rule=  1715.0 m0=  1682.5 gain= +1.89% | rev=0.248 und=0.795 | 41s (elapsed 506s)
  [109/238] D_c9_u100_b0.00_eps0.00  world 20005 seed 303 | rule=  1849.2 m0=  1894.8 gain= -2.47% | rev=0.246 und=0.785 | 58s (elapsed 520s)
  [110/238] D_c9_u100_b0.00_eps0.00  world 20006 seed 303 | rule=  1715.0 m0=  1777.0 gain= -3.62% | rev=0.250 und=0.798 | 59s (elapsed 528s)
  [111/238] D_c9_u100_b0.00_eps0.00  world 20007 seed 301 | rule=  1880.7 m0=  1920.1 gain= -2.09% | rev=0.250 und=0.794 | 56s (elapsed 531s)
  [112/238] D_c9_u100_b0.00_eps0.00  world 20007 seed 302 | rule=  1880.7 m0=  1975.2 gain= -5.02% | rev=0.249 und=0.802 | 41s (elapsed 540s)
  [113/238] D_c9_u100_b0.00_eps0.00  world 20007 seed 303 | rule=  1880.7 m0=  1873.4 gain= +0.39% | rev=0.249 und=0.793 | 41s (elapsed 541s)
  [114/238] D_c9_u100_b0.00_eps0.00  world 20008 seed 301 | rule=  1747.0 m0=  1796.3 gain= -2.82% | rev=0.247 und=0.795 | 41s (elapsed 542s)
  [115/238] D_c9_u100_b0.00_eps0.00  world 20008 seed 302 | rule=  1747.0 m0=  1796.1 gain= -2.81% | rev=0.250 und=0.778 | 42s (elapsed 544s)
  [116/238] D_c9_u100_b0.00_eps0.00  world 20008 seed 303 | rule=  1747.0 m0=  1816.5 gain= -3.98% | rev=0.250 und=0.803 | 42s (elapsed 545s)
  [117/238] D_c9_u100_b0.00_eps0.00  world 20009 seed 301 | rule=  1699.6 m0=  1778.2 gain= -4.62% | rev=0.244 und=0.777 | 41s (elapsed 545s)
  [118/238] D_c9_u100_b0.00_eps0.00  world 20009 seed 302 | rule=  1699.6 m0=  1734.8 gain= -2.07% | rev=0.250 und=0.785 | 41s (elapsed 547s)
  [119/238] D_c9_u100_b0.00_eps0.00  world 20009 seed 303 | rule=  1699.6 m0=  1738.7 gain= -2.30% | rev=0.249 und=0.794 | 59s (elapsed 579s)
  [120/238] E_c9_u130_b0.00_eps0.00  world 20001 seed 301 | rule=  6617.0 m0=  5943.7 gain=+10.18% | rev=0.247 und=0.937 | 98s (elapsed 639s)
  [121/238] E_c9_u130_b0.00_eps0.00  world 12345 seed 303 | rule=  6105.6 m0=  5664.5 gain= +7.22% | rev=0.248 und=0.932 | 103s (elapsed 643s)
  [122/238] E_c9_u130_b0.00_eps0.00  world 20001 seed 302 | rule=  6617.0 m0=  6091.6 gain= +7.94% | rev=0.249 und=0.941 | 101s (elapsed 643s)
  [123/238] E_c9_u130_b0.00_eps0.00  world 20001 seed 303 | rule=  6617.0 m0=  6078.6 gain= +8.14% | rev=0.248 und=0.934 | 101s (elapsed 645s)
  [124/238] E_c9_u130_b0.00_eps0.00  world 20002 seed 302 | rule=  6214.8 m0=  5692.7 gain= +8.40% | rev=0.248 und=0.944 | 102s (elapsed 647s)
  [125/238] E_c9_u130_b0.00_eps0.00  world 20002 seed 301 | rule=  6214.8 m0=  5870.5 gain= +5.54% | rev=0.249 und=0.931 | 103s (elapsed 648s)
  [126/238] E_c9_u130_b0.00_eps0.00  world 12345 seed 301 | rule=  6105.6 m0=  6068.3 gain= +0.61% | rev=0.249 und=0.929 | 152s (elapsed 680s)
  [127/238] E_c9_u130_b0.00_eps0.00  world 12345 seed 302 | rule=  6105.6 m0=  5870.4 gain= +3.85% | rev=0.249 und=0.947 | 151s (elapsed 682s)
  [128/238] E_c9_u130_b0.00_eps0.00  world 20002 seed 303 | rule=  6214.8 m0=  5834.0 gain= +6.13% | rev=0.248 und=0.940 | 151s (elapsed 699s)
  [129/238] E_c9_u130_b0.00_eps0.00  world 20003 seed 301 | rule=  6298.6 m0=  5680.6 gain= +9.81% | rev=0.249 und=0.935 | 149s (elapsed 728s)
  [130/238] E_c9_u130_b0.00_eps0.00  world 20003 seed 302 | rule=  6298.6 m0=  5377.5 gain=+14.62% | rev=0.248 und=0.916 | 100s (elapsed 739s)
  [131/238] E_c9_u130_b0.00_eps0.00  world 20003 seed 303 | rule=  6298.6 m0=  5608.8 gain=+10.95% | rev=0.249 und=0.919 | 100s (elapsed 743s)
  [132/238] E_c9_u130_b0.00_eps0.00  world 20004 seed 302 | rule=  6461.6 m0=  5630.4 gain=+12.86% | rev=0.248 und=0.922 | 98s (elapsed 744s)
  [133/238] E_c9_u130_b0.00_eps0.00  world 20004 seed 301 | rule=  6461.6 m0=  5828.8 gain= +9.79% | rev=0.248 und=0.934 | 101s (elapsed 744s)
  [134/238] E_c9_u130_b0.00_eps0.00  world 20004 seed 303 | rule=  6461.6 m0=  5606.4 gain=+13.23% | rev=0.249 und=0.916 | 99s (elapsed 746s)
  [135/238] E_c9_u130_b0.00_eps0.00  world 20005 seed 301 | rule=  6486.8 m0=  6235.7 gain= +3.87% | rev=0.247 und=0.936 | 102s (elapsed 749s)
  [136/238] E_c9_u130_b0.00_eps0.00  world 20005 seed 302 | rule=  6486.8 m0=  6057.2 gain= +6.62% | rev=0.248 und=0.924 | 98s (elapsed 778s)
  [137/238] E_c9_u130_b0.00_eps0.00  world 20005 seed 303 | rule=  6486.8 m0=  6136.7 gain= +5.40% | rev=0.249 und=0.944 | 112s (elapsed 794s)
  [138/238] E_c9_u130_b0.00_eps0.00  world 20006 seed 303 | rule=  6067.8 m0=  5483.6 gain= +9.63% | rev=0.249 und=0.935 | 96s (elapsed 835s)
  [139/238] E_c9_u130_b0.00_eps0.00  world 20006 seed 301 | rule=  6067.8 m0=  5376.1 gain=+11.40% | rev=0.249 und=0.922 | 138s (elapsed 837s)
  [140/238] E_c9_u130_b0.00_eps0.00  world 20007 seed 302 | rule=  6455.7 m0=  5769.4 gain=+10.63% | rev=0.249 und=0.934 | 94s (elapsed 838s)
  [141/238] E_c9_u130_b0.00_eps0.00  world 20007 seed 303 | rule=  6455.7 m0=  6064.9 gain= +6.05% | rev=0.248 und=0.947 | 94s (elapsed 838s)
  [142/238] E_c9_u130_b0.00_eps0.00  world 20007 seed 301 | rule=  6455.7 m0=  5950.1 gain= +7.83% | rev=0.248 und=0.950 | 97s (elapsed 840s)
  [143/238] E_c9_u130_b0.00_eps0.00  world 20008 seed 301 | rule=  6459.1 m0=  5842.9 gain= +9.54% | rev=0.249 und=0.934 | 97s (elapsed 843s)
  [144/238] E_c9_u130_b0.00_eps0.00  world 20008 seed 302 | rule=  6459.1 m0=  5952.2 gain= +7.85% | rev=0.249 und=0.942 | 97s (elapsed 846s)
  [145/238] E_c9_u130_b0.00_eps0.00  world 20006 seed 302 | rule=  6067.8 m0=  5578.0 gain= +8.07% | rev=0.249 und=0.941 | 135s (elapsed 864s)
  [146/238] E_c9_u130_b0.00_eps0.00  world 20008 seed 303 | rule=  6459.1 m0=  6058.2 gain= +6.21% | rev=0.248 und=0.938 | 97s (elapsed 875s)
  [147/238] H_c9_u100_b0.20_eps0.25  world 12345 seed 301 | rule=  2242.3 m0=  2149.1 gain= +4.16% | rev=0.244 und=0.973 | 44s (elapsed 882s)
  [148/238] H_c9_u100_b0.20_eps0.25  world 12345 seed 302 | rule=  2242.3 m0=  2180.8 gain= +2.75% | rev=0.246 und=0.973 | 45s (elapsed 883s)
  [149/238] H_c9_u100_b0.20_eps0.25  world 12345 seed 303 | rule=  2242.3 m0=  2158.6 gain= +3.73% | rev=0.241 und=0.975 | 45s (elapsed 885s)
  [150/238] H_c9_u100_b0.20_eps0.25  world 20001 seed 301 | rule=  1555.4 m0=  1714.1 gain=-10.20% | rev=0.245 und=0.970 | 45s (elapsed 888s)
  [151/238] E_c9_u130_b0.00_eps0.00  world 20009 seed 301 | rule=  6542.2 m0=  5968.8 gain= +8.76% | rev=0.249 und=0.929 | 95s (elapsed 889s)
  [152/238] H_c9_u100_b0.20_eps0.25  world 20001 seed 302 | rule=  1555.4 m0=  1656.7 gain= -6.51% | rev=0.247 und=0.974 | 45s (elapsed 891s)
  [153/238] H_c9_u100_b0.20_eps0.25  world 20001 seed 303 | rule=  1555.4 m0=  1580.8 gain= -1.63% | rev=0.248 und=0.971 | 48s (elapsed 912s)
  [154/238] H_c9_u100_b0.20_eps0.25  world 20003 seed 301 | rule=  2169.7 m0=  2215.5 gain= -2.11% | rev=0.245 und=0.975 | 44s (elapsed 929s)
  [155/238] H_c9_u100_b0.20_eps0.25  world 20002 seed 302 | rule=  2721.5 m0=  2803.0 gain= -3.00% | rev=0.235 und=0.979 | 47s (elapsed 929s)
  [156/238] H_c9_u100_b0.20_eps0.25  world 20002 seed 303 | rule=  2721.5 m0=  2861.1 gain= -5.13% | rev=0.235 und=0.976 | 46s (elapsed 929s)
  [157/238] E_c9_u130_b0.00_eps0.00  world 20009 seed 302 | rule=  6542.2 m0=  6023.7 gain= +7.93% | rev=0.249 und=0.952 | 95s (elapsed 930s)
  [158/238] H_c9_u100_b0.20_eps0.25  world 20003 seed 302 | rule=  2169.7 m0=  2237.5 gain= -3.12% | rev=0.240 und=0.972 | 44s (elapsed 933s)
  [159/238] H_c9_u100_b0.20_eps0.25  world 20003 seed 303 | rule=  2169.7 m0=  2290.4 gain= -5.56% | rev=0.244 und=0.974 | 45s (elapsed 933s)
  [160/238] H_c9_u100_b0.20_eps0.25  world 20004 seed 301 | rule=  2911.6 m0=  3148.2 gain= -8.13% | rev=0.236 und=0.978 | 45s (elapsed 936s)
  [161/238] H_c9_u100_b0.20_eps0.25  world 20002 seed 301 | rule=  2721.5 m0=  2750.9 gain= -1.08% | rev=0.243 und=0.980 | 65s (elapsed 940s)
  [162/238] H_c9_u100_b0.20_eps0.25  world 20004 seed 302 | rule=  2911.6 m0=  2965.6 gain= -1.86% | rev=0.248 und=0.975 | 45s (elapsed 958s)
  [163/238] H_c9_u100_b0.20_eps0.25  world 20005 seed 301 | rule=  1849.4 m0=  1900.3 gain= -2.75% | rev=0.245 und=0.975 | 44s (elapsed 973s)
  [164/238] H_c9_u100_b0.20_eps0.25  world 20005 seed 302 | rule=  1849.4 m0=  1905.2 gain= -3.02% | rev=0.247 und=0.974 | 44s (elapsed 973s)
  [165/238] H_c9_u100_b0.20_eps0.25  world 20004 seed 303 | rule=  2911.6 m0=  3003.7 gain= -3.17% | rev=0.250 und=0.977 | 44s (elapsed 973s)
  [166/238] H_c9_u100_b0.20_eps0.25  world 20005 seed 303 | rule=  1849.4 m0=  1899.0 gain= -2.68% | rev=0.241 und=0.975 | 44s (elapsed 974s)
  [167/238] E_c9_u130_b0.00_eps0.00  world 20009 seed 303 | rule=  6542.2 m0=  6463.5 gain= +1.20% | rev=0.246 und=0.922 | 138s (elapsed 975s)
  [168/238] H_c9_u100_b0.20_eps0.25  world 20006 seed 302 | rule=  2391.3 m0=  2424.1 gain= -1.37% | rev=0.249 und=0.975 | 43s (elapsed 977s)
  [169/238] H_c9_u100_b0.20_eps0.25  world 20006 seed 301 | rule=  2391.3 m0=  2438.1 gain= -1.96% | rev=0.248 und=0.975 | 45s (elapsed 977s)
  [170/238] H_c9_u100_b0.20_eps0.25  world 20006 seed 303 | rule=  2391.3 m0=  2508.5 gain= -4.90% | rev=0.244 und=0.978 | 45s (elapsed 980s)
  [171/238] H_c9_u100_b0.20_eps0.25  world 20007 seed 302 | rule=  3066.0 m0=  2975.9 gain= +2.94% | rev=0.241 und=0.975 | 45s (elapsed 1003s)
  [172/238] H_c9_u100_b0.20_eps0.25  world 20007 seed 301 | rule=  3066.0 m0=  3105.4 gain= -1.28% | rev=0.245 und=0.978 | 63s (elapsed 1003s)
  [173/238] H_c9_u100_b0.20_eps0.25  world 20008 seed 302 | rule=  1193.6 m0=  1252.5 gain= -4.93% | rev=0.242 und=0.976 | 44s (elapsed 1017s)
  [174/238] H_c9_u100_b0.20_eps0.25  world 20008 seed 301 | rule=  1193.6 m0=  1276.4 gain= -6.94% | rev=0.244 und=0.973 | 44s (elapsed 1017s)
  [175/238] H_c9_u100_b0.20_eps0.25  world 20007 seed 303 | rule=  3066.0 m0=  3109.3 gain= -1.41% | rev=0.246 und=0.977 | 46s (elapsed 1018s)
  [176/238] H_c9_u100_b0.20_eps0.25  world 20008 seed 303 | rule=  1193.6 m0=  1318.7 gain=-10.48% | rev=0.243 und=0.974 | 45s (elapsed 1019s)
  [177/238] H_c9_u100_b0.20_eps0.25  world 20009 seed 302 | rule=  1419.9 m0=  1504.5 gain= -5.96% | rev=0.243 und=0.977 | 44s (elapsed 1021s)
  [178/238] H_c9_u100_b0.20_eps0.25  world 20009 seed 303 | rule=  1419.9 m0=  1461.2 gain= -2.91% | rev=0.247 und=0.976 | 45s (elapsed 1023s)
  [179/238] H_c9_u100_b0.20_eps0.25  world 20009 seed 301 | rule=  1419.9 m0=  1531.0 gain= -7.83% | rev=0.247 und=0.976 | 64s (elapsed 1038s)
  [180/238] F_c10_u100_b0.00_eps0.00 world 20002 seed 301 | rule=  3590.3 m0=  3009.7 gain=+16.17% | rev=0.250 und=0.829 | 531s (elapsed 1549s)
  [181/238] F_c10_u100_b0.00_eps0.00 world 12345 seed 302 | rule=  3873.1 m0=  3278.6 gain=+15.35% | rev=0.250 und=0.822 | 548s (elapsed 1550s)
  [182/238] F_c10_u100_b0.00_eps0.00 world 20002 seed 303 | rule=  3590.3 m0=  3117.3 gain=+13.17% | rev=0.250 und=0.806 | 528s (elapsed 1550s)
  [183/238] F_c10_u100_b0.00_eps0.00 world 20002 seed 302 | rule=  3590.3 m0=  3068.1 gain=+14.54% | rev=0.250 und=0.803 | 529s (elapsed 1550s)
  [184/238] F_c10_u100_b0.00_eps0.00 world 20001 seed 301 | rule=  3682.1 m0=  3338.6 gain= +9.33% | rev=0.250 und=0.822 | 539s (elapsed 1556s)
  [185/238] F_c10_u100_b0.00_eps0.00 world 20001 seed 302 | rule=  3682.1 m0=  3140.0 gain=+14.72% | rev=0.250 und=0.824 | 556s (elapsed 1573s)
  [186/238] F_c10_u100_b0.00_eps0.00 world 20001 seed 303 | rule=  3682.1 m0=  3090.9 gain=+16.06% | rev=0.250 und=0.828 | 569s (elapsed 1587s)
  [187/238] F_c10_u100_b0.00_eps0.00 world 12345 seed 303 | rule=  3873.1 m0=  3514.5 gain= +9.26% | rev=0.250 und=0.829 | 660s (elapsed 1663s)
  [188/238] F_c10_u100_b0.00_eps0.00 world 12345 seed 301 | rule=  3873.1 m0=  3308.1 gain=+14.59% | rev=0.250 und=0.817 | 714s (elapsed 1694s)
  [189/238] F_c10_u100_b0.00_eps0.00 world 20003 seed 301 | rule=  3844.4 m0=  3355.1 gain=+12.73% | rev=0.250 und=0.765 | 667s (elapsed 1705s)
  [190/238] F_c10_u100_b0.00_eps0.00 world 20004 seed 301 | rule=  3774.8 m0=  3183.5 gain=+15.67% | rev=0.250 und=0.809 | 526s (elapsed 2077s)
  [191/238] F_c10_u100_b0.00_eps0.00 world 20003 seed 302 | rule=  3844.4 m0=  3251.3 gain=+15.43% | rev=0.250 und=0.829 | 533s (elapsed 2082s)
  [192/238] F_c10_u100_b0.00_eps0.00 world 20004 seed 303 | rule=  3774.8 m0=  3213.6 gain=+14.87% | rev=0.250 und=0.827 | 534s (elapsed 2090s)
  [193/238] F_c10_u100_b0.00_eps0.00 world 20004 seed 302 | rule=  3774.8 m0=  3138.1 gain=+16.87% | rev=0.250 und=0.820 | 556s (elapsed 2106s)
  [194/238] F_c10_u100_b0.00_eps0.00 world 20003 seed 303 | rule=  3844.4 m0=  3153.9 gain=+17.96% | rev=0.250 und=0.826 | 571s (elapsed 2121s)
  [195/238] F_c10_u100_b0.00_eps0.00 world 20005 seed 302 | rule=  3478.8 m0=  2940.5 gain=+15.47% | rev=0.250 und=0.824 | 539s (elapsed 2126s)
  [196/238] F_c10_u100_b0.00_eps0.00 world 20005 seed 301 | rule=  3478.8 m0=  2820.4 gain=+18.92% | rev=0.250 und=0.827 | 594s (elapsed 2167s)
  [197/238] F_c10_u100_b0.00_eps0.00 world 20006 seed 302 | rule=  3606.4 m0=  3102.1 gain=+13.98% | rev=0.250 und=0.824 | 629s (elapsed 2334s)
  [198/238] F_c10_u100_b0.00_eps0.00 world 20005 seed 303 | rule=  3478.8 m0=  2882.4 gain=+17.14% | rev=0.250 und=0.831 | 692s (elapsed 2355s)
  [199/238] F_c10_u100_b0.00_eps0.00 world 20006 seed 301 | rule=  3606.4 m0=  3126.0 gain=+13.32% | rev=0.250 und=0.840 | 771s (elapsed 2465s)
  [200/238] F_c10_u100_b0.00_eps0.00 world 20007 seed 301 | rule=  3938.2 m0=  3357.7 gain=+14.74% | rev=0.250 und=0.827 | 534s (elapsed 2616s)
  [201/238] F_c10_u100_b0.00_eps0.00 world 20006 seed 303 | rule=  3606.4 m0=  3117.5 gain=+13.56% | rev=0.250 und=0.805 | 546s (elapsed 2623s)
  [202/238] F_c10_u100_b0.00_eps0.00 world 20007 seed 302 | rule=  3938.2 m0=  3333.2 gain=+15.36% | rev=0.250 und=0.839 | 561s (elapsed 2651s)
  [203/238] F_c10_u100_b0.00_eps0.00 world 20007 seed 303 | rule=  3938.2 m0=  3285.2 gain=+16.58% | rev=0.250 und=0.829 | 566s (elapsed 2672s)
  [204/238] F_c10_u100_b0.00_eps0.00 world 20008 seed 301 | rule=  3693.1 m0=  3510.7 gain= +4.94% | rev=0.250 und=0.832 | 551s (elapsed 2672s)
  [205/238] F_c10_u100_b0.00_eps0.00 world 20008 seed 302 | rule=  3693.1 m0=  3281.1 gain=+11.16% | rev=0.250 und=0.813 | 547s (elapsed 2673s)
  [206/238] F_c10_u100_b0.00_eps0.00 world 20008 seed 303 | rule=  3693.1 m0=  3198.2 gain=+13.40% | rev=0.250 und=0.823 | 542s (elapsed 2709s)
  [207/238] F_c10_u100_b0.00_eps0.00 world 20009 seed 301 | rule=  3706.0 m0=  3163.9 gain=+14.63% | rev=0.250 und=0.815 | 529s (elapsed 2864s)
  [208/238] F_c10_u100_b0.00_eps0.00 world 20009 seed 302 | rule=  3706.0 m0=  3155.6 gain=+14.85% | rev=0.250 und=0.815 | 785s (elapsed 3140s)
  [209/238] F_c10_u100_b0.00_eps0.00 world 20009 seed 303 | rule=  3706.0 m0=  3159.8 gain=+14.74% | rev=0.250 und=0.817 | 792s (elapsed 3257s)
  [210/238] G_c10_u130_b0.00_eps0.00 world 12345 seed 301 | rule= 32173.2 m0= 19417.4 gain=+39.65% | rev=0.248 und=0.969 | 1580s (elapsed 4196s)
  [211/238] G_c10_u130_b0.00_eps0.00 world 12345 seed 302 | rule= 32173.2 m0= 20547.9 gain=+36.13% | rev=0.249 und=0.971 | 1591s (elapsed 4213s)
  [212/238] G_c10_u130_b0.00_eps0.00 world 12345 seed 303 | rule= 32173.2 m0= 19805.1 gain=+38.44% | rev=0.249 und=0.972 | 1600s (elapsed 4251s)
  [213/238] G_c10_u130_b0.00_eps0.00 world 20001 seed 302 | rule= 32580.5 m0= 20450.8 gain=+37.23% | rev=0.249 und=0.974 | 1585s (elapsed 4257s)
  [214/238] G_c10_u130_b0.00_eps0.00 world 20002 seed 301 | rule= 32326.7 m0= 20487.6 gain=+36.62% | rev=0.249 und=0.971 | 1597s (elapsed 4271s)
  [215/238] G_c10_u130_b0.00_eps0.00 world 20002 seed 302 | rule= 32326.7 m0= 19432.3 gain=+39.89% | rev=0.248 und=0.969 | 1583s (elapsed 4292s)
  [216/238] G_c10_u130_b0.00_eps0.00 world 20001 seed 303 | rule= 32580.5 m0= 19033.1 gain=+41.58% | rev=0.249 und=0.971 | 1636s (elapsed 4308s)
  [217/238] G_c10_u130_b0.00_eps0.00 world 20003 seed 302 | rule= 32160.6 m0= 19463.9 gain=+39.48% | rev=0.248 und=0.973 | 1648s (elapsed 4906s)
  [218/238] G_c10_u130_b0.00_eps0.00 world 20002 seed 303 | rule= 32326.7 m0= 20090.6 gain=+37.85% | rev=0.248 und=0.971 | 2196s (elapsed 5060s)
  [219/238] G_c10_u130_b0.00_eps0.00 world 20003 seed 301 | rule= 32160.6 m0= 19959.2 gain=+37.94% | rev=0.248 und=0.974 | 1953s (elapsed 5092s)
  [220/238] G_c10_u130_b0.00_eps0.00 world 20003 seed 303 | rule= 32160.6 m0= 18642.3 gain=+42.03% | rev=0.248 und=0.971 | 1573s (elapsed 5769s)
  [221/238] G_c10_u130_b0.00_eps0.00 world 20004 seed 302 | rule= 32503.0 m0= 19245.5 gain=+40.79% | rev=0.248 und=0.971 | 1552s (elapsed 5803s)
  [222/238] G_c10_u130_b0.00_eps0.00 world 20004 seed 301 | rule= 32503.0 m0= 20450.2 gain=+37.08% | rev=0.249 und=0.974 | 1592s (elapsed 5806s)
  [223/238] G_c10_u130_b0.00_eps0.00 world 20004 seed 303 | rule= 32503.0 m0= 19130.6 gain=+41.14% | rev=0.249 und=0.972 | 1565s (elapsed 5822s)
  [224/238] G_c10_u130_b0.00_eps0.00 world 20005 seed 302 | rule= 31880.3 m0= 20795.1 gain=+34.77% | rev=0.249 und=0.972 | 1534s (elapsed 5826s)
  [225/238] G_c10_u130_b0.00_eps0.00 world 20005 seed 301 | rule= 31880.3 m0= 18483.7 gain=+42.02% | rev=0.249 und=0.969 | 1587s (elapsed 5858s)
  [226/238] G_c10_u130_b0.00_eps0.00 world 20005 seed 303 | rule= 31880.3 m0= 20063.8 gain=+37.07% | rev=0.248 und=0.970 | 1983s (elapsed 6291s)
  [227/238] G_c10_u130_b0.00_eps0.00 world 20006 seed 301 | rule= 33768.2 m0= 21957.2 gain=+34.98% | rev=0.249 und=0.976 | 1596s (elapsed 6501s)
  [228/238] G_c10_u130_b0.00_eps0.00 world 20006 seed 303 | rule= 33768.2 m0= 19948.0 gain=+40.93% | rev=0.248 und=0.967 | 2147s (elapsed 7239s)
  [229/238] G_c10_u130_b0.00_eps0.00 world 20007 seed 301 | rule= 32208.3 m0= 19273.2 gain=+40.16% | rev=0.248 und=0.971 | 1593s (elapsed 7362s)
  [230/238] G_c10_u130_b0.00_eps0.00 world 20007 seed 302 | rule= 32208.3 m0= 18529.2 gain=+42.47% | rev=0.249 und=0.970 | 1573s (elapsed 7376s)
  [231/238] G_c10_u130_b0.00_eps0.00 world 20007 seed 303 | rule= 32208.3 m0= 19900.6 gain=+38.21% | rev=0.248 und=0.971 | 1600s (elapsed 7406s)
  [232/238] G_c10_u130_b0.00_eps0.00 world 20008 seed 301 | rule= 32042.2 m0= 18894.8 gain=+41.03% | rev=0.249 und=0.969 | 1595s (elapsed 7417s)
  [233/238] G_c10_u130_b0.00_eps0.00 world 20008 seed 302 | rule= 32042.2 m0= 19306.5 gain=+39.75% | rev=0.248 und=0.971 | 1622s (elapsed 7448s)
  [234/238] G_c10_u130_b0.00_eps0.00 world 20006 seed 302 | rule= 33768.2 m0= 22295.6 gain=+33.97% | rev=0.249 und=0.974 | 2394s (elapsed 7454s)
  [235/238] G_c10_u130_b0.00_eps0.00 world 20008 seed 303 | rule= 32042.2 m0= 19912.4 gain=+37.86% | rev=0.249 und=0.971 | 1599s (elapsed 7457s)
  [236/238] G_c10_u130_b0.00_eps0.00 world 20009 seed 301 | rule= 33320.1 m0= 20464.4 gain=+38.58% | rev=0.249 und=0.973 | 1690s (elapsed 7981s)
  [237/238] G_c10_u130_b0.00_eps0.00 world 20009 seed 302 | rule= 33320.1 m0= 19868.4 gain=+40.37% | rev=0.249 und=0.971 | 1516s (elapsed 8018s)
  [238/238] G_c10_u130_b0.00_eps0.00 world 20009 seed 303 | rule= 33320.1 m0= 19623.7 gain=+41.11% | rev=0.249 und=0.970 | 1429s (elapsed 8668s)
[done] 238 folds run, 240 fold files on disk, 9 reproduction gates passed; estimator parameters asserted at 1761 on every fit
.json
[sweep] 1 cells x 10 worlds x 3 seeds = 30 folds; 29 already on disk, 1 to run, 10 workers
