[A9] 80 cell-seed tasks, 8 workers -> /home/ziheng/PaperY3/fm-hitl/results/y3_p4/m0_gate.csv
  [A9 1/80] c9 storm2 u90 b0.75 r0.25 s306     TWT* rule=1738 m0=1554 m0+sup=1502 rule+sup=1652 or=1496 | util=0.91 r=0.30 orr=0.027  (25s, wall 25s)
  [A9 2/80] c9 storm2 u90 b0.75 r0.25 s303     TWT* rule=1738 m0=1531 m0+sup=1481 rule+sup=1652 or=1496 | util=0.91 r=0.32 orr=0.022  (25s, wall 25s)
  [A9 3/80] c9 storm2 u90 b0.75 r0.25 s307     TWT* rule=1738 m0=1541 m0+sup=1516 rule+sup=1652 or=1496 | util=0.91 r=0.25 orr=0.022  (26s, wall 26s)
  [A9 4/80] c9 storm2 u90 b0.75 r0.25 s304     TWT* rule=1738 m0=1509 m0+sup=1477 rule+sup=1652 or=1496 | util=0.91 r=0.36 orr=0.021  (26s, wall 26s)
  [A9 5/80] c9 storm2 u90 b0.75 r0.25 s308     TWT* rule=1738 m0=1524 m0+sup=1507 rule+sup=1652 or=1496 | util=0.91 r=0.27 orr=0.024  (26s, wall 26s)
  [A9 6/80] c9 storm2 u90 b0.75 r0.25 s302     TWT* rule=1738 m0=1552 m0+sup=1511 rule+sup=1652 or=1496 | util=0.91 r=0.25 orr=0.022  (26s, wall 26s)
  [A9 7/80] c9 storm2 u90 b0.75 r0.25 s305     TWT* rule=1738 m0=1605 m0+sup=1521 rule+sup=1652 or=1496 | util=0.91 r=0.25 orr=0.024  (34s, wall 34s)
  [A9 8/80] c9 storm2 u90 b0.75 r0.25 s301     TWT* rule=1738 m0=1659 m0+sup=1578 rule+sup=1652 or=1496 | util=0.91 r=0.22 orr=0.027  (34s, wall 35s)
  [A9 9/80] c9 storm2 u90 b0.75 r0.25 s310     TWT* rule=1738 m0=1564 m0+sup=1509 rule+sup=1652 or=1496 | util=0.91 r=0.29 orr=0.027  (26s, wall 51s)
  [A9 10/80] c9 storm2 u90 b0.75 r0.25 s309     TWT* rule=1738 m0=1549 m0+sup=1506 rule+sup=1652 or=1496 | util=0.91 r=0.27 orr=0.028  (26s, wall 51s)
  [A9 11/80] c9 storm2 u90 b0.75 r0.50 s301     TWT* rule=1738 m0=1548 m0+sup=1511 rule+sup=1619 or=1496 | util=0.91 r=0.22 orr=0.016  (32s, wall 57s)
  [A9 12/80] c9 storm2 u90 b0.75 r0.50 s303     TWT* rule=1738 m0=1602 m0+sup=1504 rule+sup=1619 or=1496 | util=0.91 r=0.26 orr=0.017  (32s, wall 58s)
  [A9 13/80] c9 storm2 u90 b0.75 r0.50 s302     TWT* rule=1738 m0=1596 m0+sup=1531 rule+sup=1619 or=1496 | util=0.91 r=0.19 orr=0.020  (32s, wall 58s)
  [A9 14/80] c9 storm2 u90 b0.75 r0.50 s304     TWT* rule=1738 m0=1551 m0+sup=1513 rule+sup=1619 or=1496 | util=0.91 r=0.29 orr=0.021  (32s, wall 58s)
  [A9 15/80] c9 storm2 u90 b0.75 r0.50 s305     TWT* rule=1738 m0=1527 m0+sup=1498 rule+sup=1619 or=1496 | util=0.91 r=0.28 orr=0.013  (33s, wall 66s)
  [A9 16/80] c9 storm2 u90 b0.75 r0.50 s306     TWT* rule=1738 m0=1532 m0+sup=1495 rule+sup=1619 or=1496 | util=0.91 r=0.28 orr=0.013  (46s, wall 80s)
  [A9 17/80] c9 storm2 u90 b0.75 r0.50 s307     TWT* rule=1738 m0=1589 m0+sup=1521 rule+sup=1619 or=1496 | util=0.91 r=0.21 orr=0.020  (33s, wall 84s)
  [A9 18/80] c9 storm2 u90 b0.75 r0.50 s308     TWT* rule=1738 m0=1552 m0+sup=1513 rule+sup=1619 or=1496 | util=0.91 r=0.28 orr=0.020  (33s, wall 84s)
  [A9 19/80] c9 storm2 u90 b1.00 r0.25 s302     TWT* rule=1752 m0=1426 m0+sup=1421 rule+sup=1619 or=1432 | util=0.91 r=0.28 orr=0.014  (26s, wall 84s)
  [A9 20/80] c9 storm2 u90 b1.00 r0.25 s301     TWT* rule=1752 m0=1444 m0+sup=1432 rule+sup=1619 or=1432 | util=0.91 r=0.29 orr=0.014  (27s, wall 84s)
  [A9 21/80] c9 storm2 u90 b0.75 r0.50 s309     TWT* rule=1738 m0=1592 m0+sup=1508 rule+sup=1619 or=1496 | util=0.91 r=0.26 orr=0.017  (33s, wall 90s)
  [A9 22/80] c9 storm2 u90 b0.75 r0.50 s310     TWT* rule=1738 m0=1564 m0+sup=1514 rule+sup=1619 or=1496 | util=0.91 r=0.23 orr=0.018  (33s, wall 90s)
  [A9 23/80] c9 storm2 u90 b1.00 r0.25 s303     TWT* rule=1752 m0=1426 m0+sup=1412 rule+sup=1619 or=1432 | util=0.91 r=0.28 orr=0.010  (26s, wall 93s)
  [A9 24/80] c9 storm2 u90 b1.00 r0.25 s306     TWT* rule=1752 m0=1437 m0+sup=1424 rule+sup=1619 or=1432 | util=0.91 r=0.29 orr=0.011  (27s, wall 111s)
  [A9 25/80] c9 storm2 u90 b1.00 r0.25 s305     TWT* rule=1752 m0=1440 m0+sup=1422 rule+sup=1619 or=1432 | util=0.91 r=0.23 orr=0.012  (27s, wall 111s)
  [A9 26/80] c9 storm2 u90 b1.00 r0.25 s308     TWT* rule=1752 m0=1440 m0+sup=1419 rule+sup=1619 or=1432 | util=0.91 r=0.31 orr=0.022  (27s, wall 111s)
  [A9 27/80] c9 storm2 u90 b1.00 r0.25 s307     TWT* rule=1752 m0=1452 m0+sup=1425 rule+sup=1619 or=1432 | util=0.91 r=0.32 orr=0.017  (27s, wall 111s)
  [A9 28/80] c9 storm2 u90 b1.00 r0.25 s309     TWT* rule=1752 m0=1443 m0+sup=1428 rule+sup=1619 or=1432 | util=0.91 r=0.31 orr=0.012  (27s, wall 117s)
  [A9 29/80] c9 storm2 u90 b1.00 r0.25 s310     TWT* rule=1752 m0=1442 m0+sup=1428 rule+sup=1619 or=1432 | util=0.91 r=0.26 orr=0.017  (27s, wall 117s)
  [A9 30/80] c9 storm2 u90 b1.00 r0.25 s304     TWT* rule=1752 m0=1434 m0+sup=1423 rule+sup=1619 or=1432 | util=0.91 r=0.29 orr=0.014  (37s, wall 117s)
  [A9 31/80] c9 storm2 u90 b1.00 r0.50 s301     TWT* rule=1752 m0=1460 m0+sup=1438 rule+sup=1626 or=1432 | util=0.91 r=0.23 orr=0.012  (33s, wall 125s)
  [A9 32/80] c9 storm2 u90 b1.00 r0.50 s303     TWT* rule=1752 m0=1454 m0+sup=1430 rule+sup=1626 or=1432 | util=0.91 r=0.30 orr=0.009  (33s, wall 143s)
  [A9 33/80] c9 storm2 u90 b1.00 r0.50 s304     TWT* rule=1752 m0=1451 m0+sup=1425 rule+sup=1626 or=1432 | util=0.91 r=0.28 orr=0.008  (32s, wall 144s)
  [A9 34/80] c9 storm2 u90 b1.00 r0.50 s305     TWT* rule=1752 m0=1455 m0+sup=1435 rule+sup=1626 or=1432 | util=0.91 r=0.30 orr=0.010  (32s, wall 144s)
  [A9 35/80] c9 storm2 u90 b1.00 r0.50 s306     TWT* rule=1752 m0=1466 m0+sup=1434 rule+sup=1626 or=1432 | util=0.91 r=0.23 orr=0.007  (33s, wall 150s)
  [A9 36/80] c9 storm2 u90 b1.00 r0.50 s307     TWT* rule=1752 m0=1439 m0+sup=1432 rule+sup=1626 or=1432 | util=0.91 r=0.24 orr=0.014  (33s, wall 150s)
  [A9 37/80] c9 storm2 u90 b1.00 r0.50 s308     TWT* rule=1752 m0=1476 m0+sup=1444 rule+sup=1626 or=1432 | util=0.91 r=0.26 orr=0.010  (36s, wall 154s)
  [A9 38/80] c9 storm2 u90 b1.00 r0.50 s302     TWT* rule=1752 m0=1435 m0+sup=1426 rule+sup=1626 or=1432 | util=0.91 r=0.27 orr=0.010  (45s, wall 156s)
  [A9 39/80] c9 storm2 u90 b1.00 r0.50 s309     TWT* rule=1752 m0=1450 m0+sup=1434 rule+sup=1626 or=1432 | util=0.91 r=0.21 orr=0.013  (33s, wall 158s)
  [A9 40/80] c9 storm2 u90 b1.00 r0.50 s310     TWT* rule=1752 m0=1462 m0+sup=1442 rule+sup=1626 or=1432 | util=0.91 r=0.23 orr=0.010  (33s, wall 176s)
  [A9 41/80] c9 storm2 u100 b0.75 r0.25 s301    TWT* rule=3230 m0=2049 m0+sup=1829 rule+sup=2426 or=1790 | util=1.00 r=0.41 orr=0.041  (41s, wall 184s)
  [A9 42/80] c9 storm2 u100 b0.75 r0.25 s302    TWT* rule=3230 m0=2141 m0+sup=1810 rule+sup=2426 or=1790 | util=1.00 r=0.45 orr=0.034  (41s, wall 185s)
  [A9 43/80] c9 storm2 u100 b0.75 r0.25 s303    TWT* rule=3230 m0=2101 m0+sup=1879 rule+sup=2426 or=1790 | util=1.00 r=0.39 orr=0.043  (41s, wall 190s)
  [A9 44/80] c9 storm2 u100 b0.75 r0.25 s304    TWT* rule=3230 m0=2177 m0+sup=1879 rule+sup=2426 or=1790 | util=1.00 r=0.40 orr=0.049  (41s, wall 191s)
  [A9 45/80] c9 storm2 u100 b0.75 r0.25 s305    TWT* rule=3230 m0=2205 m0+sup=1871 rule+sup=2426 or=1790 | util=1.00 r=0.47 orr=0.049  (41s, wall 195s)
  [A9 46/80] c9 storm2 u100 b0.75 r0.25 s307    TWT* rule=3230 m0=2045 m0+sup=1854 rule+sup=2426 or=1790 | util=1.00 r=0.42 orr=0.040  (41s, wall 199s)
  [A9 47/80] c9 storm2 u100 b0.75 r0.25 s306    TWT* rule=3230 m0=2304 m0+sup=1942 rule+sup=2426 or=1790 | util=1.00 r=0.38 orr=0.042  (60s, wall 216s)
  [A9 48/80] c9 storm2 u100 b0.75 r0.25 s308    TWT* rule=3230 m0=2116 m0+sup=1823 rule+sup=2426 or=1790 | util=1.00 r=0.45 orr=0.040  (41s, wall 217s)
  [A9 49/80] c9 storm2 u100 b0.75 r0.25 s309    TWT* rule=3230 m0=2106 m0+sup=1862 rule+sup=2426 or=1790 | util=1.00 r=0.46 orr=0.031  (41s, wall 225s)
  [A9 50/80] c9 storm2 u100 b0.75 r0.25 s310    TWT* rule=3230 m0=2044 m0+sup=1846 rule+sup=2426 or=1790 | util=1.00 r=0.46 orr=0.030  (41s, wall 225s)
  [A9 51/80] c9 storm2 u100 b0.75 r0.50 s301    TWT* rule=3230 m0=2280 m0+sup=1837 rule+sup=2152 or=1790 | util=1.00 r=0.40 orr=0.021  (49s, wall 239s)
  [A9 52/80] c9 storm2 u100 b0.75 r0.50 s302    TWT* rule=3230 m0=2066 m0+sup=1772 rule+sup=2152 or=1790 | util=1.00 r=0.42 orr=0.045  (49s, wall 240s)
  [A9 53/80] c9 storm2 u100 b0.75 r0.50 s303    TWT* rule=3230 m0=2180 m0+sup=1816 rule+sup=2152 or=1790 | util=1.00 r=0.38 orr=0.022  (48s, wall 243s)
  [A9 54/80] c9 storm2 u100 b0.75 r0.50 s304    TWT* rule=3230 m0=2273 m0+sup=1827 rule+sup=2152 or=1790 | util=1.00 r=0.38 orr=0.029  (49s, wall 248s)
  [A9 55/80] c9 storm2 u100 b0.75 r0.50 s306    TWT* rule=3230 m0=2127 m0+sup=1819 rule+sup=2152 or=1790 | util=1.00 r=0.42 orr=0.019  (49s, wall 266s)
  [A9 56/80] c9 storm2 u100 b0.75 r0.50 s308    TWT* rule=3230 m0=2177 m0+sup=1815 rule+sup=2152 or=1790 | util=1.00 r=0.46 orr=0.024  (48s, wall 274s)
  [A9 57/80] c9 storm2 u100 b0.75 r0.50 s307    TWT* rule=3230 m0=2139 m0+sup=1811 rule+sup=2152 or=1790 | util=1.00 r=0.45 orr=0.027  (49s, wall 274s)
  [A9 58/80] c9 storm2 u100 b1.00 r0.25 s301    TWT* rule=3645 m0=1998 m0+sup=1831 rule+sup=2693 or=1815 | util=1.00 r=0.32 orr=0.021  (40s, wall 283s)
  [A9 59/80] c9 storm2 u100 b0.75 r0.50 s305    TWT* rule=3230 m0=2059 m0+sup=1793 rule+sup=2152 or=1790 | util=1.00 r=0.47 orr=0.027  (70s, wall 286s)
  [A9 60/80] c9 storm2 u100 b0.75 r0.50 s309    TWT* rule=3230 m0=2252 m0+sup=1823 rule+sup=2152 or=1790 | util=1.00 r=0.39 orr=0.024  (49s, wall 288s)
  [A9 61/80] c9 storm2 u100 b0.75 r0.50 s310    TWT* rule=3230 m0=2154 m0+sup=1807 rule+sup=2152 or=1790 | util=1.00 r=0.37 orr=0.023  (49s, wall 289s)
  [A9 62/80] c9 storm2 u100 b1.00 r0.25 s302    TWT* rule=3645 m0=2001 m0+sup=1860 rule+sup=2693 or=1815 | util=1.00 r=0.39 orr=0.018  (41s, wall 289s)
  [A9 63/80] c9 storm2 u100 b1.00 r0.25 s303    TWT* rule=3645 m0=2096 m0+sup=1898 rule+sup=2693 or=1815 | util=1.00 r=0.41 orr=0.028  (41s, wall 307s)
  [A9 64/80] c9 storm2 u100 b1.00 r0.25 s304    TWT* rule=3645 m0=1981 m0+sup=1829 rule+sup=2693 or=1815 | util=1.00 r=0.43 orr=0.022  (41s, wall 314s)
  [A9 65/80] c9 storm2 u100 b1.00 r0.25 s305    TWT* rule=3645 m0=2038 m0+sup=1893 rule+sup=2693 or=1815 | util=1.00 r=0.40 orr=0.022  (41s, wall 314s)
  [A9 66/80] c9 storm2 u100 b1.00 r0.25 s306    TWT* rule=3645 m0=1902 m0+sup=1857 rule+sup=2693 or=1815 | util=1.00 r=0.38 orr=0.017  (41s, wall 324s)
  [A9 67/80] c9 storm2 u100 b1.00 r0.25 s308    TWT* rule=3645 m0=1872 m0+sup=1822 rule+sup=2693 or=1815 | util=1.00 r=0.44 orr=0.024  (40s, wall 329s)
  [A9 68/80] c9 storm2 u100 b1.00 r0.25 s309    TWT* rule=3645 m0=2018 m0+sup=1834 rule+sup=2693 or=1815 | util=1.00 r=0.42 orr=0.017  (41s, wall 329s)
  [A9 69/80] c9 storm2 u100 b1.00 r0.25 s310    TWT* rule=3645 m0=2038 m0+sup=1897 rule+sup=2693 or=1815 | util=1.00 r=0.40 orr=0.017  (41s, wall 330s)
  [A9 70/80] c9 storm2 u100 b1.00 r0.25 s307    TWT* rule=3645 m0=1971 m0+sup=1873 rule+sup=2693 or=1815 | util=1.00 r=0.31 orr=0.031  (59s, wall 345s)
  [A9 71/80] c9 storm2 u100 b1.00 r0.50 s301    TWT* rule=3645 m0=1871 m0+sup=1795 rule+sup=2403 or=1815 | util=1.00 r=0.42 orr=0.010  (49s, wall 356s)
  [A9 72/80] c9 storm2 u100 b1.00 r0.50 s302    TWT* rule=3645 m0=1940 m0+sup=1803 rule+sup=2403 or=1815 | util=1.00 r=0.40 orr=0.013  (49s, wall 363s)
  [A9 73/80] c9 storm2 u100 b1.00 r0.50 s303    TWT* rule=3645 m0=2064 m0+sup=1837 rule+sup=2403 or=1815 | util=1.00 r=0.32 orr=0.022  (49s, wall 363s)
  [A9 74/80] c9 storm2 u100 b1.00 r0.50 s304    TWT* rule=3645 m0=1920 m0+sup=1790 rule+sup=2403 or=1815 | util=1.00 r=0.41 orr=0.028  (48s, wall 373s)
  [A9 75/80] c9 storm2 u100 b1.00 r0.50 s305    TWT* rule=3645 m0=1835 m0+sup=1802 rule+sup=2403 or=1815 | util=1.00 r=0.36 orr=0.020  (48s, wall 377s)
  [A9 76/80] c9 storm2 u100 b1.00 r0.50 s306    TWT* rule=3645 m0=1983 m0+sup=1806 rule+sup=2403 or=1815 | util=1.00 r=0.39 orr=0.011  (48s, wall 377s)
  [A9 77/80] c9 storm2 u100 b1.00 r0.50 s307    TWT* rule=3645 m0=2066 m0+sup=1861 rule+sup=2403 or=1815 | util=1.00 r=0.41 orr=0.009  (49s, wall 379s)
  [A9 78/80] c9 storm2 u100 b1.00 r0.50 s308    TWT* rule=3645 m0=1873 m0+sup=1804 rule+sup=2403 or=1815 | util=1.00 r=0.39 orr=0.014  (55s, wall 400s)
  [A9 79/80] c9 storm2 u100 b1.00 r0.50 s309    TWT* rule=3645 m0=1894 m0+sup=1818 rule+sup=2403 or=1815 | util=1.00 r=0.45 orr=0.021  (46s, wall 402s)
  [A9 80/80] c9 storm2 u100 b1.00 r0.50 s310    TWT* rule=3645 m0=1949 m0+sup=1806 rule+sup=2403 or=1815 | util=1.00 r=0.42 orr=0.015  (45s, wall 408s)
[C] 18 cell-seed tasks, 8 workers -> /home/ziheng/PaperY3/fm-hitl/results/y3_p4/boundary.csv
  [C 1/18] c9 replay150 b1.00 r0.25 s302      TWT* rule=262 m0=242 m0+sup=242 rule+sup=263 or=240 | util=n/a r=0.36 orr=0.008  (2s, wall 2s)
  [C 2/18] c9 replay150 b1.00 r0.25 s301      TWT* rule=262 m0=246 m0+sup=246 rule+sup=263 or=240 | util=n/a r=0.47 orr=0.013  (3s, wall 3s)
  [C 3/18] c9 replay150 b1.00 r0.25 s303      TWT* rule=262 m0=247 m0+sup=247 rule+sup=263 or=240 | util=n/a r=0.43 orr=0.003  (1s, wall 4s)
  [C 4/18] c9 replay400 b1.00 r0.25 s302      TWT* rule=558 m0=557 m0+sup=532 rule+sup=561 or=530 | util=n/a r=0.26 orr=0.003  (5s, wall 8s)
  [C 5/18] c9 replay400 b1.00 r0.25 s301      TWT* rule=558 m0=532 m0+sup=528 rule+sup=561 or=530 | util=n/a r=-0.01 orr=0.002  (7s, wall 9s)
  [C 6/18] c10 replay150 b1.00 r0.25 s301     TWT* rule=16 m0=16 m0+sup=16 rule+sup=16 or=16 | util=n/a r=0.24 orr=0.000  (2s, wall 12s)
  [C 7/18] c9 replay400 b1.00 r0.25 s303      TWT* rule=558 m0=535 m0+sup=535 rule+sup=561 or=530 | util=n/a r=0.24 orr=0.004  (5s, wall 13s)
  [C 8/18] c10 replay150 b1.00 r0.25 s302     TWT* rule=16 m0=16 m0+sup=16 rule+sup=16 or=16 | util=n/a r=0.12 orr=0.000  (2s, wall 14s)
  [C 9/18] c10 replay150 b1.00 r0.25 s303     TWT* rule=16 m0=16 m0+sup=16 rule+sup=16 or=16 | util=n/a r=0.14 orr=0.000  (2s, wall 15s)
  [C 10/18] c10 replay400 b1.00 r0.25 s302     TWT* rule=274 m0=274 m0+sup=274 rule+sup=274 or=274 | util=n/a r=0.26 orr=0.001  (7s, wall 21s)
  [C 11/18] c12 storm2 u100 b1.00 r0.25 s302   TWT* rule=12846 m0=12774 m0+sup=12741 rule+sup=12751 or=12827 | util=1.01 r=0.38 orr=0.040  (24s, wall 24s)
  [C 12/18] c10 replay400 b1.00 r0.25 s301     TWT* rule=274 m0=274 m0+sup=274 rule+sup=274 or=274 | util=n/a r=0.18 orr=0.003  (10s, wall 24s)
  [C 13/18] c12 storm2 u100 b1.00 r0.25 s301   TWT* rule=12846 m0=12743 m0+sup=12691 rule+sup=12751 or=12827 | util=1.01 r=0.44 orr=0.039  (28s, wall 28s)
  [C 14/18] c12 storm2 u100 b1.00 r0.25 s303   TWT* rule=12846 m0=12740 m0+sup=12705 rule+sup=12751 or=12827 | util=1.01 r=0.40 orr=0.040  (28s, wall 28s)
  [C 15/18] c10 replay400 b1.00 r0.25 s303     TWT* rule=274 m0=274 m0+sup=274 rule+sup=274 or=274 | util=n/a r=0.20 orr=0.002  (7s, wall 28s)
  [C 16/18] c5 storm2 u100 b1.00 r0.25 s302    TWT* rule=13675 m0=2604 m0+sup=2259 rule+sup=7852 or=1780 | util=1.00 r=0.46 orr=0.030  (57s, wall 57s)
  [C 17/18] c5 storm2 u100 b1.00 r0.25 s303    TWT* rule=13675 m0=2183 m0+sup=1987 rule+sup=7852 or=1780 | util=1.00 r=0.39 orr=0.028  (57s, wall 57s)
  [C 18/18] c5 storm2 u100 b1.00 r0.25 s301    TWT* rule=13675 m0=2331 m0+sup=2099 rule+sup=7852 or=1780 | util=1.00 r=0.46 orr=0.034  (57s, wall 57s)
[A10] 24 cell-seed tasks, 8 workers -> /home/ziheng/PaperY3/fm-hitl/results/y3_p4/m0_gate.csv
  [A10 1/24] c10 storm2 u90 b0.75 r0.25 s302    TWT* rule=2517 m0=1876 m0+sup=1755 rule+sup=2155 or=1604 | util=0.89 r=0.19 orr=0.010  (275s, wall 275s)
  [A10 2/24] c10 storm2 u90 b0.75 r0.25 s301    TWT* rule=2517 m0=2134 m0+sup=1880 rule+sup=2155 or=1604 | util=0.89 r=0.18 orr=0.011  (286s, wall 286s)
  [A10 3/24] c10 storm2 u90 b1.00 r0.25 s301    TWT* rule=3014 m0=2140 m0+sup=2059 rule+sup=2432 or=1882 | util=0.89 r=0.03 orr=0.005  (288s, wall 288s)
  [A10 4/24] c10 storm2 u90 b0.75 r0.50 s302    TWT* rule=2517 m0=1902 m0+sup=1716 rule+sup=1991 or=1604 | util=0.89 r=0.16 orr=0.012  (308s, wall 308s)
  [A10 5/24] c10 storm2 u90 b1.00 r0.25 s302    TWT* rule=3014 m0=2034 m0+sup=1945 rule+sup=2432 or=1882 | util=0.89 r=0.11 orr=0.004  (311s, wall 311s)
  [A10 6/24] c10 storm2 u90 b0.75 r0.50 s301    TWT* rule=2517 m0=1965 m0+sup=1756 rule+sup=1991 or=1604 | util=0.89 r=0.10 orr=0.010  (317s, wall 317s)
  [A10 7/24] c10 storm2 u90 b0.75 r0.25 s303    TWT* rule=2517 m0=1890 m0+sup=1733 rule+sup=2155 or=1604 | util=0.89 r=0.16 orr=0.013  (348s, wall 348s)
  [A10 8/24] c10 storm2 u90 b0.75 r0.50 s303    TWT* rule=2517 m0=1970 m0+sup=1775 rule+sup=1991 or=1604 | util=0.89 r=0.14 orr=0.010  (374s, wall 374s)
  [A10 9/24] c10 storm2 u90 b1.00 r0.25 s303    TWT* rule=3014 m0=2106 m0+sup=1964 rule+sup=2432 or=1882 | util=0.89 r=0.06 orr=0.007  (324s, wall 599s)
  [A10 10/24] c10 storm2 u90 b1.00 r0.50 s301    TWT* rule=3014 m0=1990 m0+sup=1897 rule+sup=2266 or=1882 | util=0.89 r=0.09 orr=0.004  (331s, wall 617s)
  [A10 11/24] c10 storm2 u90 b1.00 r0.50 s302    TWT* rule=3014 m0=1962 m0+sup=1892 rule+sup=2266 or=1882 | util=0.89 r=0.10 orr=0.005  (334s, wall 622s)
  [A10 12/24] c10 storm2 u90 b1.00 r0.50 s303    TWT* rule=3014 m0=2051 m0+sup=1895 rule+sup=2266 or=1882 | util=0.89 r=0.14 orr=0.008  (333s, wall 641s)
  [A10 13/24] c10 storm2 u100 b0.75 r0.25 s301   TWT* rule=7358 m0=3809 m0+sup=3038 rule+sup=5851 or=2329 | util=1.00 r=0.26 orr=0.016  (561s, wall 872s)
  [A10 14/24] c10 storm2 u100 b0.75 r0.25 s303   TWT* rule=7358 m0=3277 m0+sup=2759 rule+sup=5851 or=2329 | util=1.00 r=0.31 orr=0.018  (594s, wall 942s)
  [A10 15/24] c10 storm2 u100 b0.75 r0.25 s302   TWT* rule=7358 m0=3403 m0+sup=2777 rule+sup=5851 or=2329 | util=1.00 r=0.23 orr=0.026  (631s, wall 948s)
  [A10 16/24] c10 storm2 u100 b0.75 r0.50 s301   TWT* rule=7358 m0=3472 m0+sup=2753 rule+sup=4960 or=2329 | util=1.00 r=0.20 orr=0.014  (604s, wall 977s)
  [A10 17/24] c10 storm2 u100 b1.00 r0.25 s302   TWT* rule=8942 m0=2987 m0+sup=2759 rule+sup=7241 or=2564 | util=1.00 r=0.15 orr=0.014  (548s, wall 1189s)
  [A10 18/24] c10 storm2 u100 b0.75 r0.50 s303   TWT* rule=7358 m0=3935 m0+sup=3177 rule+sup=4960 or=2329 | util=1.00 r=0.26 orr=0.011  (574s, wall 1190s)
  [A10 19/24] c10 storm2 u100 b0.75 r0.50 s302   TWT* rule=7358 m0=3359 m0+sup=2819 rule+sup=4960 or=2329 | util=1.00 r=0.23 orr=0.015  (594s, wall 1194s)
  [A10 20/24] c10 storm2 u100 b1.00 r0.25 s301   TWT* rule=8942 m0=2876 m0+sup=2633 rule+sup=7241 or=2564 | util=1.00 r=0.14 orr=0.008  (587s, wall 1209s)
  [A10 21/24] c10 storm2 u100 b1.00 r0.25 s303   TWT* rule=8942 m0=2738 m0+sup=2640 rule+sup=7241 or=2564 | util=1.00 r=0.19 orr=0.003  (515s, wall 1387s)
  [A10 22/24] c10 storm2 u100 b1.00 r0.50 s302   TWT* rule=8942 m0=2845 m0+sup=2681 rule+sup=6409 or=2564 | util=1.00 r=0.11 orr=0.006  (542s, wall 1491s)
  [A10 23/24] c10 storm2 u100 b1.00 r0.50 s301   TWT* rule=8942 m0=2707 m0+sup=2631 rule+sup=6409 or=2564 | util=1.00 r=0.13 orr=0.004  (554s, wall 1497s)
  [A10 24/24] c10 storm2 u100 b1.00 r0.50 s303   TWT* rule=8942 m0=2952 m0+sup=2636 rule+sup=6409 or=2564 | util=1.00 r=0.16 orr=0.004  (545s, wall 1522s)
[gate] wrote /home/ziheng/PaperY3/fm-hitl/results/y3_p4/m0_gate_summary.json
[B] 90 cell-seed tasks, 8 workers -> /home/ziheng/PaperY3/fm-hitl/results/y3_p4/e3_map.csv
  [B 1/90] c9 storm2 u70 b0.00 r0.25 s302     TWT* rule=863 m0=864 m0+sup=857 rule+sup=854 or=854 | util=0.70 r=0.01 orr=0.003  (7s, wall 7s)
  [B 2/90] c9 storm2 u70 b0.50 r0.25 s302     TWT* rule=981 m0=976 m0+sup=977 rule+sup=982 or=975 | util=0.70 r=0.11 orr=0.006  (7s, wall 7s)
  [B 3/90] c9 storm2 u70 b1.00 r0.25 s302     TWT* rule=1012 m0=994 m0+sup=995 rule+sup=1010 or=999 | util=0.70 r=0.18 orr=0.006  (7s, wall 7s)
  [B 4/90] c9 storm2 u70 b1.00 r0.25 s301     TWT* rule=1012 m0=995 m0+sup=996 rule+sup=1010 or=999 | util=0.70 r=0.18 orr=0.006  (7s, wall 7s)
  [B 5/90] c9 storm2 u70 b0.50 r0.25 s303     TWT* rule=981 m0=986 m0+sup=986 rule+sup=982 or=975 | util=0.70 r=0.07 orr=0.009  (7s, wall 7s)
  [B 6/90] c9 storm2 u70 b0.00 r0.25 s303     TWT* rule=863 m0=868 m0+sup=859 rule+sup=854 or=854 | util=0.70 r=0.00 orr=0.001  (7s, wall 7s)
  [B 7/90] c9 storm2 u70 b0.50 r0.25 s301     TWT* rule=981 m0=980 m0+sup=978 rule+sup=982 or=975 | util=0.70 r=0.10 orr=0.005  (7s, wall 7s)
  [B 8/90] c9 storm2 u70 b0.00 r0.25 s301     TWT* rule=863 m0=863 m0+sup=857 rule+sup=854 or=854 | util=0.70 r=0.01 orr=0.002  (7s, wall 7s)
  [B 9/90] c9 storm2 u90 b1.00 r0.25 s301     TWT* rule=1752 m0=1444 m0+sup=1432 rule+sup=1619 or=1432 | util=0.91 r=0.29 orr=0.014 CACHED (27s, wall 7s)
  [B 10/90] c9 storm2 u90 b1.00 r0.25 s302     TWT* rule=1752 m0=1426 m0+sup=1421 rule+sup=1619 or=1432 | util=0.91 r=0.28 orr=0.014 CACHED (26s, wall 7s)
  [B 11/90] c9 storm2 u90 b1.00 r0.25 s303     TWT* rule=1752 m0=1426 m0+sup=1412 rule+sup=1619 or=1432 | util=0.91 r=0.28 orr=0.010 CACHED (26s, wall 7s)
  [B 12/90] c9 storm2 u70 b1.00 r0.25 s303     TWT* rule=1012 m0=1001 m0+sup=1000 rule+sup=1010 or=999 | util=0.70 r=0.18 orr=0.006  (6s, wall 13s)
  [B 13/90] c9 storm2 u90 b0.00 r0.25 s301     TWT* rule=1203 m0=1206 m0+sup=1118 rule+sup=1117 or=1090 | util=0.91 r=0.01 orr=0.024  (23s, wall 30s)
  [B 14/90] c9 storm2 u90 b0.00 r0.25 s302     TWT* rule=1203 m0=1195 m0+sup=1108 rule+sup=1117 or=1090 | util=0.91 r=0.00 orr=0.022  (23s, wall 30s)
  [B 15/90] c9 storm2 u90 b0.00 r0.25 s303     TWT* rule=1203 m0=1209 m0+sup=1124 rule+sup=1117 or=1090 | util=0.91 r=0.02 orr=0.023  (23s, wall 30s)
  [B 16/90] c9 storm2 u90 b0.50 r0.25 s302     TWT* rule=1658 m0=1479 m0+sup=1419 rule+sup=1572 or=1416 | util=0.91 r=0.24 orr=0.025  (23s, wall 30s)
  [B 17/90] c9 storm2 u90 b0.50 r0.25 s303     TWT* rule=1658 m0=1543 m0+sup=1443 rule+sup=1572 or=1416 | util=0.91 r=0.21 orr=0.027  (23s, wall 30s)
  [B 18/90] c9 storm2 u100 b1.00 r0.25 s301    TWT* rule=3645 m0=1998 m0+sup=1831 rule+sup=2693 or=1815 | util=1.00 r=0.32 orr=0.021 CACHED (40s, wall 30s)
  [B 19/90] c9 storm2 u100 b1.00 r0.25 s302    TWT* rule=3645 m0=2001 m0+sup=1860 rule+sup=2693 or=1815 | util=1.00 r=0.39 orr=0.018 CACHED (41s, wall 30s)
  [B 20/90] c9 storm2 u100 b1.00 r0.25 s303    TWT* rule=3645 m0=2096 m0+sup=1898 rule+sup=2693 or=1815 | util=1.00 r=0.41 orr=0.028 CACHED (41s, wall 30s)
  [B 21/90] c9 storm2 u90 b0.50 r0.25 s301     TWT* rule=1658 m0=1517 m0+sup=1436 rule+sup=1572 or=1416 | util=0.91 r=0.23 orr=0.022  (23s, wall 30s)
  [B 22/90] c9 storm2 u100 b0.00 r0.25 s301    TWT* rule=1767 m0=1764 m0+sup=1425 rule+sup=1425 or=1266 | util=1.00 r=0.00 orr=0.052  (34s, wall 41s)
  [B 23/90] c9 storm2 u100 b0.00 r0.25 s302    TWT* rule=1767 m0=1786 m0+sup=1423 rule+sup=1425 or=1266 | util=1.00 r=0.00 orr=0.050  (34s, wall 47s)
  [B 24/90] c9 storm2 u100 b0.00 r0.25 s303    TWT* rule=1767 m0=1808 m0+sup=1426 rule+sup=1425 or=1266 | util=1.00 r=0.00 orr=0.050  (34s, wall 64s)
  [B 25/90] c9 storm2 u100 b0.50 r0.25 s301    TWT* rule=2796 m0=2014 m0+sup=1729 rule+sup=2064 or=1651 | util=1.00 r=0.36 orr=0.045  (35s, wall 65s)
  [B 26/90] c9 storm2 u100 b0.50 r0.25 s302    TWT* rule=2796 m0=2173 m0+sup=1747 rule+sup=2064 or=1651 | util=1.00 r=0.33 orr=0.041  (35s, wall 65s)
  [B 27/90] c9 storm2 u100 b0.50 r0.25 s303    TWT* rule=2796 m0=1992 m0+sup=1729 rule+sup=2064 or=1651 | util=1.00 r=0.40 orr=0.051  (35s, wall 65s)
  [B 28/90] c9 storm2 u110 b0.00 r0.25 s301    TWT* rule=2735 m0=2631 m0+sup=1881 rule+sup=1836 or=1340 | util=1.11 r=0.00 orr=0.070  (44s, wall 75s)
  [B 29/90] c9 storm2 u110 b0.00 r0.25 s302    TWT* rule=2735 m0=2583 m0+sup=1751 rule+sup=1836 or=1340 | util=1.11 r=-0.00 orr=0.067  (45s, wall 75s)
  [B 30/90] c9 storm2 u110 b0.00 r0.25 s303    TWT* rule=2735 m0=2702 m0+sup=1845 rule+sup=1836 or=1340 | util=1.11 r=0.00 orr=0.070  (45s, wall 86s)
  [B 31/90] c9 storm2 u110 b0.50 r0.25 s301    TWT* rule=4374 m0=2625 m0+sup=1980 rule+sup=2915 or=1778 | util=1.11 r=0.47 orr=0.059  (49s, wall 95s)
  [B 32/90] c9 storm2 u110 b0.50 r0.25 s302    TWT* rule=4374 m0=2437 m0+sup=1939 rule+sup=2915 or=1778 | util=1.11 r=0.41 orr=0.055  (49s, wall 113s)
  [B 33/90] c9 storm2 u110 b0.50 r0.25 s303    TWT* rule=4374 m0=2523 m0+sup=2012 rule+sup=2915 or=1778 | util=1.11 r=0.39 orr=0.058  (49s, wall 114s)
  [B 34/90] c9 storm2 u110 b1.00 r0.25 s302    TWT* rule=6252 m0=1886 m0+sup=1837 rule+sup=4666 or=1840 | util=1.11 r=0.49 orr=0.042  (49s, wall 115s)
  [B 35/90] c9 storm2 u110 b1.00 r0.25 s301    TWT* rule=6252 m0=1997 m0+sup=1858 rule+sup=4666 or=1840 | util=1.11 r=0.50 orr=0.028  (50s, wall 115s)
  [B 36/90] c9 storm2 u110 b1.00 r0.25 s303    TWT* rule=6252 m0=2018 m0+sup=1873 rule+sup=4666 or=1840 | util=1.11 r=0.45 orr=0.034  (50s, wall 124s)
  [B 37/90] c9 storm2 u130 b0.00 r0.25 s301    TWT* rule=6106 m0=5127 m0+sup=2272 rule+sup=2403 or=1254 | util=1.30 r=-0.00 orr=0.110  (83s, wall 158s)
  [B 38/90] c9 storm2 u130 b0.00 r0.25 s302    TWT* rule=6106 m0=5305 m0+sup=2324 rule+sup=2403 or=1254 | util=1.30 r=-0.01 orr=0.108  (83s, wall 170s)
  [B 39/90] c9 storm2 u130 b0.00 r0.25 s303    TWT* rule=6106 m0=5197 m0+sup=2109 rule+sup=2403 or=1254 | util=1.30 r=-0.01 orr=0.105  (83s, wall 178s)
  [B 40/90] c10 storm2 u70 b0.00 r0.25 s301    TWT* rule=786 m0=785 m0+sup=784 rule+sup=784 or=784 | util=0.70 r=-0.00 orr=0.002  (33s, wall 203s)
  [B 41/90] c9 storm2 u130 b0.50 r0.25 s301    TWT* rule=11107 m0=4419 m0+sup=2262 rule+sup=5156 or=1686 | util=1.30 r=0.47 orr=0.079  (92s, wall 205s)
  [B 42/90] c9 storm2 u130 b0.50 r0.25 s303    TWT* rule=11107 m0=5188 m0+sup=2437 rule+sup=5156 or=1686 | util=1.30 r=0.46 orr=0.089  (92s, wall 207s)
  [B 43/90] c9 storm2 u130 b0.50 r0.25 s302    TWT* rule=11107 m0=4071 m0+sup=2126 rule+sup=5156 or=1686 | util=1.30 r=0.48 orr=0.084  (93s, wall 207s)
  [B 44/90] c9 storm2 u130 b1.00 r0.25 s301    TWT* rule=17721 m0=2223 m0+sup=1980 rule+sup=9824 or=1857 | util=1.30 r=0.55 orr=0.028  (94s, wall 209s)
  [B 45/90] c10 storm2 u70 b0.00 r0.25 s302    TWT* rule=786 m0=791 m0+sup=785 rule+sup=784 or=784 | util=0.70 r=-0.00 orr=0.001  (34s, wall 212s)
  [B 46/90] c9 storm2 u130 b1.00 r0.25 s302    TWT* rule=17721 m0=2494 m0+sup=2028 rule+sup=9824 or=1857 | util=1.30 r=0.51 orr=0.064  (93s, wall 218s)
  [B 47/90] c10 storm2 u70 b0.00 r0.25 s303    TWT* rule=786 m0=794 m0+sup=786 rule+sup=784 or=784 | util=0.70 r=-0.01 orr=0.002  (33s, wall 236s)
  [B 48/90] c10 storm2 u70 b0.50 r0.25 s301    TWT* rule=1182 m0=1181 m0+sup=1177 rule+sup=1180 or=1174 | util=0.70 r=0.00 orr=0.003  (33s, wall 238s)
  [B 49/90] c10 storm2 u70 b0.50 r0.25 s302    TWT* rule=1182 m0=1179 m0+sup=1179 rule+sup=1180 or=1174 | util=0.70 r=-0.01 orr=0.004  (33s, wall 240s)
  [B 50/90] c10 storm2 u70 b0.50 r0.25 s303    TWT* rule=1182 m0=1179 m0+sup=1179 rule+sup=1180 or=1174 | util=0.70 r=0.00 orr=0.003  (33s, wall 240s)
  [B 51/90] c10 storm2 u70 b1.00 r0.25 s301    TWT* rule=1448 m0=1447 m0+sup=1446 rule+sup=1447 or=1451 | util=0.70 r=0.03 orr=0.002  (33s, wall 242s)
  [B 52/90] c10 storm2 u70 b1.00 r0.25 s302    TWT* rule=1448 m0=1446 m0+sup=1447 rule+sup=1447 or=1451 | util=0.70 r=0.01 orr=0.001  (33s, wall 244s)
  [B 53/90] c10 storm2 u70 b1.00 r0.25 s303    TWT* rule=1448 m0=1446 m0+sup=1448 rule+sup=1447 or=1451 | util=0.70 r=0.03 orr=0.001  (33s, wall 250s)
  [B 54/90] c10 storm2 u90 b1.00 r0.25 s301    TWT* rule=3014 m0=2140 m0+sup=2059 rule+sup=2432 or=1882 | util=0.89 r=0.03 orr=0.005 CACHED (288s, wall 250s)
  [B 55/90] c10 storm2 u90 b1.00 r0.25 s302    TWT* rule=3014 m0=2034 m0+sup=1945 rule+sup=2432 or=1882 | util=0.89 r=0.11 orr=0.004 CACHED (311s, wall 250s)
  [B 56/90] c10 storm2 u90 b1.00 r0.25 s303    TWT* rule=3014 m0=2106 m0+sup=1964 rule+sup=2432 or=1882 | util=0.89 r=0.06 orr=0.007 CACHED (324s, wall 250s)
  [B 57/90] c9 storm2 u130 b1.00 r0.25 s303    TWT* rule=17721 m0=2301 m0+sup=2027 rule+sup=9824 or=1857 | util=1.30 r=0.55 orr=0.030  (94s, wall 252s)
  [B 58/90] c10 storm2 u90 b0.00 r0.25 s301    TWT* rule=1733 m0=1773 m0+sup=1271 rule+sup=1248 or=1110 | util=0.89 r=-0.01 orr=0.013  (251s, wall 487s)
  [B 59/90] c10 storm2 u90 b0.00 r0.25 s303    TWT* rule=1733 m0=1681 m0+sup=1294 rule+sup=1248 or=1110 | util=0.89 r=0.00 orr=0.012  (250s, wall 489s)
  [B 60/90] c10 storm2 u90 b0.00 r0.25 s302    TWT* rule=1733 m0=1683 m0+sup=1260 rule+sup=1248 or=1110 | util=0.89 r=0.00 orr=0.013  (252s, wall 490s)
  [B 61/90] c10 storm2 u90 b0.50 r0.25 s303    TWT* rule=2382 m0=2044 m0+sup=1891 rule+sup=2040 or=1540 | util=0.89 r=0.03 orr=0.015  (247s, wall 491s)
  [B 62/90] c10 storm2 u90 b0.50 r0.25 s301    TWT* rule=2382 m0=1972 m0+sup=1789 rule+sup=2040 or=1540 | util=0.89 r=0.06 orr=0.013  (253s, wall 493s)
  [B 63/90] c10 storm2 u100 b1.00 r0.25 s301   TWT* rule=8942 m0=2876 m0+sup=2633 rule+sup=7241 or=2564 | util=1.00 r=0.14 orr=0.008 CACHED (587s, wall 493s)
  [B 64/90] c10 storm2 u100 b1.00 r0.25 s302   TWT* rule=8942 m0=2987 m0+sup=2759 rule+sup=7241 or=2564 | util=1.00 r=0.15 orr=0.014 CACHED (548s, wall 493s)
  [B 65/90] c10 storm2 u100 b1.00 r0.25 s303   TWT* rule=8942 m0=2738 m0+sup=2640 rule+sup=7241 or=2564 | util=1.00 r=0.19 orr=0.003 CACHED (515s, wall 493s)
  [B 66/90] c10 storm2 u90 b0.50 r0.25 s302    TWT* rule=2382 m0=2035 m0+sup=1794 rule+sup=2040 or=1540 | util=0.89 r=0.12 orr=0.012  (252s, wall 494s)
  [B 67/90] c10 storm2 u100 b0.00 r0.25 s301   TWT* rule=3873 m0=3318 m0+sup=2503 rule+sup=2639 or=1781 | util=1.00 r=-0.00 orr=0.029  (466s, wall 717s)
  [B 68/90] c10 storm2 u100 b0.00 r0.25 s302   TWT* rule=3873 m0=3361 m0+sup=2556 rule+sup=2639 or=1781 | util=1.00 r=-0.00 orr=0.031  (481s, wall 733s)
  [B 69/90] c10 storm2 u100 b0.00 r0.25 s303   TWT* rule=3873 m0=3442 m0+sup=2593 rule+sup=2639 or=1781 | util=1.00 r=-0.00 orr=0.028  (461s, wall 948s)
  [B 70/90] c10 storm2 u100 b0.50 r0.25 s302   TWT* rule=6418 m0=3772 m0+sup=3060 rule+sup=5014 or=2182 | util=1.00 r=0.19 orr=0.023  (471s, wall 961s)
  [B 71/90] c10 storm2 u100 b0.50 r0.25 s303   TWT* rule=6418 m0=3500 m0+sup=2858 rule+sup=5014 or=2182 | util=1.00 r=0.25 orr=0.020  (473s, wall 964s)
  [B 72/90] c10 storm2 u100 b0.50 r0.25 s301   TWT* rule=6418 m0=3753 m0+sup=2944 rule+sup=5014 or=2182 | util=1.00 r=0.20 orr=0.036  (484s, wall 974s)
  [B 73/90] c10 storm2 u110 b0.00 r0.25 s302   TWT* rule=8335 m0=6257 m0+sup=3664 rule+sup=4159 or=1615 | util=1.08 r=-0.01 orr=0.055  (802s, wall 1296s)
  [B 74/90] c10 storm2 u110 b0.00 r0.25 s301   TWT* rule=8335 m0=6243 m0+sup=3556 rule+sup=4159 or=1615 | util=1.08 r=0.00 orr=0.057  (813s, wall 1306s)
  [B 75/90] c10 storm2 u110 b0.00 r0.25 s303   TWT* rule=8335 m0=6094 m0+sup=3617 rule+sup=4159 or=1615 | util=1.08 r=-0.00 orr=0.056  (791s, wall 1508s)
  [B 76/90] c10 storm2 u110 b0.50 r0.25 s301   TWT* rule=15631 m0=5836 m0+sup=3629 rule+sup=9641 or=2116 | util=1.08 r=0.26 orr=0.044  (863s, wall 1596s)
  [B 77/90] c10 storm2 u110 b0.50 r0.25 s302   TWT* rule=15631 m0=7225 m0+sup=4471 rule+sup=9641 or=2116 | util=1.08 r=0.24 orr=0.049  (850s, wall 1799s)
  [B 78/90] c10 storm2 u110 b0.50 r0.25 s303   TWT* rule=15631 m0=5134 m0+sup=3037 rule+sup=9641 or=2116 | util=1.08 r=0.31 orr=0.042  (858s, wall 1820s)
  [B 79/90] c10 storm2 u110 b1.00 r0.25 s301   TWT* rule=22839 m0=2866 m0+sup=2700 rule+sup=15725 or=2580 | util=1.08 r=0.27 orr=0.009  (943s, wall 1907s)
  [B 80/90] c10 storm2 u110 b1.00 r0.25 s302   TWT* rule=22839 m0=2933 m0+sup=2722 rule+sup=15725 or=2580 | util=1.08 r=0.26 orr=0.016  (969s, wall 1943s)
  [B 81/90] c10 storm2 u110 b1.00 r0.25 s303   TWT* rule=22839 m0=2948 m0+sup=2722 rule+sup=15725 or=2580 | util=1.08 r=0.23 orr=0.006  (949s, wall 2245s)
  [B 82/90] c10 storm2 u130 b0.00 r0.25 s301   TWT* rule=32173 m0=22461 m0+sup=10203 rule+sup=11527 or=1813 | util=1.29 r=0.01 orr=0.092  (1557s, wall 2862s)
  [B 83/90] c10 storm2 u130 b0.00 r0.25 s302   TWT* rule=32173 m0=21535 m0+sup=9692 rule+sup=11527 or=1813 | util=1.29 r=0.01 orr=0.096  (1618s, wall 3126s)
  [B 84/90] c10 storm2 u130 b0.00 r0.25 s303   TWT* rule=32173 m0=20522 m0+sup=8957 rule+sup=11527 or=1813 | util=1.29 r=0.01 orr=0.096  (1633s, wall 3229s)
  [B 85/90] c10 storm2 u130 b0.50 r0.25 s302   TWT* rule=62994 m0=19084 m0+sup=8778 rule+sup=31179 or=2900 | util=1.29 r=0.40 orr=0.082  (1989s, wall 3809s)
  [B 86/90] c10 storm2 u130 b0.50 r0.25 s301   TWT* rule=62994 m0=18736 m0+sup=8099 rule+sup=31179 or=2900 | util=1.29 r=0.41 orr=0.084  (2030s, wall 3828s)
  [B 87/90] c10 storm2 u130 b0.50 r0.25 s303   TWT* rule=62994 m0=19433 m0+sup=8379 rule+sup=31179 or=2900 | util=1.29 r=0.39 orr=0.086  (2055s, wall 3962s)
  [B 88/90] c10 storm2 u130 b1.00 r0.25 s301   TWT* rule=96719 m0=5578 m0+sup=4729 rule+sup=58918 or=4367 | util=1.29 r=0.45 orr=0.017  (2373s, wall 4316s)
  [B 89/90] c10 storm2 u130 b1.00 r0.25 s302   TWT* rule=96719 m0=6417 m0+sup=4916 rule+sup=58918 or=4367 | util=1.29 r=0.41 orr=0.015  (2322s, wall 4566s)
  [B 90/90] c10 storm2 u130 b1.00 r0.25 s303   TWT* rule=96719 m0=5763 m0+sup=4865 rule+sup=58918 or=4367 | util=1.29 r=0.43 orr=0.019  (2273s, wall 5136s)
[e3] wrote /home/ziheng/PaperY3/fm-hitl/results/y3_p4/e3_map_summary.json
[y3_p4] part=all complete.
